Archive member included to satisfy reference by file (symbol)

../system/src/cmsis/DSP/Lib/GCC\libarm_cortexM4lf_math.a(arm_biquad_cascade_df1_init_f32.o)
                              ./src/main.o (arm_biquad_cascade_df1_init_f32)
../system/src/cmsis/DSP/Lib/GCC\libarm_cortexM4lf_math.a(arm_biquad_cascade_df1_f32.o)
                              ./src/main.o (arm_biquad_cascade_df1_f32)
c:/users/zoy_r/appdata/roaming/xpacks/arm-none-eabi-gcc/10.3.1-2.3/bin/../lib/gcc/arm-none-eabi/10.3.1/thumb/v7e-m+fp/hard\libgcc.a(_arm_muldf3.o)
                              ./src/main.o (__aeabi_dmul)
c:/users/zoy_r/appdata/roaming/xpacks/arm-none-eabi-gcc/10.3.1-2.3/bin/../lib/gcc/arm-none-eabi/10.3.1/thumb/v7e-m+fp/hard\libgcc.a(_arm_addsubdf3.o)
                              ./src/main.o (__aeabi_i2d)
c:/users/zoy_r/appdata/roaming/xpacks/arm-none-eabi-gcc/10.3.1-2.3/bin/../lib/gcc/arm-none-eabi/10.3.1/thumb/v7e-m+fp/hard\libgcc.a(_arm_fixdfsi.o)
                              ./src/main.o (__aeabi_d2iz)
c:/users/zoy_r/appdata/roaming/xpacks/arm-none-eabi-gcc/10.3.1-2.3/bin/../lib/gcc/arm-none-eabi/10.3.1/thumb/v7e-m+fp/hard\libgcc.a(_arm_truncdfsf2.o)
                              ./src/main.o (__aeabi_d2f)
c:/users/zoy_r/appdata/roaming/xpacks/arm-none-eabi-gcc/10.3.1-2.3/bin/../lib/gcc/arm-none-eabi/10.3.1/../../../../arm-none-eabi/lib/thumb/v7e-m+fp/hard\libg_nano.a(lib_a-ctype_.o)
                              ./system/src/newlib/_syscalls.o (_ctype_)
c:/users/zoy_r/appdata/roaming/xpacks/arm-none-eabi-gcc/10.3.1-2.3/bin/../lib/gcc/arm-none-eabi/10.3.1/../../../../arm-none-eabi/lib/thumb/v7e-m+fp/hard\libg_nano.a(lib_a-errno.o)
                              ./system/src/newlib/_sbrk.o (__errno)
c:/users/zoy_r/appdata/roaming/xpacks/arm-none-eabi-gcc/10.3.1-2.3/bin/../lib/gcc/arm-none-eabi/10.3.1/../../../../arm-none-eabi/lib/thumb/v7e-m+fp/hard\libg_nano.a(lib_a-findfp.o)
                              ./system/src/newlib/_syscalls.o (__sinit)
c:/users/zoy_r/appdata/roaming/xpacks/arm-none-eabi-gcc/10.3.1-2.3/bin/../lib/gcc/arm-none-eabi/10.3.1/../../../../arm-none-eabi/lib/thumb/v7e-m+fp/hard\libg_nano.a(lib_a-fwalk.o)
                              c:/users/zoy_r/appdata/roaming/xpacks/arm-none-eabi-gcc/10.3.1-2.3/bin/../lib/gcc/arm-none-eabi/10.3.1/../../../../arm-none-eabi/lib/thumb/v7e-m+fp/hard\libg_nano.a(lib_a-findfp.o) (_fwalk)
c:/users/zoy_r/appdata/roaming/xpacks/arm-none-eabi-gcc/10.3.1-2.3/bin/../lib/gcc/arm-none-eabi/10.3.1/../../../../arm-none-eabi/lib/thumb/v7e-m+fp/hard\libg_nano.a(lib_a-getchar.o)
                              ./src/utils.o (getchar)
c:/users/zoy_r/appdata/roaming/xpacks/arm-none-eabi-gcc/10.3.1-2.3/bin/../lib/gcc/arm-none-eabi/10.3.1/../../../../arm-none-eabi/lib/thumb/v7e-m+fp/hard\libg_nano.a(lib_a-getc.o)
                              c:/users/zoy_r/appdata/roaming/xpacks/arm-none-eabi-gcc/10.3.1-2.3/bin/../lib/gcc/arm-none-eabi/10.3.1/../../../../arm-none-eabi/lib/thumb/v7e-m+fp/hard\libg_nano.a(lib_a-getchar.o) (_getc_r)
c:/users/zoy_r/appdata/roaming/xpacks/arm-none-eabi-gcc/10.3.1-2.3/bin/../lib/gcc/arm-none-eabi/10.3.1/../../../../arm-none-eabi/lib/thumb/v7e-m+fp/hard\libg_nano.a(lib_a-impure.o)
                              c:/users/zoy_r/appdata/roaming/xpacks/arm-none-eabi-gcc/10.3.1-2.3/bin/../lib/gcc/arm-none-eabi/10.3.1/../../../../arm-none-eabi/lib/thumb/v7e-m+fp/hard\libg_nano.a(lib_a-findfp.o) (_global_impure_ptr)
c:/users/zoy_r/appdata/roaming/xpacks/arm-none-eabi-gcc/10.3.1-2.3/bin/../lib/gcc/arm-none-eabi/10.3.1/../../../../arm-none-eabi/lib/thumb/v7e-m+fp/hard\libg_nano.a(lib_a-lock.o)
                              c:/users/zoy_r/appdata/roaming/xpacks/arm-none-eabi-gcc/10.3.1-2.3/bin/../lib/gcc/arm-none-eabi/10.3.1/../../../../arm-none-eabi/lib/thumb/v7e-m+fp/hard\libg_nano.a(lib_a-findfp.o) (__retarget_lock_init_recursive)
c:/users/zoy_r/appdata/roaming/xpacks/arm-none-eabi-gcc/10.3.1-2.3/bin/../lib/gcc/arm-none-eabi/10.3.1/../../../../arm-none-eabi/lib/thumb/v7e-m+fp/hard\libg_nano.a(lib_a-memset.o)
                              ./system/src/newlib/_syscalls.o (memset)
c:/users/zoy_r/appdata/roaming/xpacks/arm-none-eabi-gcc/10.3.1-2.3/bin/../lib/gcc/arm-none-eabi/10.3.1/../../../../arm-none-eabi/lib/thumb/v7e-m+fp/hard\libg_nano.a(lib_a-nano-mallocr.o)
                              c:/users/zoy_r/appdata/roaming/xpacks/arm-none-eabi-gcc/10.3.1-2.3/bin/../lib/gcc/arm-none-eabi/10.3.1/../../../../arm-none-eabi/lib/thumb/v7e-m+fp/hard\libg_nano.a(lib_a-findfp.o) (_malloc_r)
c:/users/zoy_r/appdata/roaming/xpacks/arm-none-eabi-gcc/10.3.1-2.3/bin/../lib/gcc/arm-none-eabi/10.3.1/../../../../arm-none-eabi/lib/thumb/v7e-m+fp/hard\libg_nano.a(lib_a-nano-vfprintf_float.o)
                              (_printf_float)
c:/users/zoy_r/appdata/roaming/xpacks/arm-none-eabi-gcc/10.3.1-2.3/bin/../lib/gcc/arm-none-eabi/10.3.1/../../../../arm-none-eabi/lib/thumb/v7e-m+fp/hard\libg_nano.a(lib_a-nano-vfprintf_i.o)
[...]
Memory Configuration

Name             Origin             Length             Attributes
RAM              0x0000000020000000 0x0000000000020000 xrw
CCMRAM           0x0000000010000000 0x0000000000010000 xrw
FLASH            0x0000000008000000 0x0000000000100000 xr
FLASHB1          0x0000000000000000 0x0000000000000000 xr
EXTMEMB0         0x0000000000000000 0x0000000000000000 xr
EXTMEMB1         0x0000000000000000 0x0000000000000000 xr
EXTMEMB2         0x0000000000000000 0x0000000000000000 xr
EXTMEMB3         0x0000000000000000 0x0000000000000000 xr
MEMORY_ARRAY     0x0000000020002000 0x0000000000000020 xrw
*default*        0x0000000000000000 0xffffffffffffffff

Linker script and memory map

LOAD ./system/src/stm32f4_discovery/stm32f4_discovery.o
LOAD ./system/src/stm32f4_discovery/stm32f4_discovery_accelerometer.o
LOAD ./system/src/stm32f4-hal/stm32f4xx_hal.o
LOAD ./system/src/stm32f4-hal/stm32f4xx_hal_cortex.o
LOAD ./system/src/stm32f4-hal/stm32f4xx_hal_dfsdm.o
LOAD ./system/src/stm32f4-hal/stm32f4xx_hal_dma.o
LOAD ./system/src/stm32f4-hal/stm32f4xx_hal_flash.o
LOAD ./system/src/stm32f4-hal/stm32f4xx_hal_gpio.o
LOAD ./system/src/stm32f4-hal/stm32f4xx_hal_i2s.o
LOAD ./system/src/stm32f4-hal/stm32f4xx_hal_i2s_ex.o
LOAD ./system/src/stm32f4-hal/stm32f4xx_hal_iwdg.o
LOAD ./system/src/stm32f4-hal/stm32f4xx_hal_pwr.o
LOAD ./system/src/stm32f4-hal/stm32f4xx_hal_rcc.o
LOAD ./system/src/stm32f4-hal/stm32f4xx_hal_rcc_ex.o
LOAD ./system/src/stm32f4-hal/stm32f4xx_hal_spi.o
LOAD ./system/src/newlib/_cxx.o
LOAD ./system/src/newlib/_exit.o
LOAD ./system/src/newlib/_sbrk.o
LOAD ./system/src/newlib/_startup.o
LOAD ./system/src/newlib/_syscalls.o
LOAD ./system/src/newlib/assert.o
LOAD ./system/src/diag/Trace.o
LOAD ./system/src/diag/trace_impl.o
LOAD ./system/src/cortexm/_initialize_hardware.o
LOAD ./system/src/cortexm/_reset_hardware.o
LOAD ./system/src/cortexm/exception_handlers.o
LOAD ./system/src/cmsis/system_stm32f4xx.o
LOAD ./system/src/cmsis/vectors_stm32f407xx.o
LOAD ./system/src/Components/wm5102/wm5102.o
LOAD ./system/src/Components/lis3dsh/lis3dsh.o
LOAD ./system/src/Components/lis302dl/lis302dl.o
LOAD ./src/_initialize_hardware.o
LOAD ./src/_write.o
LOAD ./src/dwt.o
LOAD ./src/main.o
LOAD ./src/stm32f4xx_hal_msp.o
LOAD ./src/stm32f4xx_it.o
LOAD ./src/tests.o
LOAD ./src/utils.o
LOAD ./src/wolfson_pi_audio.o
LOAD ../system/src/cmsis/DSP/Lib/GCC\libarm_cortexM4lf_math.a
LOAD c:/users/zoy_r/appdata/roaming/xpacks/arm-none-eabi-gcc/10.3.1-2.3/bin/../lib/gcc/arm-none-eabi/10.3.1/../../../../arm-none-eabi/lib/thumb/v7e-m+fp/hard\libstdc++_nano.a
LOAD c:/users/zoy_r/appdata/roaming/xpacks/arm-none-eabi-gcc/10.3.1-2.3/bin/../lib/gcc/arm-none-eabi/10.3.1/../../../../arm-none-eabi/lib/thumb/v7e-m+fp/hard\libm.a
START GROUP
LOAD c:/users/zoy_r/appdata/roaming/xpacks/arm-none-eabi-gcc/10.3.1-2.3/bin/../lib/gcc/arm-none-eabi/10.3.1/thumb/v7e-m+fp/hard\libgcc.a
LOAD c:/users/zoy_r/appdata/roaming/xpacks/arm-none-eabi-gcc/10.3.1-2.3/bin/../lib/gcc/arm-none-eabi/10.3.1/../../../../arm-none-eabi/lib/thumb/v7e-m+fp/hard\libg_nano.a
LOAD c:/users/zoy_r/appdata/roaming/xpacks/arm-none-eabi-gcc/10.3.1-2.3/bin/../lib/gcc/arm-none-eabi/10.3.1/../../../../arm-none-eabi/lib/thumb/v7e-m+fp/hard\libc_nano.a
END GROUP
START GROUP
LOAD c:/users/zoy_r/appdata/roaming/xpacks/arm-none-eabi-gcc/10.3.1-2.3/bin/../lib/gcc/arm-none-eabi/10.3.1/thumb/v7e-m+fp/hard\libgcc.a
LOAD c:/users/zoy_r/appdata/roaming/xpacks/arm-none-eabi-gcc/10.3.1-2.3/bin/../lib/gcc/arm-none-eabi/10.3.1/../../../../arm-none-eabi/lib/thumb/v7e-m+fp/hard\libc_nano.a
END GROUP
                0x0000000020020000                __stack = (ORIGIN (RAM) + LENGTH (RAM))
                0x0000000020020000                _estack = __stack
                0x0000000000000400                __Main_Stack_Size = 0x400
                [!provide]                        PROVIDE (_Main_Stack_Size = __Main_Stack_Size)
                0x000000002001fc00                __Main_Stack_Limit = (__stack - __Main_Stack_Size)
                [!provide]                        PROVIDE (_Main_Stack_Limit = __Main_Stack_Limit)
                0x0000000000000100                _Minimum_Stack_Size = 0x100
                0x000000002000469c                PROVIDE (_Heap_Begin = _end_noinit)
                0x000000002001fc00                PROVIDE (_Heap_Limit = (__stack - __Main_Stack_Size))

.isr_vector     0x0000000008000000      0x3e8
 FILL mask 0xff
                0x0000000008000000                __vectors_start = ABSOLUTE (.)
                0x0000000008000000                __vectors_start__ = ABSOLUTE (.)
 *(.isr_vector)
 .isr_vector    0x0000000008000000      0x188 ./system/src/cmsis/vectors_stm32f407xx.o
                0x0000000008000000                __isr_vectors
 *(.cfmconfig)
 *(.after_vectors .after_vectors.*)
 .after_vectors
                0x0000000008000188      0x130 ./system/src/newlib/_startup.o
                0x0000000008000188                _start
 .after_vectors
                0x00000000080002b8      0x12c ./system/src/cortexm/exception_handlers.o
                0x00000000080002b8                Reset_Handler
                0x00000000080002d6                HardFault_Handler_C
                0x000000000800034c                BusFault_Handler_C
                0x0000000008000394                UsageFault_Handler_C
 .after_vectors
                0x00000000080003e4        0x4 ./system/src/cmsis/vectors_stm32f407xx.o
                0x00000000080003e4                RTC_Alarm_IRQHandler
                0x00000000080003e4                HASH_RNG_IRQHandler
                0x00000000080003e4                EXTI2_IRQHandler
                0x00000000080003e4                TIM8_CC_IRQHandler
                0x00000000080003e4                TIM1_CC_IRQHandler
                0x00000000080003e4                DMA2_Stream5_IRQHandler
                0x00000000080003e4                PVD_IRQHandler
                0x00000000080003e4                SDIO_IRQHandler
                0x00000000080003e4                TAMP_STAMP_IRQHandler
                0x00000000080003e4                CAN2_RX1_IRQHandler
                0x00000000080003e4                EXTI3_IRQHandler
                0x00000000080003e4                TIM8_TRG_COM_TIM14_IRQHandler
                0x00000000080003e4                TIM1_UP_TIM10_IRQHandler
                0x00000000080003e4                TIM8_UP_TIM13_IRQHandler
                0x00000000080003e4                I2C3_ER_IRQHandler
                0x00000000080003e4                I2C2_EV_IRQHandler
                0x00000000080003e4                DMA1_Stream2_IRQHandler
                0x00000000080003e4                CAN1_RX0_IRQHandler
                0x00000000080003e4                FPU_IRQHandler
                0x00000000080003e4                OTG_HS_WKUP_IRQHandler
                0x00000000080003e4                CAN2_SCE_IRQHandler
                0x00000000080003e4                DMA2_Stream2_IRQHandler
                0x00000000080003e4                SPI1_IRQHandler
                0x00000000080003e4                TIM6_DAC_IRQHandler
                0x00000000080003e4                TIM1_BRK_TIM9_IRQHandler
                0x00000000080003e4                DCMI_IRQHandler
                0x00000000080003e4                CAN2_RX0_IRQHandler
                0x00000000080003e4                DMA2_Stream3_IRQHandler
                0x00000000080003e4                USART6_IRQHandler
                0x00000000080003e4                USART3_IRQHandler
                0x00000000080003e4                CAN1_RX1_IRQHandler
                0x00000000080003e4                UART5_IRQHandler
                0x00000000080003e4                DMA2_Stream0_IRQHandler
                0x00000000080003e4                TIM4_IRQHandler
                0x00000000080003e4                I2C1_EV_IRQHandler
                0x00000000080003e4                DMA1_Stream6_IRQHandler
                0x00000000080003e4                DMA1_Stream1_IRQHandler
                0x00000000080003e4                UART4_IRQHandler
                0x00000000080003e4                TIM3_IRQHandler
                0x00000000080003e4                RCC_IRQHandler
                0x00000000080003e4                TIM8_BRK_TIM12_IRQHandler
                0x00000000080003e4                Default_Handler
                0x00000000080003e4                EXTI15_10_IRQHandler
                0x00000000080003e4                ADC_IRQHandler
                0x00000000080003e4                DMA1_Stream7_IRQHandler
                0x00000000080003e4                TIM7_IRQHandler
                0x00000000080003e4                CAN2_TX_IRQHandler
                0x00000000080003e4                TIM5_IRQHandler
                0x00000000080003e4                DMA2_Stream7_IRQHandler
                0x00000000080003e4                I2C3_EV_IRQHandler
                0x00000000080003e4                EXTI9_5_IRQHandler
                0x00000000080003e4                RTC_WKUP_IRQHandler
                0x00000000080003e4                ETH_WKUP_IRQHandler
                0x00000000080003e4                SPI2_IRQHandler
                0x00000000080003e4                OTG_HS_EP1_IN_IRQHandler
                0x00000000080003e4                CAN1_TX_IRQHandler
                0x00000000080003e4                EXTI4_IRQHandler
                0x00000000080003e4                ETH_IRQHandler
                0x00000000080003e4                OTG_HS_EP1_OUT_IRQHandler
                0x00000000080003e4                WWDG_IRQHandler
                0x00000000080003e4                TIM2_IRQHandler
                0x00000000080003e4                OTG_FS_WKUP_IRQHandler
                0x00000000080003e4                TIM1_TRG_COM_TIM11_IRQHandler
                0x00000000080003e4                OTG_HS_IRQHandler
                0x00000000080003e4                EXTI1_IRQHandler
                0x00000000080003e4                USART2_IRQHandler
                0x00000000080003e4                I2C2_ER_IRQHandler
                0x00000000080003e4                DMA2_Stream1_IRQHandler
                0x00000000080003e4                CAN1_SCE_IRQHandler
                0x00000000080003e4                FLASH_IRQHandler
                0x00000000080003e4                DMA2_Stream4_IRQHandler
                0x00000000080003e4                USART1_IRQHandler
                0x00000000080003e4                OTG_FS_IRQHandler
                0x00000000080003e4                SPI3_IRQHandler
                0x00000000080003e4                DMA1_Stream4_IRQHandler
                0x00000000080003e4                I2C1_ER_IRQHandler
                0x00000000080003e4                FMC_IRQHandler
                0x00000000080003e4                DMA2_Stream6_IRQHandler
                0x00000000080003e4                DMA1_Stream3_IRQHandler

.inits          0x00000000080003e8       0x28
                0x00000000080003e8                __data_regions_array_start = .
                0x00000000080003e8        0x4 LONG 0x800cebc LOADADDR (.data)
                0x00000000080003ec        0x4 LONG 0x20000000 ADDR (.data)
                0x00000000080003f0        0x4 LONG 0x200002ec (ADDR (.data) + SIZEOF (.data))
                0x00000000080003f4        0x4 LONG 0x800cebc LOADADDR (.data_CCMRAM)
                0x00000000080003f8        0x4 LONG 0x10000000 ADDR (.data_CCMRAM)
                0x00000000080003fc        0x4 LONG 0x10000000 (ADDR (.data_CCMRAM) + SIZEOF (.data_CCMRAM))
                0x0000000008000400                __data_regions_array_end = .
                0x0000000008000400                __bss_regions_array_start = .
                0x0000000008000400        0x4 LONG 0x200002ec ADDR (.bss)
                0x0000000008000404        0x4 LONG 0x2000469c (ADDR (.bss) + SIZEOF (.bss))
                0x0000000008000408        0x4 LONG 0x10000000 ADDR (.bss_CCMRAM)
                0x000000000800040c        0x4 LONG 0x10000000 (ADDR (.bss_CCMRAM) + SIZEOF (.bss_CCMRAM))
                0x0000000008000410                __bss_regions_array_end = .
 *(.init)
 *(.fini)
                0x0000000008000410                . = ALIGN (0x4)
                0x0000000008000410                PROVIDE (__preinit_array_start = .)
 *(.preinit_array_sysinit .preinit_array_sysinit.*)
 *(.preinit_array_platform .preinit_array_platform.*)
 *(.preinit_array .preinit_array.*)
                0x0000000008000410                PROVIDE (__preinit_array_end = .)
                0x0000000008000410                . = ALIGN (0x4)
                0x0000000008000410                PROVIDE (__init_array_start = .)
 *(SORT_BY_NAME(.init_array.*))
 *(.init_array)
                0x0000000008000410                PROVIDE (__init_array_end = .)
                0x0000000008000410                . = ALIGN (0x4)
                0x0000000008000410                PROVIDE (__fini_array_start = .)
 *(SORT_BY_NAME(.fini_array.*))
 *(.fini_array)
                0x0000000008000410                PROVIDE (__fini_array_end = .)

.flashtext
 *(.flashtext .flashtext.*)

.text           0x0000000008000410     0xca1c
 *(.text .text.*)
 .text.SPIx_MspInit
                0x0000000008000410       0x58 ./system/src/stm32f4_discovery/stm32f4_discovery.o
 .text.SPIx_Init
                0x0000000008000468       0x4c ./system/src/stm32f4_discovery/stm32f4_discovery.o
 .text.SPIx_Error
                0x00000000080004b4       0x14 ./system/src/stm32f4_discovery/stm32f4_discovery.o
 .text.SPIx_WriteRead
                0x00000000080004c8       0x40 ./system/src/stm32f4_discovery/stm32f4_discovery.o
 .text.BSP_PB_Init
                0x0000000008000508       0x84 ./system/src/stm32f4_discovery/stm32f4_discovery.o
                0x0000000008000508                BSP_PB_Init
 .text.BSP_PB_GetState
                0x000000000800058c       0x14 ./system/src/stm32f4_discovery/stm32f4_discovery.o
                0x000000000800058c                BSP_PB_GetState
 .text.ACCELERO_IO_Init
                0x00000000080005a0       0x4c ./system/src/stm32f4_discovery/stm32f4_discovery.o
                0x00000000080005a0                ACCELERO_IO_Init
 .text.ACCELERO_IO_ITConfig
                0x00000000080005ec       0x50 ./system/src/stm32f4_discovery/stm32f4_discovery.o
                0x00000000080005ec                ACCELERO_IO_ITConfig
 .text.ACCELERO_IO_Write
                0x000000000800063c       0x44 ./system/src/stm32f4_discovery/stm32f4_discovery.o
                0x000000000800063c                ACCELERO_IO_Write
 .text.ACCELERO_IO_Read
                0x0000000008000680       0x48 ./system/src/stm32f4_discovery/stm32f4_discovery.o
                0x0000000008000680                ACCELERO_IO_Read
 .text.BSP_ACCELERO_Init
                0x00000000080006c8       0xac ./system/src/stm32f4_discovery/stm32f4_discovery_accelerometer.o
                0x00000000080006c8                BSP_ACCELERO_Init
 .text.HAL_InitTick
                0x0000000008000774       0x2c ./system/src/stm32f4-hal/stm32f4xx_hal.o
                0x0000000008000774                HAL_InitTick
 .text.HAL_Init
                0x00000000080007a0       0x34 ./system/src/stm32f4-hal/stm32f4xx_hal.o
                0x00000000080007a0                HAL_Init
 .text.HAL_IncTick
                0x00000000080007d4       0x10 ./system/src/stm32f4-hal/stm32f4xx_hal.o
                0x00000000080007d4                HAL_IncTick
 .text.HAL_GetTick
                0x00000000080007e4        0xc ./system/src/stm32f4-hal/stm32f4xx_hal.o
                0x00000000080007e4                HAL_GetTick
 .text.HAL_Delay
                0x00000000080007f0       0x1c ./system/src/stm32f4-hal/stm32f4xx_hal.o
                0x00000000080007f0                HAL_Delay
 .text.HAL_NVIC_SetPriorityGrouping
                0x000000000800080c       0x3c ./system/src/stm32f4-hal/stm32f4xx_hal_cortex.o
                0x000000000800080c                HAL_NVIC_SetPriorityGrouping
 .text.HAL_NVIC_SetPriority
                0x0000000008000848       0x8c ./system/src/stm32f4-hal/stm32f4xx_hal_cortex.o
                0x0000000008000848                HAL_NVIC_SetPriority
 .text.HAL_NVIC_EnableIRQ
                0x00000000080008d4       0x30 ./system/src/stm32f4-hal/stm32f4xx_hal_cortex.o
                0x00000000080008d4                HAL_NVIC_EnableIRQ
 .text.HAL_SYSTICK_Config
                0x0000000008000904       0x28 ./system/src/stm32f4-hal/stm32f4xx_hal_cortex.o
                0x0000000008000904                HAL_SYSTICK_Config
 .text.HAL_SYSTICK_CLKSourceConfig
                0x000000000800092c       0x3c ./system/src/stm32f4-hal/stm32f4xx_hal_cortex.o
                0x000000000800092c                HAL_SYSTICK_CLKSourceConfig
 .text.HAL_SYSTICK_Callback
                0x0000000008000968        0x2 ./system/src/stm32f4-hal/stm32f4xx_hal_cortex.o
                0x0000000008000968                HAL_SYSTICK_Callback
 .text.HAL_SYSTICK_IRQHandler
                0x000000000800096a        0x8 ./system/src/stm32f4-hal/stm32f4xx_hal_cortex.o
                0x000000000800096a                HAL_SYSTICK_IRQHandler
 .text.DMA_SetConfig
                0x0000000008000972       0x2c ./system/src/stm32f4-hal/stm32f4xx_hal_dma.o
 *fill*         0x000000000800099e        0x2 
 .text.DMA_CalcBaseAndBitshift
                0x00000000080009a0       0x44 ./system/src/stm32f4-hal/stm32f4xx_hal_dma.o
 .text.DMA_CheckFifoParam
                0x00000000080009e4       0x9e ./system/src/stm32f4-hal/stm32f4xx_hal_dma.o
 *fill*         0x0000000008000a82        0x2 
 .text.HAL_DMA_Init
                0x0000000008000a84      0x28c ./system/src/stm32f4-hal/stm32f4xx_hal_dma.o
                0x0000000008000a84                HAL_DMA_Init
 .text.HAL_DMA_DeInit
                0x0000000008000d10       0x56 ./system/src/stm32f4-hal/stm32f4xx_hal_dma.o
                0x0000000008000d10                HAL_DMA_DeInit
 *fill*         0x0000000008000d66        0x2 
 .text.HAL_DMA_Start_IT
                0x0000000008000d68       0xa4 ./system/src/stm32f4-hal/stm32f4xx_hal_dma.o
                0x0000000008000d68                HAL_DMA_Start_IT
 .text.HAL_DMA_Abort
                0x0000000008000e0c       0x94 ./system/src/stm32f4-hal/stm32f4xx_hal_dma.o
                0x0000000008000e0c                HAL_DMA_Abort
 .text.HAL_DMA_IRQHandler
                0x0000000008000ea0      0x1e4 ./system/src/stm32f4-hal/stm32f4xx_hal_dma.o
                0x0000000008000ea0                HAL_DMA_IRQHandler
 .text.HAL_GPIO_Init
                0x0000000008001084      0x2fc ./system/src/stm32f4-hal/stm32f4xx_hal_gpio.o
                0x0000000008001084                HAL_GPIO_Init
 .text.HAL_GPIO_ReadPin
                0x0000000008001380       0x28 ./system/src/stm32f4-hal/stm32f4xx_hal_gpio.o
                0x0000000008001380                HAL_GPIO_ReadPin
 .text.HAL_GPIO_WritePin
                0x00000000080013a8       0x38 ./system/src/stm32f4-hal/stm32f4xx_hal_gpio.o
                0x00000000080013a8                HAL_GPIO_WritePin
 .text.HAL_GPIO_EXTI_IRQHandler
                0x00000000080013e0       0x1c ./system/src/stm32f4-hal/stm32f4xx_hal_gpio.o
                0x00000000080013e0                HAL_GPIO_EXTI_IRQHandler
 .text.HAL_I2S_MspInit
                0x00000000080013fc        0x2 ./system/src/stm32f4-hal/stm32f4xx_hal_i2s.o
                0x00000000080013fc                HAL_I2S_MspInit
 .text.HAL_I2S_TxHalfCpltCallback
                0x00000000080013fe        0x2 ./system/src/stm32f4-hal/stm32f4xx_hal_i2s.o
                0x00000000080013fe                HAL_I2S_TxHalfCpltCallback
 .text.I2S_DMATxHalfCplt
                0x0000000008001400        0xa ./system/src/stm32f4-hal/stm32f4xx_hal_i2s.o
                0x0000000008001400                I2S_DMATxHalfCplt
 .text.HAL_I2S_TxCpltCallback
                0x000000000800140a        0x2 ./system/src/stm32f4-hal/stm32f4xx_hal_i2s.o
                0x000000000800140a                HAL_I2S_TxCpltCallback
 .text.I2S_DMARxHalfCplt
                0x000000000800140c        0xa ./system/src/stm32f4-hal/stm32f4xx_hal_i2s.o
                0x000000000800140c                I2S_DMARxHalfCplt
 .text.I2S_DMAError
                0x0000000008001416       0x1e ./system/src/stm32f4-hal/stm32f4xx_hal_i2s.o
                0x0000000008001416                I2S_DMAError
 .text.HAL_I2S_GetState
                0x0000000008001434        0x6 ./system/src/stm32f4-hal/stm32f4xx_hal_i2s.o
                0x0000000008001434                HAL_I2S_GetState
 *fill*         0x000000000800143a        0x2 
 .text.I2S_DMATxCplt
                0x000000000800143c       0x88 ./system/src/stm32f4-hal/stm32f4xx_hal_i2s_ex.o
                0x000000000800143c                I2S_DMATxCplt
 .text.I2S_DMARxCplt
                0x00000000080014c4       0x8c ./system/src/stm32f4-hal/stm32f4xx_hal_i2s_ex.o
                0x00000000080014c4                I2S_DMARxCplt
 .text.HAL_I2SEx_TransmitReceive_DMA
                0x0000000008001550      0x1ec ./system/src/stm32f4-hal/stm32f4xx_hal_i2s_ex.o
                0x0000000008001550                HAL_I2SEx_TransmitReceive_DMA
 .text.HAL_I2S_DMAPause
                0x000000000800173c       0xac ./system/src/stm32f4-hal/stm32f4xx_hal_i2s_ex.o
                0x000000000800173c                HAL_I2S_DMAPause
 .text.HAL_I2S_DMAResume
                0x00000000080017e8       0xc0 ./system/src/stm32f4-hal/stm32f4xx_hal_i2s_ex.o
                0x00000000080017e8                HAL_I2S_DMAResume
 .text.HAL_I2S_DMAStop
                0x00000000080018a8       0xb4 ./system/src/stm32f4-hal/stm32f4xx_hal_i2s_ex.o
                0x00000000080018a8                HAL_I2S_DMAStop
 .text.I2S_GetInputClock
                0x000000000800195c       0x60 ./system/src/stm32f4-hal/stm32f4xx_hal_i2s_ex.o
                0x000000000800195c                I2S_GetInputClock
 .text.HAL_I2S_Init
                0x00000000080019bc      0x22c ./system/src/stm32f4-hal/stm32f4xx_hal_i2s_ex.o
                0x00000000080019bc                HAL_I2S_Init
 .text.HAL_RCC_OscConfig
                0x0000000008001be8      0x458 ./system/src/stm32f4-hal/stm32f4xx_hal_rcc.o
                0x0000000008001be8                HAL_RCC_OscConfig
 .text.HAL_RCC_GetSysClockFreq
                0x0000000008002040       0xa8 ./system/src/stm32f4-hal/stm32f4xx_hal_rcc.o
                0x0000000008002040                HAL_RCC_GetSysClockFreq
 .text.HAL_RCC_ClockConfig
                0x00000000080020e8      0x260 ./system/src/stm32f4-hal/stm32f4xx_hal_rcc.o
                0x00000000080020e8                HAL_RCC_ClockConfig
 .text.HAL_RCC_GetHCLKFreq
                0x0000000008002348        0xc ./system/src/stm32f4-hal/stm32f4xx_hal_rcc.o
                0x0000000008002348                HAL_RCC_GetHCLKFreq
 .text.HAL_RCCEx_PeriphCLKConfig
                0x0000000008002354      0x2cc ./system/src/stm32f4-hal/stm32f4xx_hal_rcc_ex.o
                0x0000000008002354                HAL_RCCEx_PeriphCLKConfig
 .text.HAL_RCCEx_GetPeriphCLKConfig
                0x0000000008002620       0x60 ./system/src/stm32f4-hal/stm32f4xx_hal_rcc_ex.o
                0x0000000008002620                HAL_RCCEx_GetPeriphCLKConfig
 .text.SPI_WaitFlagStateUntilTimeout
                0x0000000008002680       0x9e ./system/src/stm32f4-hal/stm32f4xx_hal_spi.o
 .text.SPI_CheckFlag_BSY
                0x000000000800271e       0x24 ./system/src/stm32f4-hal/stm32f4xx_hal_spi.o
 .text.HAL_SPI_MspInit
                0x0000000008002742        0x2 ./system/src/stm32f4-hal/stm32f4xx_hal_spi.o
                0x0000000008002742                HAL_SPI_MspInit
 .text.HAL_SPI_Init
                0x0000000008002744      0x1d4 ./system/src/stm32f4-hal/stm32f4xx_hal_spi.o
                0x0000000008002744                HAL_SPI_Init
 .text.HAL_SPI_MspDeInit
                0x0000000008002918        0x2 ./system/src/stm32f4-hal/stm32f4xx_hal_spi.o
                0x0000000008002918                HAL_SPI_MspDeInit
 *fill*         0x000000000800291a        0x2 
 .text.HAL_SPI_DeInit
                0x000000000800291c       0x58 ./system/src/stm32f4-hal/stm32f4xx_hal_spi.o
                0x000000000800291c                HAL_SPI_DeInit
 .text.HAL_SPI_Transmit
                0x0000000008002974      0x1f8 ./system/src/stm32f4-hal/stm32f4xx_hal_spi.o
                0x0000000008002974                HAL_SPI_Transmit
 .text.HAL_SPI_TransmitReceive
                0x0000000008002b6c      0x31c ./system/src/stm32f4-hal/stm32f4xx_hal_spi.o
                0x0000000008002b6c                HAL_SPI_TransmitReceive
 .text.HAL_SPI_GetState
                0x0000000008002e88        0x6 ./system/src/stm32f4-hal/stm32f4xx_hal_spi.o
                0x0000000008002e88                HAL_SPI_GetState
 *fill*         0x0000000008002e8e        0x2 
 .text.abort    0x0000000008002e90       0x14 ./system/src/newlib/_exit.o
                0x0000000008002e90                abort
 .text._sbrk    0x0000000008002ea4       0x44 ./system/src/newlib/_sbrk.o
                0x0000000008002ea4                _sbrk
 .text.get_errno
                0x0000000008002ee8       0x12 ./system/src/newlib/_syscalls.o
 .text.error    0x0000000008002efa       0x14 ./system/src/newlib/_syscalls.o
 .text.checkerror
                0x0000000008002f0e       0x10 ./system/src/newlib/_syscalls.o
 *fill*         0x0000000008002f1e        0x2 
 .text.findslot
                0x0000000008002f20       0x3c ./system/src/newlib/_syscalls.o
 .text._exit    0x0000000008002f5c       0x20 ./system/src/newlib/_syscalls.o
                0x0000000008002f5c                _exit
 .text.initialise_monitor_handles
                0x0000000008002f7c       0xa8 ./system/src/newlib/_syscalls.o
                0x0000000008002f7c                initialise_monitor_handles
 .text.__initialize_args
                0x0000000008003024       0xc0 ./system/src/newlib/_syscalls.o
                0x0000000008003024                __initialize_args
 .text._swiread
                0x00000000080030e4       0x20 ./system/src/newlib/_syscalls.o
                0x00000000080030e4                _swiread
 .text._read    0x0000000008003104       0x36 ./system/src/newlib/_syscalls.o
                0x0000000008003104                _read
 .text._swilseek
                0x000000000800313a       0x96 ./system/src/newlib/_syscalls.o
                0x000000000800313a                _swilseek
 .text._lseek   0x00000000080031d0        0x8 ./system/src/newlib/_syscalls.o
                0x00000000080031d0                _lseek
 .text._swiwrite
                0x00000000080031d8       0x20 ./system/src/newlib/_syscalls.o
                0x00000000080031d8                _swiwrite
 .text._write   0x00000000080031f8       0x46 ./system/src/newlib/_syscalls.o
                0x00000000080031f8                _write
 .text._swiclose
                0x000000000800323e       0x1c ./system/src/newlib/_syscalls.o
                0x000000000800323e                _swiclose
 *fill*         0x000000000800325a        0x2 
 .text._close   0x000000000800325c       0x48 ./system/src/newlib/_syscalls.o
                0x000000000800325c                _close
 .text._swistat
                0x00000000080032a4       0x44 ./system/src/newlib/_syscalls.o
                0x00000000080032a4                _swistat
 .text._fstat   0x00000000080032e8       0x1a ./system/src/newlib/_syscalls.o
                0x00000000080032e8                _fstat
 .text._isatty  0x0000000008003302       0x36 ./system/src/newlib/_syscalls.o
                0x0000000008003302                _isatty
 .text.__assert_func
                0x0000000008003338       0x38 ./system/src/newlib/assert.o
                0x0000000008003338                __assert_func
 .text.assert_failed
                0x0000000008003370       0x14 ./system/src/newlib/assert.o
                0x0000000008003370                assert_failed
 .text.trace_printf
                0x0000000008003384       0x34 ./system/src/diag/Trace.o
                0x0000000008003384                trace_printf
 .text.trace_puts
                0x00000000080033b8       0x20 ./system/src/diag/Trace.o
                0x00000000080033b8                trace_puts
 .text._trace_write_semihosting_debug
                0x00000000080033d8       0x60 ./system/src/diag/trace_impl.o
 .text.trace_write
                0x0000000008003438        0x8 ./system/src/diag/trace_impl.o
                0x0000000008003438                trace_write
 .text.__initialize_hardware_early
                0x0000000008003440       0x24 ./system/src/cortexm/_initialize_hardware.o
                0x0000000008003440                __initialize_hardware_early
 .text.dumpExceptionStack
                0x0000000008003464       0xf4 ./system/src/cortexm/exception_handlers.o
                0x0000000008003464                dumpExceptionStack
 .text.isSemihosting
                0x0000000008003558      0x100 ./system/src/cortexm/exception_handlers.o
                0x0000000008003558                isSemihosting
 .text.SystemInit
                0x0000000008003658       0x4c ./system/src/cmsis/system_stm32f4xx.o
                0x0000000008003658                SystemInit
 .text.SystemCoreClockUpdate
                0x00000000080036a4       0xa0 ./system/src/cmsis/system_stm32f4xx.o
                0x00000000080036a4                SystemCoreClockUpdate
 .text.wm5102_Log2PowerOfTwo
                0x0000000008003744       0x34 ./system/src/Components/wm5102/wm5102.o
 .text.CODEC_IO_Write
                0x0000000008003778        0xa ./system/src/Components/wm5102/wm5102.o
 .text.wm5102_ApplyWolfsonPatch
                0x0000000008003782       0xec ./system/src/Components/wm5102/wm5102.o
 *fill*         0x000000000800386e        0x2 
 .text.wm5102_ConfigureSYSCLK
                0x0000000008003870      0x170 ./system/src/Components/wm5102/wm5102.o
 .text.wm5102_ConfigureSampleRate
                0x00000000080039e0       0x48 ./system/src/Components/wm5102/wm5102.o
 .text.wm5102_SetFrequency
                0x0000000008003a28        0xa ./system/src/Components/wm5102/wm5102.o
                0x0000000008003a28                wm5102_SetFrequency
 .text.wm5102_ConfigureI2S
                0x0000000008003a32       0x9c ./system/src/Components/wm5102/wm5102.o
 .text.wm5102_SetMute
                0x0000000008003ace       0x8e ./system/src/Components/wm5102/wm5102.o
                0x0000000008003ace                wm5102_SetMute
 .text.wm5102_Play
                0x0000000008003b5c        0xa ./system/src/Components/wm5102/wm5102.o
                0x0000000008003b5c                wm5102_Play
 .text.wm5102_Pause
                0x0000000008003b66        0xa ./system/src/Components/wm5102/wm5102.o
                0x0000000008003b66                wm5102_Pause
 .text.wm5102_Resume
                0x0000000008003b70        0xa ./system/src/Components/wm5102/wm5102.o
                0x0000000008003b70                wm5102_Resume
 .text.wm5102_Stop
                0x0000000008003b7a        0xa ./system/src/Components/wm5102/wm5102.o
                0x0000000008003b7a                wm5102_Stop
 .text.wm5102_SetVolume
                0x0000000008003b84       0xcc ./system/src/Components/wm5102/wm5102.o
                0x0000000008003b84                wm5102_SetVolume
 .text.wm5102_SetOutputMode
                0x0000000008003c50      0x160 ./system/src/Components/wm5102/wm5102.o
                0x0000000008003c50                wm5102_SetOutputMode
 .text.wm5102_Reset
                0x0000000008003db0        0xe ./system/src/Components/wm5102/wm5102.o
                0x0000000008003db0                wm5102_Reset
 .text.wm5102_DeInit
                0x0000000008003dbe        0x8 ./system/src/Components/wm5102/wm5102.o
                0x0000000008003dbe                wm5102_DeInit
 .text.wm5102_ReadID
                0x0000000008003dc6       0x12 ./system/src/Components/wm5102/wm5102.o
                0x0000000008003dc6                wm5102_ReadID
 .text.CODEC_IO_Read
                0x0000000008003dd8        0xa ./system/src/Components/wm5102/wm5102.o
 .text.wm5102_GetInsertionPoint
                0x0000000008003de2       0xc4 ./system/src/Components/wm5102/wm5102.o
 .text.wm5102_SetInputMode
                0x0000000008003ea6      0x1f0 ./system/src/Components/wm5102/wm5102.o
                0x0000000008003ea6                wm5102_SetInputMode
 .text.wm5102_Init
                0x0000000008004096       0x8a ./system/src/Components/wm5102/wm5102.o
                0x0000000008004096                wm5102_Init
 .text.wm5102_SetFilter
                0x0000000008004120       0xd4 ./system/src/Components/wm5102/wm5102.o
                0x0000000008004120                wm5102_SetFilter
 .text.wm5102_SetEqualizer
                0x00000000080041f4      0x1a4 ./system/src/Components/wm5102/wm5102.o
                0x00000000080041f4                wm5102_SetEqualizer
 .text.LIS3DSH_DeInit
                0x0000000008004398        0x2 ./system/src/Components/lis3dsh/lis3dsh.o
                0x0000000008004398                LIS3DSH_DeInit
 .text.LIS3DSH_Init
                0x000000000800439a       0x36 ./system/src/Components/lis3dsh/lis3dsh.o
                0x000000000800439a                LIS3DSH_Init
 .text.LIS3DSH_ReadID
                0x00000000080043d0       0x24 ./system/src/Components/lis3dsh/lis3dsh.o
                0x00000000080043d0                LIS3DSH_ReadID
 .text.LIS3DSH_RebootCmd
                0x00000000080043f4       0x2e ./system/src/Components/lis3dsh/lis3dsh.o
                0x00000000080043f4                LIS3DSH_RebootCmd
 *fill*         0x0000000008004422        0x2 
 .text.LIS3DSH_ReadACC
                0x0000000008004424       0xf4 ./system/src/Components/lis3dsh/lis3dsh.o
                0x0000000008004424                LIS3DSH_ReadACC
 .text.LIS3DSH_InterruptConfig
                0x0000000008004518       0x56 ./system/src/Components/lis3dsh/lis3dsh.o
                0x0000000008004518                LIS3DSH_InterruptConfig
 .text.LIS3DSH_Click_IntConfig
                0x000000000800456e       0xec ./system/src/Components/lis3dsh/lis3dsh.o
                0x000000000800456e                LIS3DSH_Click_IntConfig
 .text.LIS302DL_DeInit
                0x000000000800465a        0x2 ./system/src/Components/lis302dl/lis302dl.o
                0x000000000800465a                LIS302DL_DeInit
 .text.LIS302DL_Init
                0x000000000800465c       0x24 ./system/src/Components/lis302dl/lis302dl.o
                0x000000000800465c                LIS302DL_Init
 .text.LIS302DL_ReadID
                0x0000000008004680       0x24 ./system/src/Components/lis302dl/lis302dl.o
                0x0000000008004680                LIS302DL_ReadID
 .text.LIS302DL_FilterConfig
                0x00000000080046a4       0x3a ./system/src/Components/lis302dl/lis302dl.o
                0x00000000080046a4                LIS302DL_FilterConfig
 .text.LIS302DL_Click_IntClear
                0x00000000080046de       0x26 ./system/src/Components/lis302dl/lis302dl.o
                0x00000000080046de                LIS302DL_Click_IntClear
 .text.LIS302DL_RebootCmd
                0x0000000008004704       0x2e ./system/src/Components/lis302dl/lis302dl.o
                0x0000000008004704                LIS302DL_RebootCmd
 .text.LIS302DL_ReadACC
                0x0000000008004732       0x68 ./system/src/Components/lis302dl/lis302dl.o
                0x0000000008004732                LIS302DL_ReadACC
 .text.LIS302DL_InterruptConfig
                0x000000000800479a       0x36 ./system/src/Components/lis302dl/lis302dl.o
                0x000000000800479a                LIS302DL_InterruptConfig
 .text.LIS302DL_Click_IntConfig
                0x00000000080047d0       0xb8 ./system/src/Components/lis302dl/lis302dl.o
                0x00000000080047d0                LIS302DL_Click_IntConfig
 .text.SystemClock_Config
                0x0000000008004888       0x9c ./src/_initialize_hardware.o
                0x0000000008004888                SystemClock_Config
 .text.__initialize_hardware
                0x0000000008004924       0x10 ./src/_initialize_hardware.o
                0x0000000008004924                __initialize_hardware
 .text.DWT_Enable
                0x0000000008004934       0x3c ./src/dwt.o
                0x0000000008004934                DWT_Enable
 .text.main     0x0000000008004970      0x1f0 ./src/main.o
                0x0000000008004970                main
 .text.WOLFSON_PI_AUDIO_TransferComplete_CallBack
                0x0000000008004b60        0xc ./src/main.o
                0x0000000008004b60                WOLFSON_PI_AUDIO_TransferComplete_CallBack
 .text.WOLFSON_PI_AUDIO_HalfTransfer_CallBack
                0x0000000008004b6c        0xc ./src/main.o
                0x0000000008004b6c                WOLFSON_PI_AUDIO_HalfTransfer_CallBack
 .text.HAL_MspInit
                0x0000000008004b78        0x2 ./src/stm32f4xx_hal_msp.o
                0x0000000008004b78                HAL_MspInit
 .text.EXTI0_IRQHandler
                0x0000000008004b7a        0xa ./src/stm32f4xx_it.o
                0x0000000008004b7a                EXTI0_IRQHandler
 .text.DMA1_Stream0_IRQHandler
                0x0000000008004b84       0x10 ./src/stm32f4xx_it.o
                0x0000000008004b84                DMA1_Stream0_IRQHandler
 .text.DMA1_Stream5_IRQHandler
                0x0000000008004b94       0x10 ./src/stm32f4xx_it.o
                0x0000000008004b94                DMA1_Stream5_IRQHandler
 .text.NMI_Handler
                0x0000000008004ba4        0x2 ./src/stm32f4xx_it.o
                0x0000000008004ba4                NMI_Handler
 .text.HardFault_Handler
                0x0000000008004ba6        0x2 ./src/stm32f4xx_it.o
                0x0000000008004ba6                HardFault_Handler
 .text.MemManage_Handler
                0x0000000008004ba8        0x2 ./src/stm32f4xx_it.o
                0x0000000008004ba8                MemManage_Handler
 .text.BusFault_Handler
                0x0000000008004baa        0x2 ./src/stm32f4xx_it.o
                0x0000000008004baa                BusFault_Handler
 .text.UsageFault_Handler
                0x0000000008004bac        0x2 ./src/stm32f4xx_it.o
                0x0000000008004bac                UsageFault_Handler
 .text.SVC_Handler
                0x0000000008004bae        0x2 ./src/stm32f4xx_it.o
                0x0000000008004bae                SVC_Handler
 .text.DebugMon_Handler
                0x0000000008004bb0        0x2 ./src/stm32f4xx_it.o
                0x0000000008004bb0                DebugMon_Handler
 .text.PendSV_Handler
                0x0000000008004bb2        0x2 ./src/stm32f4xx_it.o
                0x0000000008004bb2                PendSV_Handler
 .text.SysTick_Handler
                0x0000000008004bb4        0xc ./src/stm32f4xx_it.o
                0x0000000008004bb4                SysTick_Handler
 .text.TEST_GetEQGains
                0x0000000008004bc0       0x5c ./src/tests.o
 .text.TEST_Init
                0x0000000008004c1c        0xc ./src/tests.o
                0x0000000008004c1c                TEST_Init
 .text.TEST_Main
                0x0000000008004c28      0x178 ./src/tests.o
                0x0000000008004c28                TEST_Main
 .text.HAL_GPIO_EXTI_Callback
                0x0000000008004da0       0xcc ./src/tests.o
                0x0000000008004da0                HAL_GPIO_EXTI_Callback
 .text.utilsConsumeNonNumeric
                0x0000000008004e6c       0x28 ./src/utils.o
                0x0000000008004e6c                utilsConsumeNonNumeric
 .text.utilsGetOption
                0x0000000008004e94       0x94 ./src/utils.o
                0x0000000008004e94                utilsGetOption
 .text.SPIx_Msp_Init
                0x0000000008004f28       0xa0 ./src/wolfson_pi_audio.o
 .text.I2Sx_Msp_Init
                0x0000000008004fc8      0x1cc ./src/wolfson_pi_audio.o
 .text.I2Sx_Init
                0x0000000008005194       0x54 ./src/wolfson_pi_audio.o
 .text.SPIx_Init
                0x00000000080051e8       0x44 ./src/wolfson_pi_audio.o
 .text.SPIx_Error
                0x000000000800522c       0x14 ./src/wolfson_pi_audio.o
 .text.SPIx_WriteData
                0x0000000008005240       0x5c ./src/wolfson_pi_audio.o
 .text.SPIx_ReadData
                0x000000000800529c       0x64 ./src/wolfson_pi_audio.o
 .text.WOLFSON_PI_AUDIO_Init
                0x0000000008005300       0xb0 ./src/wolfson_pi_audio.o
                0x0000000008005300                WOLFSON_PI_AUDIO_Init
 .text.WOLFSON_PI_AUDIO_Play
                0x00000000080053b0       0x38 ./src/wolfson_pi_audio.o
                0x00000000080053b0                WOLFSON_PI_AUDIO_Play
 .text.WOLFSON_PI_AUDIO_Pause
                0x00000000080053e8       0x28 ./src/wolfson_pi_audio.o
                0x00000000080053e8                WOLFSON_PI_AUDIO_Pause
 .text.WOLFSON_PI_AUDIO_Resume
                0x0000000008005410       0x28 ./src/wolfson_pi_audio.o
                0x0000000008005410                WOLFSON_PI_AUDIO_Resume
 .text.WOLFSON_PI_AUDIO_Stop
                0x0000000008005438       0x44 ./src/wolfson_pi_audio.o
                0x0000000008005438                WOLFSON_PI_AUDIO_Stop
 .text.WOLFSON_PI_AUDIO_SetVolume
                0x000000000800547c       0x14 ./src/wolfson_pi_audio.o
                0x000000000800547c                WOLFSON_PI_AUDIO_SetVolume
 .text.WOLFSON_PI_AUDIO_SetMute
                0x0000000008005490       0x14 ./src/wolfson_pi_audio.o
                0x0000000008005490                WOLFSON_PI_AUDIO_SetMute
 .text.WOLFSON_PI_AUDIO_SetFilter
                0x00000000080054a4       0x18 ./src/wolfson_pi_audio.o
                0x00000000080054a4                WOLFSON_PI_AUDIO_SetFilter
 .text.WOLFSON_PI_AUDIO_SetEqualizer
                0x00000000080054bc       0x1e ./src/wolfson_pi_audio.o
                0x00000000080054bc                WOLFSON_PI_AUDIO_SetEqualizer
 *fill*         0x00000000080054da        0x2 
 .text.WOLFSON_PI_AUDIO_SetInputMode
                0x00000000080054dc       0x14 ./src/wolfson_pi_audio.o
                0x00000000080054dc                WOLFSON_PI_AUDIO_SetInputMode
 .text.WOLFSON_PI_AUDIO_SetFrequency
                0x00000000080054f0       0x8c ./src/wolfson_pi_audio.o
                0x00000000080054f0                WOLFSON_PI_AUDIO_SetFrequency
 .text.HAL_I2S_RxCpltCallback
                0x000000000800557c       0x18 ./src/wolfson_pi_audio.o
                0x000000000800557c                HAL_I2S_RxCpltCallback
 .text.HAL_I2S_RxHalfCpltCallback
                0x0000000008005594       0x18 ./src/wolfson_pi_audio.o
                0x0000000008005594                HAL_I2S_RxHalfCpltCallback
 .text.WOLFSON_PI_AUDIO_Error_CallBack
                0x00000000080055ac        0x2 ./src/wolfson_pi_audio.o
                0x00000000080055ac                WOLFSON_PI_AUDIO_Error_CallBack
 *fill*         0x00000000080055ae        0x2 
 .text.HAL_I2S_ErrorCallback
                0x00000000080055b0       0x18 ./src/wolfson_pi_audio.o
                0x00000000080055b0                HAL_I2S_ErrorCallback
 .text.EXTERNAL_AUDIO_IO_Init
                0x00000000080055c8       0x88 ./src/wolfson_pi_audio.o
                0x00000000080055c8                EXTERNAL_AUDIO_IO_Init
 .text.EXTERNAL_AUDIO_IO_DeInit
                0x0000000008005650        0x2 ./src/wolfson_pi_audio.o
                0x0000000008005650                EXTERNAL_AUDIO_IO_DeInit
 .text.EXTERNAL_AUDIO_IO_Write
                0x0000000008005652        0xc ./src/wolfson_pi_audio.o
                0x0000000008005652                EXTERNAL_AUDIO_IO_Write
 .text.EXTERNAL_AUDIO_IO_Read
                0x000000000800565e        0xa ./src/wolfson_pi_audio.o
                0x000000000800565e                EXTERNAL_AUDIO_IO_Read
 .text.EXTERNAL_AUDIO_IO_Delay
                0x0000000008005668        0x8 ./src/wolfson_pi_audio.o
                0x0000000008005668                EXTERNAL_AUDIO_IO_Delay
 .text.arm_biquad_cascade_df1_init_f32
                0x0000000008005670       0x18 ../system/src/cmsis/DSP/Lib/GCC\libarm_cortexM4lf_math.a(arm_biquad_cascade_df1_init_f32.o)
                0x0000000008005670                arm_biquad_cascade_df1_init_f32
 .text.arm_biquad_cascade_df1_f32
                0x0000000008005688      0x1fc ../system/src/cmsis/DSP/Lib/GCC\libarm_cortexM4lf_math.a(arm_biquad_cascade_df1_f32.o)
                0x0000000008005688                arm_biquad_cascade_df1_f32
 .text          0x0000000008005884      0x378 c:/users/zoy_r/appdata/roaming/xpacks/arm-none-eabi-gcc/10.3.1-2.3/bin/../lib/gcc/arm-none-eabi/10.3.1/thumb/v7e-m+fp/hard\libgcc.a(_arm_addsubdf3.o)
                0x0000000008005884                __aeabi_drsub
                0x000000000800588c                __aeabi_dsub
                0x000000000800588c                __subdf3
                0x0000000008005890                __aeabi_dadd
                0x0000000008005890                __adddf3
                0x0000000008005b08                __floatunsidf
                0x0000000008005b08                __aeabi_ui2d
                0x0000000008005b28                __floatsidf
                0x0000000008005b28                __aeabi_i2d
                0x0000000008005b4c                __aeabi_f2d
                0x0000000008005b4c                __extendsfdf2
                0x0000000008005b90                __floatundidf
                0x0000000008005b90                __aeabi_ul2d
                0x0000000008005ba0                __floatdidf
                0x0000000008005ba0                __aeabi_l2d
 .text          0x0000000008005bfc       0x50 c:/users/zoy_r/appdata/roaming/xpacks/arm-none-eabi-gcc/10.3.1-2.3/bin/../lib/gcc/arm-none-eabi/10.3.1/thumb/v7e-m+fp/hard\libgcc.a(_arm_fixdfsi.o)
                0x0000000008005bfc                __aeabi_d2iz
                0x0000000008005bfc                __fixdfsi
 .text          0x0000000008005c4c       0xa0 c:/users/zoy_r/appdata/roaming/xpacks/arm-none-eabi-gcc/10.3.1-2.3/bin/../lib/gcc/arm-none-eabi/10.3.1/thumb/v7e-m+fp/hard\libgcc.a(_arm_truncdfsf2.o)
                0x0000000008005c4c                __truncdfsf2
                0x0000000008005c4c                __aeabi_d2f
 .text.__errno  0x0000000008005cec        0xc c:/users/zoy_r/appdata/roaming/xpacks/arm-none-eabi-gcc/10.3.1-2.3/bin/../lib/gcc/arm-none-eabi/10.3.1/../../../../arm-none-eabi/lib/thumb/v7e-m+fp/hard\libg_nano.a(lib_a-errno.o)
                0x0000000008005cec                __errno
 .text.std      0x0000000008005cf8       0x48 c:/users/zoy_r/appdata/roaming/xpacks/arm-none-eabi-gcc/10.3.1-2.3/bin/../lib/gcc/arm-none-eabi/10.3.1/../../../../arm-none-eabi/lib/thumb/v7e-m+fp/hard\libg_nano.a(lib_a-findfp.o)
 .text._cleanup_r
                0x0000000008005d40        0xc c:/users/zoy_r/appdata/roaming/xpacks/arm-none-eabi-gcc/10.3.1-2.3/bin/../lib/gcc/arm-none-eabi/10.3.1/../../../../arm-none-eabi/lib/thumb/v7e-m+fp/hard\libg_nano.a(lib_a-findfp.o)
                0x0000000008005d40                _cleanup_r
 .text.__sfmoreglue
                0x0000000008005d4c       0x2c c:/users/zoy_r/appdata/roaming/xpacks/arm-none-eabi-gcc/10.3.1-2.3/bin/../lib/gcc/arm-none-eabi/10.3.1/../../../../arm-none-eabi/lib/thumb/v7e-m+fp/hard\libg_nano.a(lib_a-findfp.o)
                0x0000000008005d4c                __sfmoreglue
 .text.__sfp_lock_acquire
                0x0000000008005d78        0xc c:/users/zoy_r/appdata/roaming/xpacks/arm-none-eabi-gcc/10.3.1-2.3/bin/../lib/gcc/arm-none-eabi/10.3.1/../../../../arm-none-eabi/lib/thumb/v7e-m+fp/hard\libg_nano.a(lib_a-findfp.o)
                0x0000000008005d78                __sfp_lock_acquire
 .text.__sfp_lock_release
                0x0000000008005d84        0xc c:/users/zoy_r/appdata/roaming/xpacks/arm-none-eabi-gcc/10.3.1-2.3/bin/../lib/gcc/arm-none-eabi/10.3.1/../../../../arm-none-eabi/lib/thumb/v7e-m+fp/hard\libg_nano.a(lib_a-findfp.o)
                0x0000000008005d84                __sfp_lock_release
 .text.__sinit_lock_acquire
                0x0000000008005d90        0xc c:/users/zoy_r/appdata/roaming/xpacks/arm-none-eabi-gcc/10.3.1-2.3/bin/../lib/gcc/arm-none-eabi/10.3.1/../../../../arm-none-eabi/lib/thumb/v7e-m+fp/hard\libg_nano.a(lib_a-findfp.o)
                0x0000000008005d90                __sinit_lock_acquire
 .text.__sinit_lock_release
                0x0000000008005d9c        0xc c:/users/zoy_r/appdata/roaming/xpacks/arm-none-eabi-gcc/10.3.1-2.3/bin/../lib/gcc/arm-none-eabi/10.3.1/../../../../arm-none-eabi/lib/thumb/v7e-m+fp/hard\libg_nano.a(lib_a-findfp.o)
                0x0000000008005d9c                __sinit_lock_release
 .text.__sinit  0x0000000008005da8       0x70 c:/users/zoy_r/appdata/roaming/xpacks/arm-none-eabi-gcc/10.3.1-2.3/bin/../lib/gcc/arm-none-eabi/10.3.1/../../../../arm-none-eabi/lib/thumb/v7e-m+fp/hard\libg_nano.a(lib_a-findfp.o)
                0x0000000008005da8                __sinit
 .text.__sfp    0x0000000008005e18       0x8c c:/users/zoy_r/appdata/roaming/xpacks/arm-none-eabi-gcc/10.3.1-2.3/bin/../lib/gcc/arm-none-eabi/10.3.1/../../../../arm-none-eabi/lib/thumb/v7e-m+fp/hard\libg_nano.a(lib_a-findfp.o)
                0x0000000008005e18                __sfp
 .text._fwalk   0x0000000008005ea4       0x3a c:/users/zoy_r/appdata/roaming/xpacks/arm-none-eabi-gcc/10.3.1-2.3/bin/../lib/gcc/arm-none-eabi/10.3.1/../../../../arm-none-eabi/lib/thumb/v7e-m+fp/hard\libg_nano.a(lib_a-fwalk.o)
                0x0000000008005ea4                _fwalk
 .text._fwalk_reent
                0x0000000008005ede       0x3e c:/users/zoy_r/appdata/roaming/xpacks/arm-none-eabi-gcc/10.3.1-2.3/bin/../lib/gcc/arm-none-eabi/10.3.1/../../../../arm-none-eabi/lib/thumb/v7e-m+fp/hard\libg_nano.a(lib_a-fwalk.o)
                0x0000000008005ede                _fwalk_reent
 .text.getchar  0x0000000008005f1c       0x24 c:/users/zoy_r/appdata/roaming/xpacks/arm-none-eabi-gcc/10.3.1-2.3/bin/../lib/gcc/arm-none-eabi/10.3.1/../../../../arm-none-eabi/lib/thumb/v7e-m+fp/hard\libg_nano.a(lib_a-getchar.o)
                0x0000000008005f1c                getchar
 .text._getc_r  0x0000000008005f40       0x80 c:/users/zoy_r/appdata/roaming/xpacks/arm-none-eabi-gcc/10.3.1-2.3/bin/../lib/gcc/arm-none-eabi/10.3.1/../../../../arm-none-eabi/lib/thumb/v7e-m+fp/hard\libg_nano.a(lib_a-getc.o)
                0x0000000008005f40                _getc_r
 .text.__retarget_lock_init_recursive
                0x0000000008005fc0        0x2 c:/users/zoy_r/appdata/roaming/xpacks/arm-none-eabi-gcc/10.3.1-2.3/bin/../lib/gcc/arm-none-eabi/10.3.1/../../../../arm-none-eabi/lib/thumb/v7e-m+fp/hard\libg_nano.a(lib_a-lock.o)
                0x0000000008005fc0                __retarget_lock_init_recursive
 .text.__retarget_lock_acquire_recursive
                0x0000000008005fc2        0x2 c:/users/zoy_r/appdata/roaming/xpacks/arm-none-eabi-gcc/10.3.1-2.3/bin/../lib/gcc/arm-none-eabi/10.3.1/../../../../arm-none-eabi/lib/thumb/v7e-m+fp/hard\libg_nano.a(lib_a-lock.o)
                0x0000000008005fc2                __retarget_lock_acquire_recursive
 .text.__retarget_lock_release_recursive
                0x0000000008005fc4        0x2 c:/users/zoy_r/appdata/roaming/xpacks/arm-none-eabi-gcc/10.3.1-2.3/bin/../lib/gcc/arm-none-eabi/10.3.1/../../../../arm-none-eabi/lib/thumb/v7e-m+fp/hard\libg_nano.a(lib_a-lock.o)
                0x0000000008005fc4                __retarget_lock_release_recursive
 .text.memset   0x0000000008005fc6       0x10 c:/users/zoy_r/appdata/roaming/xpacks/arm-none-eabi-gcc/10.3.1-2.3/bin/../lib/gcc/arm-none-eabi/10.3.1/../../../../arm-none-eabi/lib/thumb/v7e-m+fp/hard\libg_nano.a(lib_a-memset.o)
                0x0000000008005fc6                memset
 *fill*         0x0000000008005fd6        0x2 
 .text.sbrk_aligned
                0x0000000008005fd8       0x40 c:/users/zoy_r/appdata/roaming/xpacks/arm-none-eabi-gcc/10.3.1-2.3/bin/../lib/gcc/arm-none-eabi/10.3.1/../../../../arm-none-eabi/lib/thumb/v7e-m+fp/hard\libg_nano.a(lib_a-nano-mallocr.o)
 .text._malloc_r
                0x0000000008006018       0xe8 c:/users/zoy_r/appdata/roaming/xpacks/arm-none-eabi-gcc/10.3.1-2.3/bin/../lib/gcc/arm-none-eabi/10.3.1/../../../../arm-none-eabi/lib/thumb/v7e-m+fp/hard\libg_nano.a(lib_a-nano-mallocr.o)
                0x0000000008006018                _malloc_r
 .text.__cvt    0x0000000008006100       0xc4 c:/users/zoy_r/appdata/roaming/xpacks/arm-none-eabi-gcc/10.3.1-2.3/bin/../lib/gcc/arm-none-eabi/10.3.1/../../../../arm-none-eabi/lib/thumb/v7e-m+fp/hard\libg_nano.a(lib_a-nano-vfprintf_float.o)
                0x0000000008006100                __cvt
 .text.__exponent
                0x00000000080061c4       0x7c c:/users/zoy_r/appdata/roaming/xpacks/arm-none-eabi-gcc/10.3.1-2.3/bin/../lib/gcc/arm-none-eabi/10.3.1/../../../../arm-none-eabi/lib/thumb/v7e-m+fp/hard\libg_nano.a(lib_a-nano-vfprintf_float.o)
                0x00000000080061c4                __exponent
 .text._printf_float
                0x0000000008006240      0x46c c:/users/zoy_r/appdata/roaming/xpacks/arm-none-eabi-gcc/10.3.1-2.3/bin/../lib/gcc/arm-none-eabi/10.3.1/../../../../arm-none-eabi/lib/thumb/v7e-m+fp/hard\libg_nano.a(lib_a-nano-vfprintf_float.o)
                0x0000000008006240                _printf_float
 .text._printf_common
                0x00000000080066ac       0xda c:/users/zoy_r/appdata/roaming/xpacks/arm-none-eabi-gcc/10.3.1-2.3/bin/../lib/gcc/arm-none-eabi/10.3.1/../../../../arm-none-eabi/lib/thumb/v7e-m+fp/hard\libg_nano.a(lib_a-nano-vfprintf_i.o)
                0x00000000080066ac                _printf_common
 *fill*         0x0000000008006786        0x2 
 .text._printf_i
                0x0000000008006788      0x24c c:/users/zoy_r/appdata/roaming/xpacks/arm-none-eabi-gcc/10.3.1-2.3/bin/../lib/gcc/arm-none-eabi/10.3.1/../../../../arm-none-eabi/lib/thumb/v7e-m+fp/hard\libg_nano.a(lib_a-nano-vfprintf_i.o)
                0x0000000008006788                _printf_i
 .text._scanf_float
                0x00000000080069d4      0x420 c:/users/zoy_r/appdata/roaming/xpacks/arm-none-eabi-gcc/10.3.1-2.3/bin/../lib/gcc/arm-none-eabi/10.3.1/../../../../arm-none-eabi/lib/thumb/v7e-m+fp/hard\libg_nano.a(lib_a-nano-vfscanf_float.o)
                0x00000000080069d4                _scanf_float
 .text.__srget_r
                0x0000000008006df4       0x58 c:/users/zoy_r/appdata/roaming/xpacks/arm-none-eabi-gcc/10.3.1-2.3/bin/../lib/gcc/arm-none-eabi/10.3.1/../../../../arm-none-eabi/lib/thumb/v7e-m+fp/hard\libg_nano.a(lib_a-rget.o)
                0x0000000008006df4                __srget_r
 .text._sbrk_r  0x0000000008006e4c       0x20 c:/users/zoy_r/appdata/roaming/xpacks/arm-none-eabi-gcc/10.3.1-2.3/bin/../lib/gcc/arm-none-eabi/10.3.1/../../../../arm-none-eabi/lib/thumb/v7e-m+fp/hard\libg_nano.a(lib_a-sbrkr.o)
                0x0000000008006e4c                _sbrk_r
 .text.scanf    0x0000000008006e6c       0x30 c:/users/zoy_r/appdata/roaming/xpacks/arm-none-eabi-gcc/10.3.1-2.3/bin/../lib/gcc/arm-none-eabi/10.3.1/../../../../arm-none-eabi/lib/thumb/v7e-m+fp/hard\libg_nano.a(lib_a-scanf.o)
                0x0000000008006e6c                scanf
                0x0000000008006e6c                iscanf
 .text.nanf     0x0000000008006e9c        0xc c:/users/zoy_r/appdata/roaming/xpacks/arm-none-eabi-gcc/10.3.1-2.3/bin/../lib/gcc/arm-none-eabi/10.3.1/../../../../arm-none-eabi/lib/thumb/v7e-m+fp/hard\libg_nano.a(lib_a-sf_nan.o)
                0x0000000008006e9c                nanf
 .text.sprintf  0x0000000008006ea8       0x40 c:/users/zoy_r/appdata/roaming/xpacks/arm-none-eabi-gcc/10.3.1-2.3/bin/../lib/gcc/arm-none-eabi/10.3.1/../../../../arm-none-eabi/lib/thumb/v7e-m+fp/hard\libg_nano.a(lib_a-sprintf.o)
                0x0000000008006ea8                siprintf
                0x0000000008006ea8                sprintf
 .text.__sread  0x0000000008006ee8       0x22 c:/users/zoy_r/appdata/roaming/xpacks/arm-none-eabi-gcc/10.3.1-2.3/bin/../lib/gcc/arm-none-eabi/10.3.1/../../../../arm-none-eabi/lib/thumb/v7e-m+fp/hard\libg_nano.a(lib_a-stdio.o)
                0x0000000008006ee8                __sread
 .text.__swrite
                0x0000000008006f0a       0x38 c:/users/zoy_r/appdata/roaming/xpacks/arm-none-eabi-gcc/10.3.1-2.3/bin/../lib/gcc/arm-none-eabi/10.3.1/../../../../arm-none-eabi/lib/thumb/v7e-m+fp/hard\libg_nano.a(lib_a-stdio.o)
                0x0000000008006f0a                __swrite
 .text.__sseek  0x0000000008006f42       0x24 c:/users/zoy_r/appdata/roaming/xpacks/arm-none-eabi-gcc/10.3.1-2.3/bin/../lib/gcc/arm-none-eabi/10.3.1/../../../../arm-none-eabi/lib/thumb/v7e-m+fp/hard\libg_nano.a(lib_a-stdio.o)
                0x0000000008006f42                __sseek
 .text.__sclose
                0x0000000008006f66        0x8 c:/users/zoy_r/appdata/roaming/xpacks/arm-none-eabi-gcc/10.3.1-2.3/bin/../lib/gcc/arm-none-eabi/10.3.1/../../../../arm-none-eabi/lib/thumb/v7e-m+fp/hard\libg_nano.a(lib_a-stdio.o)
                0x0000000008006f66                __sclose
 .text          0x0000000008006f6e       0x14 c:/users/zoy_r/appdata/roaming/xpacks/arm-none-eabi-gcc/10.3.1-2.3/bin/../lib/gcc/arm-none-eabi/10.3.1/../../../../arm-none-eabi/lib/thumb/v7e-m+fp/hard\libg_nano.a(lib_a-strcmp.o)
                0x0000000008006f6e                strcmp
 .text          0x0000000008006f82       0x10 c:/users/zoy_r/appdata/roaming/xpacks/arm-none-eabi-gcc/10.3.1-2.3/bin/../lib/gcc/arm-none-eabi/10.3.1/../../../../arm-none-eabi/lib/thumb/v7e-m+fp/hard\libg_nano.a(lib_a-strlen.o)
                0x0000000008006f82                strlen
 .text.sulp     0x0000000008006f92       0x38 c:/users/zoy_r/appdata/roaming/xpacks/arm-none-eabi-gcc/10.3.1-2.3/bin/../lib/gcc/arm-none-eabi/10.3.1/../../../../arm-none-eabi/lib/thumb/v7e-m+fp/hard\libg_nano.a(lib_a-strtod.o)
 *fill*         0x0000000008006fca        0x6 
 .text._strtod_l
                0x0000000008006fd0      0xc0c c:/users/zoy_r/appdata/roaming/xpacks/arm-none-eabi-gcc/10.3.1-2.3/bin/../lib/gcc/arm-none-eabi/10.3.1/../../../../arm-none-eabi/lib/thumb/v7e-m+fp/hard\libg_nano.a(lib_a-strtod.o)
                0x0000000008006fd0                _strtod_l
 .text._strtod_r
                0x0000000008007bdc        0xc c:/users/zoy_r/appdata/roaming/xpacks/arm-none-eabi-gcc/10.3.1-2.3/bin/../lib/gcc/arm-none-eabi/10.3.1/../../../../arm-none-eabi/lib/thumb/v7e-m+fp/hard\libg_nano.a(lib_a-strtod.o)
                0x0000000008007bdc                _strtod_r
 .text._strtol_l.constprop.0
                0x0000000008007be8      0x104 c:/users/zoy_r/appdata/roaming/xpacks/arm-none-eabi-gcc/10.3.1-2.3/bin/../lib/gcc/arm-none-eabi/10.3.1/../../../../arm-none-eabi/lib/thumb/v7e-m+fp/hard\libg_nano.a(lib_a-strtol.o)
 .text._strtol_r
                0x0000000008007cec        0x4 c:/users/zoy_r/appdata/roaming/xpacks/arm-none-eabi-gcc/10.3.1-2.3/bin/../lib/gcc/arm-none-eabi/10.3.1/../../../../arm-none-eabi/lib/thumb/v7e-m+fp/hard\libg_nano.a(lib_a-strtol.o)
                0x0000000008007cec                _strtol_r
 .text.__submore
                0x0000000008007cf0       0x74 c:/users/zoy_r/appdata/roaming/xpacks/arm-none-eabi-gcc/10.3.1-2.3/bin/../lib/gcc/arm-none-eabi/10.3.1/../../../../arm-none-eabi/lib/thumb/v7e-m+fp/hard\libg_nano.a(lib_a-ungetc.o)
                0x0000000008007cf0                __submore
 .text._ungetc_r
                0x0000000008007d64      0x130 c:/users/zoy_r/appdata/roaming/xpacks/arm-none-eabi-gcc/10.3.1-2.3/bin/../lib/gcc/arm-none-eabi/10.3.1/../../../../arm-none-eabi/lib/thumb/v7e-m+fp/hard\libg_nano.a(lib_a-ungetc.o)
                0x0000000008007d64                _ungetc_r
 .text.ungetc   0x0000000008007e94       0x10 c:/users/zoy_r/appdata/roaming/xpacks/arm-none-eabi-gcc/10.3.1-2.3/bin/../lib/gcc/arm-none-eabi/10.3.1/../../../../arm-none-eabi/lib/thumb/v7e-m+fp/hard\libg_nano.a(lib_a-ungetc.o)
                0x0000000008007e94                ungetc
 .text._vsnprintf_r
                0x0000000008007ea4       0x56 c:/users/zoy_r/appdata/roaming/xpacks/arm-none-eabi-gcc/10.3.1-2.3/bin/../lib/gcc/arm-none-eabi/10.3.1/../../../../arm-none-eabi/lib/thumb/v7e-m+fp/hard\libg_nano.a(lib_a-vsnprintf.o)
                0x0000000008007ea4                _vsniprintf_r
                0x0000000008007ea4                _vsnprintf_r
 *fill*         0x0000000008007efa        0x2 
 .text.vsnprintf
                0x0000000008007efc       0x1c c:/users/zoy_r/appdata/roaming/xpacks/arm-none-eabi-gcc/10.3.1-2.3/bin/../lib/gcc/arm-none-eabi/10.3.1/../../../../arm-none-eabi/lib/thumb/v7e-m+fp/hard\libg_nano.a(lib_a-vsnprintf.o)
                0x0000000008007efc                vsniprintf
                0x0000000008007efc                vsnprintf
 .text._write_r
                0x0000000008007f18       0x24 c:/users/zoy_r/appdata/roaming/xpacks/arm-none-eabi-gcc/10.3.1-2.3/bin/../lib/gcc/arm-none-eabi/10.3.1/../../../../arm-none-eabi/lib/thumb/v7e-m+fp/hard\libg_nano.a(lib_a-writer.o)
                0x0000000008007f18                _write_r
 .text._close_r
                0x0000000008007f3c       0x20 c:/users/zoy_r/appdata/roaming/xpacks/arm-none-eabi-gcc/10.3.1-2.3/bin/../lib/gcc/arm-none-eabi/10.3.1/../../../../arm-none-eabi/lib/thumb/v7e-m+fp/hard\libg_nano.a(lib_a-closer.o)
                0x0000000008007f3c                _close_r
 .text.quorem   0x0000000008007f5c      0x116 c:/users/zoy_r/appdata/roaming/xpacks/arm-none-eabi-gcc/10.3.1-2.3/bin/../lib/gcc/arm-none-eabi/10.3.1/../../../../arm-none-eabi/lib/thumb/v7e-m+fp/hard\libg_nano.a(lib_a-dtoa.o)
 *fill*         0x0000000008008072        0x6 
 .text._dtoa_r  0x0000000008008078      0xbdc c:/users/zoy_r/appdata/roaming/xpacks/arm-none-eabi-gcc/10.3.1-2.3/bin/../lib/gcc/arm-none-eabi/10.3.1/../../../../arm-none-eabi/lib/thumb/v7e-m+fp/hard\libg_nano.a(lib_a-dtoa.o)
                0x0000000008008078                _dtoa_r
 .text.__sflush_r
                0x0000000008008c54      0x10c c:/users/zoy_r/appdata/roaming/xpacks/arm-none-eabi-gcc/10.3.1-2.3/bin/../lib/gcc/arm-none-eabi/10.3.1/../../../../arm-none-eabi/lib/thumb/v7e-m+fp/hard\libg_nano.a(lib_a-fflush.o)
                0x0000000008008c54                __sflush_r
 .text._fflush_r
                0x0000000008008d60       0x78 c:/users/zoy_r/appdata/roaming/xpacks/arm-none-eabi-gcc/10.3.1-2.3/bin/../lib/gcc/arm-none-eabi/10.3.1/../../../../arm-none-eabi/lib/thumb/v7e-m+fp/hard\libg_nano.a(lib_a-fflush.o)
                0x0000000008008d60                _fflush_r
 .text.fflush   0x0000000008008dd8       0x24 c:/users/zoy_r/appdata/roaming/xpacks/arm-none-eabi-gcc/10.3.1-2.3/bin/../lib/gcc/arm-none-eabi/10.3.1/../../../../arm-none-eabi/lib/thumb/v7e-m+fp/hard\libg_nano.a(lib_a-fflush.o)
                0x0000000008008dd8                fflush
 .text.rshift   0x0000000008008dfc       0xa4 c:/users/zoy_r/appdata/roaming/xpacks/arm-none-eabi-gcc/10.3.1-2.3/bin/../lib/gcc/arm-none-eabi/10.3.1/../../../../arm-none-eabi/lib/thumb/v7e-m+fp/hard\libg_nano.a(lib_a-gdtoa-gethex.o)
 .text.__hexdig_fun
                0x0000000008008ea0       0x2a c:/users/zoy_r/appdata/roaming/xpacks/arm-none-eabi-gcc/10.3.1-2.3/bin/../lib/gcc/arm-none-eabi/10.3.1/../../../../arm-none-eabi/lib/thumb/v7e-m+fp/hard\libg_nano.a(lib_a-gdtoa-gethex.o)
                0x0000000008008ea0                __hexdig_fun
 *fill*         0x0000000008008eca        0x2 
 .text.__gethex
                0x0000000008008ecc      0x48c c:/users/zoy_r/appdata/roaming/xpacks/arm-none-eabi-gcc/10.3.1-2.3/bin/../lib/gcc/arm-none-eabi/10.3.1/../../../../arm-none-eabi/lib/thumb/v7e-m+fp/hard\libg_nano.a(lib_a-gdtoa-gethex.o)
                0x0000000008008ecc                __gethex
 .text.L_shift  0x0000000008009358       0x24 c:/users/zoy_r/appdata/roaming/xpacks/arm-none-eabi-gcc/10.3.1-2.3/bin/../lib/gcc/arm-none-eabi/10.3.1/../../../../arm-none-eabi/lib/thumb/v7e-m+fp/hard\libg_nano.a(lib_a-gdtoa-hexnan.o)
 .text.__match  0x000000000800937c       0x28 c:/users/zoy_r/appdata/roaming/xpacks/arm-none-eabi-gcc/10.3.1-2.3/bin/../lib/gcc/arm-none-eabi/10.3.1/../../../../arm-none-eabi/lib/thumb/v7e-m+fp/hard\libg_nano.a(lib_a-gdtoa-hexnan.o)
                0x000000000800937c                __match
 .text.__hexnan
                0x00000000080093a4      0x138 c:/users/zoy_r/appdata/roaming/xpacks/arm-none-eabi-gcc/10.3.1-2.3/bin/../lib/gcc/arm-none-eabi/10.3.1/../../../../arm-none-eabi/lib/thumb/v7e-m+fp/hard\libg_nano.a(lib_a-gdtoa-hexnan.o)
                0x00000000080093a4                __hexnan
 .text._localeconv_r
                0x00000000080094dc        0x8 c:/users/zoy_r/appdata/roaming/xpacks/arm-none-eabi-gcc/10.3.1-2.3/bin/../lib/gcc/arm-none-eabi/10.3.1/../../../../arm-none-eabi/lib/thumb/v7e-m+fp/hard\libg_nano.a(lib_a-localeconv.o)
                0x00000000080094dc                _localeconv_r
 .text._lseek_r
                0x00000000080094e4       0x24 c:/users/zoy_r/appdata/roaming/xpacks/arm-none-eabi-gcc/10.3.1-2.3/bin/../lib/gcc/arm-none-eabi/10.3.1/../../../../arm-none-eabi/lib/thumb/v7e-m+fp/hard\libg_nano.a(lib_a-lseekr.o)
                0x00000000080094e4                _lseek_r
 .text.malloc   0x0000000008009508       0x10 c:/users/zoy_r/appdata/roaming/xpacks/arm-none-eabi-gcc/10.3.1-2.3/bin/../lib/gcc/arm-none-eabi/10.3.1/../../../../arm-none-eabi/lib/thumb/v7e-m+fp/hard\libg_nano.a(lib_a-malloc.o)
                0x0000000008009508                malloc
 .text.__ascii_mbtowc
                0x0000000008009518       0x24 c:/users/zoy_r/appdata/roaming/xpacks/arm-none-eabi-gcc/10.3.1-2.3/bin/../lib/gcc/arm-none-eabi/10.3.1/../../../../arm-none-eabi/lib/thumb/v7e-m+fp/hard\libg_nano.a(lib_a-mbtowc_r.o)
                0x0000000008009518                __ascii_mbtowc
 *fill*         0x000000000800953c        0x4 
 .text          0x0000000008009540       0xa0 c:/users/zoy_r/appdata/roaming/xpacks/arm-none-eabi-gcc/10.3.1-2.3/bin/../lib/gcc/arm-none-eabi/10.3.1/../../../../arm-none-eabi/lib/thumb/v7e-m+fp/hard\libg_nano.a(lib_a-memchr.o)
                0x0000000008009540                memchr
 .text.memcpy   0x00000000080095e0       0x1c c:/users/zoy_r/appdata/roaming/xpacks/arm-none-eabi-gcc/10.3.1-2.3/bin/../lib/gcc/arm-none-eabi/10.3.1/../../../../arm-none-eabi/lib/thumb/v7e-m+fp/hard\libg_nano.a(lib_a-memcpy-stub.o)
                0x00000000080095e0                memcpy
 .text.__malloc_lock
                0x00000000080095fc        0xc c:/users/zoy_r/appdata/roaming/xpacks/arm-none-eabi-gcc/10.3.1-2.3/bin/../lib/gcc/arm-none-eabi/10.3.1/../../../../arm-none-eabi/lib/thumb/v7e-m+fp/hard\libg_nano.a(lib_a-mlock.o)
                0x00000000080095fc                __malloc_lock
 .text.__malloc_unlock
                0x0000000008009608        0xc c:/users/zoy_r/appdata/roaming/xpacks/arm-none-eabi-gcc/10.3.1-2.3/bin/../lib/gcc/arm-none-eabi/10.3.1/../../../../arm-none-eabi/lib/thumb/v7e-m+fp/hard\libg_nano.a(lib_a-mlock.o)
                0x0000000008009608                __malloc_unlock
 .text._Balloc  0x0000000008009614       0x80 c:/users/zoy_r/appdata/roaming/xpacks/arm-none-eabi-gcc/10.3.1-2.3/bin/../lib/gcc/arm-none-eabi/10.3.1/../../../../arm-none-eabi/lib/thumb/v7e-m+fp/hard\libg_nano.a(lib_a-mprec.o)
                0x0000000008009614                _Balloc
 .text._Bfree   0x0000000008009694       0x44 c:/users/zoy_r/appdata/roaming/xpacks/arm-none-eabi-gcc/10.3.1-2.3/bin/../lib/gcc/arm-none-eabi/10.3.1/../../../../arm-none-eabi/lib/thumb/v7e-m+fp/hard\libg_nano.a(lib_a-mprec.o)
                0x0000000008009694                _Bfree
 .text.__multadd
                0x00000000080096d8       0x8c c:/users/zoy_r/appdata/roaming/xpacks/arm-none-eabi-gcc/10.3.1-2.3/bin/../lib/gcc/arm-none-eabi/10.3.1/../../../../arm-none-eabi/lib/thumb/v7e-m+fp/hard\libg_nano.a(lib_a-mprec.o)
                0x00000000080096d8                __multadd
 .text.__s2b    0x0000000008009764       0x94 c:/users/zoy_r/appdata/roaming/xpacks/arm-none-eabi-gcc/10.3.1-2.3/bin/../lib/gcc/arm-none-eabi/10.3.1/../../../../arm-none-eabi/lib/thumb/v7e-m+fp/hard\libg_nano.a(lib_a-mprec.o)
                0x0000000008009764                __s2b
 .text.__hi0bits
                0x00000000080097f8       0x40 c:/users/zoy_r/appdata/roaming/xpacks/arm-none-eabi-gcc/10.3.1-2.3/bin/../lib/gcc/arm-none-eabi/10.3.1/../../../../arm-none-eabi/lib/thumb/v7e-m+fp/hard\libg_nano.a(lib_a-mprec.o)
                0x00000000080097f8                __hi0bits
 .text.__lo0bits
                0x0000000008009838       0x5e c:/users/zoy_r/appdata/roaming/xpacks/arm-none-eabi-gcc/10.3.1-2.3/bin/../lib/gcc/arm-none-eabi/10.3.1/../../../../arm-none-eabi/lib/thumb/v7e-m+fp/hard\libg_nano.a(lib_a-mprec.o)
                0x0000000008009838                __lo0bits
 *fill*         0x0000000008009896        0x2 
 .text.__i2b    0x0000000008009898       0x2c c:/users/zoy_r/appdata/roaming/xpacks/arm-none-eabi-gcc/10.3.1-2.3/bin/../lib/gcc/arm-none-eabi/10.3.1/../../../../arm-none-eabi/lib/thumb/v7e-m+fp/hard\libg_nano.a(lib_a-mprec.o)
                0x0000000008009898                __i2b
 .text.__multiply
                0x00000000080098c4      0x154 c:/users/zoy_r/appdata/roaming/xpacks/arm-none-eabi-gcc/10.3.1-2.3/bin/../lib/gcc/arm-none-eabi/10.3.1/../../../../arm-none-eabi/lib/thumb/v7e-m+fp/hard\libg_nano.a(lib_a-mprec.o)
                0x00000000080098c4                __multiply
 .text.__pow5mult
                0x0000000008009a18       0xb4 c:/users/zoy_r/appdata/roaming/xpacks/arm-none-eabi-gcc/10.3.1-2.3/bin/../lib/gcc/arm-none-eabi/10.3.1/../../../../arm-none-eabi/lib/thumb/v7e-m+fp/hard\libg_nano.a(lib_a-mprec.o)
                0x0000000008009a18                __pow5mult
 .text.__lshift
                0x0000000008009acc       0xe0 c:/users/zoy_r/appdata/roaming/xpacks/arm-none-eabi-gcc/10.3.1-2.3/bin/../lib/gcc/arm-none-eabi/10.3.1/../../../../arm-none-eabi/lib/thumb/v7e-m+fp/hard\libg_nano.a(lib_a-mprec.o)
                0x0000000008009acc                __lshift
 .text.__mcmp   0x0000000008009bac       0x38 c:/users/zoy_r/appdata/roaming/xpacks/arm-none-eabi-gcc/10.3.1-2.3/bin/../lib/gcc/arm-none-eabi/10.3.1/../../../../arm-none-eabi/lib/thumb/v7e-m+fp/hard\libg_nano.a(lib_a-mprec.o)
                0x0000000008009bac                __mcmp
 .text.__mdiff  0x0000000008009be4      0x114 c:/users/zoy_r/appdata/roaming/xpacks/arm-none-eabi-gcc/10.3.1-2.3/bin/../lib/gcc/arm-none-eabi/10.3.1/../../../../arm-none-eabi/lib/thumb/v7e-m+fp/hard\libg_nano.a(lib_a-mprec.o)
                0x0000000008009be4                __mdiff
 .text.__ulp    0x0000000008009cf8       0x58 c:/users/zoy_r/appdata/roaming/xpacks/arm-none-eabi-gcc/10.3.1-2.3/bin/../lib/gcc/arm-none-eabi/10.3.1/../../../../arm-none-eabi/lib/thumb/v7e-m+fp/hard\libg_nano.a(lib_a-mprec.o)
                0x0000000008009cf8                __ulp
 .text.__b2d    0x0000000008009d50       0xa0 c:/users/zoy_r/appdata/roaming/xpacks/arm-none-eabi-gcc/10.3.1-2.3/bin/../lib/gcc/arm-none-eabi/10.3.1/../../../../arm-none-eabi/lib/thumb/v7e-m+fp/hard\libg_nano.a(lib_a-mprec.o)
                0x0000000008009d50                __b2d
 .text.__d2b    0x0000000008009df0       0xb8 c:/users/zoy_r/appdata/roaming/xpacks/arm-none-eabi-gcc/10.3.1-2.3/bin/../lib/gcc/arm-none-eabi/10.3.1/../../../../arm-none-eabi/lib/thumb/v7e-m+fp/hard\libg_nano.a(lib_a-mprec.o)
                0x0000000008009df0                __d2b
 .text.__ratio  0x0000000008009ea8       0x66 c:/users/zoy_r/appdata/roaming/xpacks/arm-none-eabi-gcc/10.3.1-2.3/bin/../lib/gcc/arm-none-eabi/10.3.1/../../../../arm-none-eabi/lib/thumb/v7e-m+fp/hard\libg_nano.a(lib_a-mprec.o)
                0x0000000008009ea8                __ratio
 .text.__copybits
                0x0000000008009f0e       0x46 c:/users/zoy_r/appdata/roaming/xpacks/arm-none-eabi-gcc/10.3.1-2.3/bin/../lib/gcc/arm-none-eabi/10.3.1/../../../../arm-none-eabi/lib/thumb/v7e-m+fp/hard\libg_nano.a(lib_a-mprec.o)
                0x0000000008009f0e                __copybits
 .text.__any_on
                0x0000000008009f54       0x42 c:/users/zoy_r/appdata/roaming/xpacks/arm-none-eabi-gcc/10.3.1-2.3/bin/../lib/gcc/arm-none-eabi/10.3.1/../../../../arm-none-eabi/lib/thumb/v7e-m+fp/hard\libg_nano.a(lib_a-mprec.o)
                0x0000000008009f54                __any_on
 .text._calloc_r
                0x0000000008009f96       0x2c c:/users/zoy_r/appdata/roaming/xpacks/arm-none-eabi-gcc/10.3.1-2.3/bin/../lib/gcc/arm-none-eabi/10.3.1/../../../../arm-none-eabi/lib/thumb/v7e-m+fp/hard\libg_nano.a(lib_a-nano-callocr.o)
                0x0000000008009f96                _calloc_r
 *fill*         0x0000000008009fc2        0x2 
 .text._free_r  0x0000000008009fc4       0x98 c:/users/zoy_r/appdata/roaming/xpacks/arm-none-eabi-gcc/10.3.1-2.3/bin/../lib/gcc/arm-none-eabi/10.3.1/../../../../arm-none-eabi/lib/thumb/v7e-m+fp/hard\libg_nano.a(lib_a-nano-freer.o)
                0x0000000008009fc4                _free_r
 .text._realloc_r
                0x000000000800a05c       0x5e c:/users/zoy_r/appdata/roaming/xpacks/arm-none-eabi-gcc/10.3.1-2.3/bin/../lib/gcc/arm-none-eabi/10.3.1/../../../../arm-none-eabi/lib/thumb/v7e-m+fp/hard\libg_nano.a(lib_a-nano-reallocr.o)
                0x000000000800a05c                _realloc_r
 .text.__ssputs_r
                0x000000000800a0ba       0xb6 c:/users/zoy_r/appdata/roaming/xpacks/arm-none-eabi-gcc/10.3.1-2.3/bin/../lib/gcc/arm-none-eabi/10.3.1/../../../../arm-none-eabi/lib/thumb/v7e-m+fp/hard\libg_nano.a(lib_a-nano-svfprintf.o)
                0x000000000800a0ba                __ssputs_r
 .text._svfprintf_r
                0x000000000800a170      0x200 c:/users/zoy_r/appdata/roaming/xpacks/arm-none-eabi-gcc/10.3.1-2.3/bin/../lib/gcc/arm-none-eabi/10.3.1/../../../../arm-none-eabi/lib/thumb/v7e-m+fp/hard\libg_nano.a(lib_a-nano-svfprintf.o)
                0x000000000800a170                _svfiprintf_r
                0x000000000800a170                _svfprintf_r
 .text.__svfscanf_r
                0x000000000800a370      0x34c c:/users/zoy_r/appdata/roaming/xpacks/arm-none-eabi-gcc/10.3.1-2.3/bin/../lib/gcc/arm-none-eabi/10.3.1/../../../../arm-none-eabi/lib/thumb/v7e-m+fp/hard\libg_nano.a(lib_a-nano-vfscanf.o)
                0x000000000800a370                __svfscanf_r
                0x000000000800a370                __svfiscanf_r
 .text._vfscanf_r
                0x000000000800a6bc       0x50 c:/users/zoy_r/appdata/roaming/xpacks/arm-none-eabi-gcc/10.3.1-2.3/bin/../lib/gcc/arm-none-eabi/10.3.1/../../../../arm-none-eabi/lib/thumb/v7e-m+fp/hard\libg_nano.a(lib_a-nano-vfscanf.o)
                0x000000000800a6bc                _vfscanf_r
                0x000000000800a6bc                _vfiscanf_r
 .text._read_r  0x000000000800a70c       0x24 c:/users/zoy_r/appdata/roaming/xpacks/arm-none-eabi-gcc/10.3.1-2.3/bin/../lib/gcc/arm-none-eabi/10.3.1/../../../../arm-none-eabi/lib/thumb/v7e-m+fp/hard\libg_nano.a(lib_a-readr.o)
                0x000000000800a70c                _read_r
 .text.lflush   0x000000000800a730       0x12 c:/users/zoy_r/appdata/roaming/xpacks/arm-none-eabi-gcc/10.3.1-2.3/bin/../lib/gcc/arm-none-eabi/10.3.1/../../../../arm-none-eabi/lib/thumb/v7e-m+fp/hard\libg_nano.a(lib_a-refill.o)
 *fill*         0x000000000800a742        0x2 
 .text.__srefill_r
                0x000000000800a744      0x114 c:/users/zoy_r/appdata/roaming/xpacks/arm-none-eabi-gcc/10.3.1-2.3/bin/../lib/gcc/arm-none-eabi/10.3.1/../../../../arm-none-eabi/lib/thumb/v7e-m+fp/hard\libg_nano.a(lib_a-refill.o)
                0x000000000800a744                __srefill_r
 .text.__sccl   0x000000000800a858       0x70 c:/users/zoy_r/appdata/roaming/xpacks/arm-none-eabi-gcc/10.3.1-2.3/bin/../lib/gcc/arm-none-eabi/10.3.1/../../../../arm-none-eabi/lib/thumb/v7e-m+fp/hard\libg_nano.a(lib_a-sccl.o)
                0x000000000800a858                __sccl
 .text.nan      0x000000000800a8c8       0x10 c:/users/zoy_r/appdata/roaming/xpacks/arm-none-eabi-gcc/10.3.1-2.3/bin/../lib/gcc/arm-none-eabi/10.3.1/../../../../arm-none-eabi/lib/thumb/v7e-m+fp/hard\libg_nano.a(lib_a-s_nan.o)
                0x000000000800a8c8                nan
 .text.strncmp  0x000000000800a8d8       0x28 c:/users/zoy_r/appdata/roaming/xpacks/arm-none-eabi-gcc/10.3.1-2.3/bin/../lib/gcc/arm-none-eabi/10.3.1/../../../../arm-none-eabi/lib/thumb/v7e-m+fp/hard\libg_nano.a(lib_a-strncmp.o)
                0x000000000800a8d8                strncmp
 .text.__ascii_wctomb
                0x000000000800a900       0x1a c:/users/zoy_r/appdata/roaming/xpacks/arm-none-eabi-gcc/10.3.1-2.3/bin/../lib/gcc/arm-none-eabi/10.3.1/../../../../arm-none-eabi/lib/thumb/v7e-m+fp/hard\libg_nano.a(lib_a-wctomb_r.o)
                0x000000000800a900                __ascii_wctomb
 .text.__swhatbuf_r
                0x000000000800a91a       0x4a c:/users/zoy_r/appdata/roaming/xpacks/arm-none-eabi-gcc/10.3.1-2.3/bin/../lib/gcc/arm-none-eabi/10.3.1/../../../../arm-none-eabi/lib/thumb/v7e-m+fp/hard\libg_nano.a(lib_a-makebuf.o)
                0x000000000800a91a                __swhatbuf_r
 .text.__smakebuf_r
                0x000000000800a964       0x80 c:/users/zoy_r/appdata/roaming/xpacks/arm-none-eabi-gcc/10.3.1-2.3/bin/../lib/gcc/arm-none-eabi/10.3.1/../../../../arm-none-eabi/lib/thumb/v7e-m+fp/hard\libg_nano.a(lib_a-makebuf.o)
                0x000000000800a964                __smakebuf_r
 .text.memmove  0x000000000800a9e4       0x34 c:/users/zoy_r/appdata/roaming/xpacks/arm-none-eabi-gcc/10.3.1-2.3/bin/../lib/gcc/arm-none-eabi/10.3.1/../../../../arm-none-eabi/lib/thumb/v7e-m+fp/hard\libg_nano.a(lib_a-memmove.o)
                0x000000000800a9e4                memmove
 .text._malloc_usable_size_r
                0x000000000800aa18       0x10 c:/users/zoy_r/appdata/roaming/xpacks/arm-none-eabi-gcc/10.3.1-2.3/bin/../lib/gcc/arm-none-eabi/10.3.1/../../../../arm-none-eabi/lib/thumb/v7e-m+fp/hard\libg_nano.a(lib_a-nano-msizer.o)
                0x000000000800aa18                _malloc_usable_size_r
 .text._scanf_chars
                0x000000000800aa28       0xb4 c:/users/zoy_r/appdata/roaming/xpacks/arm-none-eabi-gcc/10.3.1-2.3/bin/../lib/gcc/arm-none-eabi/10.3.1/../../../../arm-none-eabi/lib/thumb/v7e-m+fp/hard\libg_nano.a(lib_a-nano-vfscanf_i.o)
                0x000000000800aa28                _scanf_chars
 .text._scanf_i
                0x000000000800aadc      0x1f0 c:/users/zoy_r/appdata/roaming/xpacks/arm-none-eabi-gcc/10.3.1-2.3/bin/../lib/gcc/arm-none-eabi/10.3.1/../../../../arm-none-eabi/lib/thumb/v7e-m+fp/hard\libg_nano.a(lib_a-nano-vfscanf_i.o)
                0x000000000800aadc                _scanf_i
 .text._strtoul_l.constprop.0
                0x000000000800accc       0xe4 c:/users/zoy_r/appdata/roaming/xpacks/arm-none-eabi-gcc/10.3.1-2.3/bin/../lib/gcc/arm-none-eabi/10.3.1/../../../../arm-none-eabi/lib/thumb/v7e-m+fp/hard\libg_nano.a(lib_a-strtoul.o)
 .text._strtoul_r
                0x000000000800adb0        0x4 c:/users/zoy_r/appdata/roaming/xpacks/arm-none-eabi-gcc/10.3.1-2.3/bin/../lib/gcc/arm-none-eabi/10.3.1/../../../../arm-none-eabi/lib/thumb/v7e-m+fp/hard\libg_nano.a(lib_a-strtoul.o)
                0x000000000800adb0                _strtoul_r
 .text._fstat_r
                0x000000000800adb4       0x24 c:/users/zoy_r/appdata/roaming/xpacks/arm-none-eabi-gcc/10.3.1-2.3/bin/../lib/gcc/arm-none-eabi/10.3.1/../../../../arm-none-eabi/lib/thumb/v7e-m+fp/hard\libg_nano.a(lib_a-fstatr.o)
                0x000000000800adb4                _fstat_r
 .text._isatty_r
                0x000000000800add8       0x20 c:/users/zoy_r/appdata/roaming/xpacks/arm-none-eabi-gcc/10.3.1-2.3/bin/../lib/gcc/arm-none-eabi/10.3.1/../../../../arm-none-eabi/lib/thumb/v7e-m+fp/hard\libg_nano.a(lib_a-isattyr.o)
                0x000000000800add8                _isatty_r
 .text          0x000000000800adf8      0x424 c:/users/zoy_r/appdata/roaming/xpacks/arm-none-eabi-gcc/10.3.1-2.3/bin/../lib/gcc/arm-none-eabi/10.3.1/thumb/v7e-m+fp/hard\libgcc.a(_arm_muldivdf3.o)
                0x000000000800adf8                __aeabi_dmul
                0x000000000800adf8                __muldf3
                0x000000000800b04c                __divdf3
                0x000000000800b04c                __aeabi_ddiv
 .text          0x000000000800b21c      0x110 c:/users/zoy_r/appdata/roaming/xpacks/arm-none-eabi-gcc/10.3.1-2.3/bin/../lib/gcc/arm-none-eabi/10.3.1/thumb/v7e-m+fp/hard\libgcc.a(_arm_cmpdf2.o)
                0x000000000800b21c                __gtdf2
                0x000000000800b21c                __gedf2
                0x000000000800b224                __ltdf2
                0x000000000800b224                __ledf2
                0x000000000800b22c                __nedf2
                0x000000000800b22c                __eqdf2
                0x000000000800b22c                __cmpdf2
                0x000000000800b2a8                __aeabi_cdrcmple
                0x000000000800b2b8                __aeabi_cdcmpeq
                0x000000000800b2b8                __aeabi_cdcmple
                0x000000000800b2c8                __aeabi_dcmpeq
                0x000000000800b2dc                __aeabi_dcmplt
                0x000000000800b2f0                __aeabi_dcmple
                0x000000000800b304                __aeabi_dcmpge
                0x000000000800b318                __aeabi_dcmpgt
 .text          0x000000000800b32c       0x2c c:/users/zoy_r/appdata/roaming/xpacks/arm-none-eabi-gcc/10.3.1-2.3/bin/../lib/gcc/arm-none-eabi/10.3.1/thumb/v7e-m+fp/hard\libgcc.a(_arm_unorddf2.o)
                0x000000000800b32c                __unorddf2
                0x000000000800b32c                __aeabi_dcmpun
 .text          0x000000000800b358       0x40 c:/users/zoy_r/appdata/roaming/xpacks/arm-none-eabi-gcc/10.3.1-2.3/bin/../lib/gcc/arm-none-eabi/10.3.1/thumb/v7e-m+fp/hard\libgcc.a(_arm_fixunsdfsi.o)
                0x000000000800b358                __aeabi_d2uiz
                0x000000000800b358                __fixunsdfsi
 .text.__fixdfdi
                0x000000000800b398       0x30 c:/users/zoy_r/appdata/roaming/xpacks/arm-none-eabi-gcc/10.3.1-2.3/bin/../lib/gcc/arm-none-eabi/10.3.1/thumb/v7e-m+fp/hard\libgcc.a(_fixdfdi.o)
                0x000000000800b398                __fixdfdi
                0x000000000800b398                __aeabi_d2lz
 .text.__fixunsdfdi
                0x000000000800b3c8       0x3c c:/users/zoy_r/appdata/roaming/xpacks/arm-none-eabi-gcc/10.3.1-2.3/bin/../lib/gcc/arm-none-eabi/10.3.1/thumb/v7e-m+fp/hard\libgcc.a(_fixunsdfdi.o)
                0x000000000800b3c8                __fixunsdfdi
                0x000000000800b3c8                __aeabi_d2ulz
 .text.selfrel_offset31
                0x000000000800b404       0x14 c:/users/zoy_r/appdata/roaming/xpacks/arm-none-eabi-gcc/10.3.1-2.3/bin/../lib/gcc/arm-none-eabi/10.3.1/thumb/v7e-m+fp/hard\libgcc.a(unwind-arm.o)
 .text.search_EIT_table
                0x000000000800b418       0x5c c:/users/zoy_r/appdata/roaming/xpacks/arm-none-eabi-gcc/10.3.1-2.3/bin/../lib/gcc/arm-none-eabi/10.3.1/thumb/v7e-m+fp/hard\libgcc.a(unwind-arm.o)
 .text.__gnu_unwind_get_pr_addr
                0x000000000800b474       0x28 c:/users/zoy_r/appdata/roaming/xpacks/arm-none-eabi-gcc/10.3.1-2.3/bin/../lib/gcc/arm-none-eabi/10.3.1/thumb/v7e-m+fp/hard\libgcc.a(unwind-arm.o)
 .text.get_eit_entry
                0x000000000800b49c       0x9c c:/users/zoy_r/appdata/roaming/xpacks/arm-none-eabi-gcc/10.3.1-2.3/bin/../lib/gcc/arm-none-eabi/10.3.1/thumb/v7e-m+fp/hard\libgcc.a(unwind-arm.o)
 .text.restore_non_core_regs
                0x000000000800b538       0x58 c:/users/zoy_r/appdata/roaming/xpacks/arm-none-eabi-gcc/10.3.1-2.3/bin/../lib/gcc/arm-none-eabi/10.3.1/thumb/v7e-m+fp/hard\libgcc.a(unwind-arm.o)
 .text._Unwind_decode_typeinfo_ptr.constprop.0
                0x000000000800b590        0xc c:/users/zoy_r/appdata/roaming/xpacks/arm-none-eabi-gcc/10.3.1-2.3/bin/../lib/gcc/arm-none-eabi/10.3.1/thumb/v7e-m+fp/hard\libgcc.a(unwind-arm.o)
 .text._Unwind_DebugHook
                0x000000000800b59c        0x4 c:/users/zoy_r/appdata/roaming/xpacks/arm-none-eabi-gcc/10.3.1-2.3/bin/../lib/gcc/arm-none-eabi/10.3.1/thumb/v7e-m+fp/hard\libgcc.a(unwind-arm.o)
 .text.unwind_phase2
                0x000000000800b5a0       0x3c c:/users/zoy_r/appdata/roaming/xpacks/arm-none-eabi-gcc/10.3.1-2.3/bin/../lib/gcc/arm-none-eabi/10.3.1/thumb/v7e-m+fp/hard\libgcc.a(unwind-arm.o)
 .text.unwind_phase2_forced
                0x000000000800b5dc       0xcc c:/users/zoy_r/appdata/roaming/xpacks/arm-none-eabi-gcc/10.3.1-2.3/bin/../lib/gcc/arm-none-eabi/10.3.1/thumb/v7e-m+fp/hard\libgcc.a(unwind-arm.o)
 .text.__gnu_Unwind_RaiseException
                0x000000000800b6a8       0x68 c:/users/zoy_r/appdata/roaming/xpacks/arm-none-eabi-gcc/10.3.1-2.3/bin/../lib/gcc/arm-none-eabi/10.3.1/thumb/v7e-m+fp/hard\libgcc.a(unwind-arm.o)
                0x000000000800b6a8                __gnu_Unwind_RaiseException
 .text.__gnu_Unwind_ForcedUnwind
                0x000000000800b710       0x10 c:/users/zoy_r/appdata/roaming/xpacks/arm-none-eabi-gcc/10.3.1-2.3/bin/../lib/gcc/arm-none-eabi/10.3.1/thumb/v7e-m+fp/hard\libgcc.a(unwind-arm.o)
                0x000000000800b710                __gnu_Unwind_ForcedUnwind
 .text.__gnu_Unwind_Resume
                0x000000000800b720       0x44 c:/users/zoy_r/appdata/roaming/xpacks/arm-none-eabi-gcc/10.3.1-2.3/bin/../lib/gcc/arm-none-eabi/10.3.1/thumb/v7e-m+fp/hard\libgcc.a(unwind-arm.o)
                0x000000000800b720                __gnu_Unwind_Resume
 .text.__gnu_Unwind_Resume_or_Rethrow
                0x000000000800b764       0x14 c:/users/zoy_r/appdata/roaming/xpacks/arm-none-eabi-gcc/10.3.1-2.3/bin/../lib/gcc/arm-none-eabi/10.3.1/thumb/v7e-m+fp/hard\libgcc.a(unwind-arm.o)
                0x000000000800b764                __gnu_Unwind_Resume_or_Rethrow
 .text._Unwind_VRS_Get
                0x000000000800b778       0x30 c:/users/zoy_r/appdata/roaming/xpacks/arm-none-eabi-gcc/10.3.1-2.3/bin/../lib/gcc/arm-none-eabi/10.3.1/thumb/v7e-m+fp/hard\libgcc.a(unwind-arm.o)
                0x000000000800b778                _Unwind_VRS_Get
 .text._Unwind_GetGR
                0x000000000800b7a8       0x1c c:/users/zoy_r/appdata/roaming/xpacks/arm-none-eabi-gcc/10.3.1-2.3/bin/../lib/gcc/arm-none-eabi/10.3.1/thumb/v7e-m+fp/hard\libgcc.a(unwind-arm.o)
 .text._Unwind_VRS_Set
                0x000000000800b7c4       0x30 c:/users/zoy_r/appdata/roaming/xpacks/arm-none-eabi-gcc/10.3.1-2.3/bin/../lib/gcc/arm-none-eabi/10.3.1/thumb/v7e-m+fp/hard\libgcc.a(unwind-arm.o)
                0x000000000800b7c4                _Unwind_VRS_Set
 .text._Unwind_SetGR
                0x000000000800b7f4       0x18 c:/users/zoy_r/appdata/roaming/xpacks/arm-none-eabi-gcc/10.3.1-2.3/bin/../lib/gcc/arm-none-eabi/10.3.1/thumb/v7e-m+fp/hard\libgcc.a(unwind-arm.o)
 .text.__gnu_Unwind_Backtrace
                0x000000000800b80c       0x84 c:/users/zoy_r/appdata/roaming/xpacks/arm-none-eabi-gcc/10.3.1-2.3/bin/../lib/gcc/arm-none-eabi/10.3.1/thumb/v7e-m+fp/hard\libgcc.a(unwind-arm.o)
                0x000000000800b80c                __gnu_Unwind_Backtrace
 .text.__gnu_unwind_pr_common
                0x000000000800b890      0x2a8 c:/users/zoy_r/appdata/roaming/xpacks/arm-none-eabi-gcc/10.3.1-2.3/bin/../lib/gcc/arm-none-eabi/10.3.1/thumb/v7e-m+fp/hard\libgcc.a(unwind-arm.o)
 .text.__aeabi_unwind_cpp_pr0
                0x000000000800bb38        0x8 c:/users/zoy_r/appdata/roaming/xpacks/arm-none-eabi-gcc/10.3.1-2.3/bin/../lib/gcc/arm-none-eabi/10.3.1/thumb/v7e-m+fp/hard\libgcc.a(unwind-arm.o)
                0x000000000800bb38                __aeabi_unwind_cpp_pr0
 .text.__aeabi_unwind_cpp_pr1
                0x000000000800bb40        0x8 c:/users/zoy_r/appdata/roaming/xpacks/arm-none-eabi-gcc/10.3.1-2.3/bin/../lib/gcc/arm-none-eabi/10.3.1/thumb/v7e-m+fp/hard\libgcc.a(unwind-arm.o)
                0x000000000800bb40                __aeabi_unwind_cpp_pr1
 .text.__aeabi_unwind_cpp_pr2
                0x000000000800bb48        0x8 c:/users/zoy_r/appdata/roaming/xpacks/arm-none-eabi-gcc/10.3.1-2.3/bin/../lib/gcc/arm-none-eabi/10.3.1/thumb/v7e-m+fp/hard\libgcc.a(unwind-arm.o)
                0x000000000800bb48                __aeabi_unwind_cpp_pr2
 .text._Unwind_VRS_Pop
                0x000000000800bb50      0x284 c:/users/zoy_r/appdata/roaming/xpacks/arm-none-eabi-gcc/10.3.1-2.3/bin/../lib/gcc/arm-none-eabi/10.3.1/thumb/v7e-m+fp/hard\libgcc.a(unwind-arm.o)
                0x000000000800bb50                _Unwind_VRS_Pop
 .text          0x000000000800bdd4      0x1ac c:/users/zoy_r/appdata/roaming/xpacks/arm-none-eabi-gcc/10.3.1-2.3/bin/../lib/gcc/arm-none-eabi/10.3.1/thumb/v7e-m+fp/hard\libgcc.a(libunwind.o)
                0x000000000800bdd4                __restore_core_regs
                0x000000000800bdd4                restore_core_regs
                0x000000000800bdec                __gnu_Unwind_Restore_VFP
                0x000000000800bdf4                __gnu_Unwind_Save_VFP
                0x000000000800bdfc                __gnu_Unwind_Restore_VFP_D
                0x000000000800be04                __gnu_Unwind_Save_VFP_D
                0x000000000800be0c                __gnu_Unwind_Restore_VFP_D_16_to_31
                0x000000000800be14                __gnu_Unwind_Save_VFP_D_16_to_31
                0x000000000800be1c                __gnu_Unwind_Restore_WMMXD
                0x000000000800be60                __gnu_Unwind_Save_WMMXD
                0x000000000800bea4                __gnu_Unwind_Restore_WMMXC
                0x000000000800beb8                __gnu_Unwind_Save_WMMXC
                0x000000000800becc                ___Unwind_RaiseException
                0x000000000800becc                _Unwind_RaiseException
                0x000000000800bef0                _Unwind_Resume
                0x000000000800bef0                ___Unwind_Resume
                0x000000000800bf14                _Unwind_Resume_or_Rethrow
                0x000000000800bf14                ___Unwind_Resume_or_Rethrow
                0x000000000800bf38                _Unwind_ForcedUnwind
                0x000000000800bf38                ___Unwind_ForcedUnwind
                0x000000000800bf5c                ___Unwind_Backtrace
                0x000000000800bf5c                _Unwind_Backtrace
 .text.next_unwind_byte
                0x000000000800bf80       0x38 c:/users/zoy_r/appdata/roaming/xpacks/arm-none-eabi-gcc/10.3.1-2.3/bin/../lib/gcc/arm-none-eabi/10.3.1/thumb/v7e-m+fp/hard\libgcc.a(pr-support.o)
 .text.__gnu_unwind_execute
                0x000000000800bfb8      0x2ac c:/users/zoy_r/appdata/roaming/xpacks/arm-none-eabi-gcc/10.3.1-2.3/bin/../lib/gcc/arm-none-eabi/10.3.1/thumb/v7e-m+fp/hard\libgcc.a(pr-support.o)
                0x000000000800bfb8                __gnu_unwind_execute
 *(.rodata .rodata.* .constdata .constdata.*)
 .rodata.HAL_NVIC_SetPriorityGrouping.str1.4
                0x000000000800c264       0x31 ./system/src/stm32f4-hal/stm32f4xx_hal_cortex.o
 *fill*         0x000000000800c295        0x3 
 .rodata.HAL_DMA_Init.str1.4
                0x000000000800c298       0x2e ./system/src/stm32f4-hal/stm32f4xx_hal_dma.o
 *fill*         0x000000000800c2c6        0x2 
 .rodata.flagBitshiftOffset.0
                0x000000000800c2c8        0x8 ./system/src/stm32f4-hal/stm32f4xx_hal_dma.o
 .rodata.HAL_GPIO_Init.str1.4
                0x000000000800c2d0       0x2f ./system/src/stm32f4-hal/stm32f4xx_hal_gpio.o
 *fill*         0x000000000800c2ff        0x1 
 .rodata.HAL_I2S_Init.str1.4
                0x000000000800c300       0x31 ./system/src/stm32f4-hal/stm32f4xx_hal_i2s_ex.o
 *fill*         0x000000000800c331        0x3 
 .rodata.HAL_RCC_OscConfig.str1.4
                0x000000000800c334       0x2e ./system/src/stm32f4-hal/stm32f4xx_hal_rcc.o
 *fill*         0x000000000800c362        0x2 
 .rodata.APBAHBPrescTable
                0x000000000800c364       0x10 ./system/src/stm32f4-hal/stm32f4xx_hal_rcc.o
                0x000000000800c364                APBAHBPrescTable
 .rodata.HAL_RCCEx_PeriphCLKConfig.str1.4
                0x000000000800c374       0x31 ./system/src/stm32f4-hal/stm32f4xx_hal_rcc_ex.o
 *fill*         0x000000000800c3a5        0x3 
 .rodata.HAL_SPI_Init.str1.4
                0x000000000800c3a8       0x2e ./system/src/stm32f4-hal/stm32f4xx_hal_spi.o
 *fill*         0x000000000800c3d6        0x2 
 .rodata.abort.str1.4
                0x000000000800c3d8       0x14 ./system/src/newlib/_exit.o
 .rodata.initialise_monitor_handles.str1.4
                0x000000000800c3ec        0x4 ./system/src/newlib/_syscalls.o
 .rodata.__assert_func.str1.4
                0x000000000800c3f0       0x3f ./system/src/newlib/assert.o
                                         0x43 (size before relaxing)
 *fill*         0x000000000800c42f        0x1 
 .rodata.assert_failed.str1.4
                0x000000000800c430       0x2b ./system/src/newlib/assert.o
 .rodata.trace_puts.str1.4
                0x000000000800c45b       0x2b ./system/src/diag/Trace.o
                                          0x2 (size before relaxing)
 *fill*         0x000000000800c45b        0x1 
 .rodata.dumpExceptionStack.str1.4
                0x000000000800c45c      0x11a ./system/src/cortexm/exception_handlers.o
 .rodata.isSemihosting.str1.4
                0x000000000800c576        0x4 ./system/src/cortexm/exception_handlers.o