Archive member included to satisfy reference by file (symbol)

../system/src/cmsis/DSP/Lib/GCC\libarm_cortexM4lf_math.a(arm_fir_q15.o)
                              ./src/main.o (arm_fir_q15)
../system/src/cmsis/DSP/Lib/GCC\libarm_cortexM4lf_math.a(arm_fir_init_q15.o)
                              ./src/main.o (arm_fir_init_q15)
../system/src/cmsis/DSP/Lib/GCC\libarm_cortexM4lf_math.a(arm_fir_init_f32.o)
                              ./src/main.o (arm_fir_init_f32)
../system/src/cmsis/DSP/Lib/GCC\libarm_cortexM4lf_math.a(arm_fir_f32.o)
                              ./src/main.o (arm_fir_f32)
c:/users/zoy_r/appdata/roaming/xpacks/arm-none-eabi-gcc/10.3.1-2.3/bin/../lib/gcc/arm-none-eabi/10.3.1/thumb/v7e-m+fp/hard\libgcc.a(_arm_muldf3.o)
                              ./src/main.o (__aeabi_dmul)
c:/users/zoy_r/appdata/roaming/xpacks/arm-none-eabi-gcc/10.3.1-2.3/bin/../lib/gcc/arm-none-eabi/10.3.1/thumb/v7e-m+fp/hard\libgcc.a(_arm_addsubdf3.o)
                              ./src/main.o (__aeabi_i2d)
c:/users/zoy_r/appdata/roaming/xpacks/arm-none-eabi-gcc/10.3.1-2.3/bin/../lib/gcc/arm-none-eabi/10.3.1/thumb/v7e-m+fp/hard\libgcc.a(_arm_fixdfsi.o)
                              ./src/main.o (__aeabi_d2iz)
c:/users/zoy_r/appdata/roaming/xpacks/arm-none-eabi-gcc/10.3.1-2.3/bin/../lib/gcc/arm-none-eabi/10.3.1/thumb/v7e-m+fp/hard\libgcc.a(_arm_truncdfsf2.o)
                              ./src/main.o (__aeabi_d2f)
c:/users/zoy_r/appdata/roaming/xpacks/arm-none-eabi-gcc/10.3.1-2.3/bin/../lib/gcc/arm-none-eabi/10.3.1/../../../../arm-none-eabi/lib/thumb/v7e-m+fp/hard\libg_nano.a(lib_a-ctype_.o)
                              ./system/src/newlib/_syscalls.o (_ctype_)
c:/users/zoy_r/appdata/roaming/xpacks/arm-none-eabi-gcc/10.3.1-2.3/bin/../lib/gcc/arm-none-eabi/10.3.1/../../../../arm-none-eabi/lib/thumb/v7e-m+fp/hard\libg_nano.a(lib_a-errno.o)
                              ./system/src/newlib/_sbrk.o (__errno)
c:/users/zoy_r/appdata/roaming/xpacks/arm-none-eabi-gcc/10.3.1-2.3/bin/../lib/gcc/arm-none-eabi/10.3.1/../../../../arm-none-eabi/lib/thumb/v7e-m+fp/hard\libg_nano.a(lib_a-findfp.o)
                              ./system/src/newlib/_syscalls.o (__sinit)
c:/users/zoy_r/appdata/roaming/xpacks/arm-none-eabi-gcc/10.3.1-2.3/bin/../lib/gcc/arm-none-eabi/10.3.1/../../../../arm-none-eabi/lib/thumb/v7e-m+fp/hard\libg_nano.a(lib_a-fwalk.o)
                              c:/users/zoy_r/appdata/roaming/xpacks/arm-none-eabi-gcc/10.3.1-2.3/bin/../lib/gcc/arm-none-eabi/10.3.1/../../../../arm-none-eabi/lib/thumb/v7e-m+fp/hard\libg_nano.a(lib_a-findfp.o) (_fwalk)
c:/users/zoy_r/appdata/roaming/xpacks/arm-none-eabi-gcc/10.3.1-2.3/bin/../lib/gcc/arm-none-eabi/10.3.1/../../../../arm-none-eabi/lib/thumb/v7e-m+fp/hard\libg_nano.a(lib_a-getchar.o)
                              ./src/utils.o (getchar)
c:/users/zoy_r/appdata/roaming/xpacks/arm-none-eabi-gcc/10.3.1-2.3/bin/../lib/gcc/arm-none-eabi/10.3.1/../../../../arm-none-eabi/lib/thumb/v7e-m+fp/hard\libg_nano.a(lib_a-getc.o)
                              c:/users/zoy_r/appdata/roaming/xpacks/arm-none-eabi-gcc/10.3.1-2.3/bin/../lib/gcc/arm-none-eabi/10.3.1/../../../../arm-none-eabi/lib/thumb/v7e-m+fp/hard\libg_nano.a(lib_a-getchar.o) (_getc_r)
c:/users/zoy_r/appdata/roaming/xpacks/arm-none-eabi-gcc/10.3.1-2.3/bin/../lib/gcc/arm-none-eabi/10.3.1/../../../../arm-none-eabi/lib/thumb/v7e-m+fp/hard\libg_nano.a(lib_a-impure.o)
                              c:/users/zoy_r/appdata/roaming/xpacks/arm-none-eabi-gcc/10.3.1-2.3/bin/../lib/gcc/arm-none-eabi/10.3.1/../../../../arm-none-eabi/lib/thumb/v7e-m+fp/hard\libg_nano.a(lib_a-findfp.o) (_global_impure_ptr)
c:/users/zoy_r/appdata/roaming/xpacks/arm-none-eabi-gcc/10.3.1-2.3/bin/../lib/gcc/arm-none-eabi/10.3.1/../../../../arm-none-eabi/lib/thumb/v7e-m+fp/hard\libg_nano.a(lib_a-lock.o)
                              c:/users/zoy_r/appdata/roaming/xpacks/arm-none-eabi-gcc/10.3.1-2.3/bin/../lib/gcc/arm-none-eabi/10.3.1/../../../../arm-none-eabi/lib/thumb/v7e-m+fp/hard\libg_nano.a(lib_a-findfp.o) (__retarget_lock_init_recursive)
c:/users/zoy_r/appdata/roaming/xpacks/arm-none-eabi-gcc/10.3.1-2.3/bin/../lib/gcc/arm-none-eabi/10.3.1/../../../../arm-none-eabi/lib/thumb/v7e-m+fp/hard\libg_nano.a(lib_a-memset.o)
                              ./system/src/newlib/_syscalls.o (memset)
c:/users/zoy_r/appdata/roaming/xpacks/arm-none-eabi-gcc/10.3.1-2.3/bin/../lib/gcc/arm-none-eabi/10.3.1/../../../../arm-none-eabi/lib/thumb/v7e-m+fp/hard\libg_nano.a(lib_a-nano-mallocr.o)
                              c:/users/zoy_r/appdata/roaming/xpacks/arm-none-eabi-gcc/10.3.1-2.3/bin/../lib/gcc/arm-none-eabi/10.3.1/../../../../arm-none-eabi/lib/thumb/v7e-m+fp/hard\libg_nano.a(lib_a-findfp.o) (_malloc_r)
c:/users/zoy_r/appdata/roaming/xpacks/arm-none-eabi-gcc/10.3.1-2.3/bin/../lib/gcc/arm-none-eabi/10.3.1/../../../../arm-none-eabi/lib/thumb/v7e-m+fp/hard\libg_nano.a(lib_a-nano-vfprintf_float.o)
                              (_printf_float)
[...]
Memory Configuration

Name             Origin             Length             Attributes
RAM              0x0000000020000000 0x0000000000020000 xrw
CCMRAM           0x0000000010000000 0x0000000000010000 xrw
FLASH            0x0000000008000000 0x0000000000100000 xr
FLASHB1          0x0000000000000000 0x0000000000000000 xr
EXTMEMB0         0x0000000000000000 0x0000000000000000 xr
EXTMEMB1         0x0000000000000000 0x0000000000000000 xr
EXTMEMB2         0x0000000000000000 0x0000000000000000 xr
EXTMEMB3         0x0000000000000000 0x0000000000000000 xr
MEMORY_ARRAY     0x0000000020002000 0x0000000000000020 xrw
*default*        0x0000000000000000 0xffffffffffffffff

Linker script and memory map

LOAD ./system/src/stm32f4_discovery/stm32f4_discovery.o
LOAD ./system/src/stm32f4_discovery/stm32f4_discovery_accelerometer.o
LOAD ./system/src/stm32f4-hal/stm32f4xx_hal.o
LOAD ./system/src/stm32f4-hal/stm32f4xx_hal_cortex.o
LOAD ./system/src/stm32f4-hal/stm32f4xx_hal_dfsdm.o
LOAD ./system/src/stm32f4-hal/stm32f4xx_hal_dma.o
LOAD ./system/src/stm32f4-hal/stm32f4xx_hal_flash.o
LOAD ./system/src/stm32f4-hal/stm32f4xx_hal_gpio.o
LOAD ./system/src/stm32f4-hal/stm32f4xx_hal_i2s.o
LOAD ./system/src/stm32f4-hal/stm32f4xx_hal_i2s_ex.o
LOAD ./system/src/stm32f4-hal/stm32f4xx_hal_iwdg.o
LOAD ./system/src/stm32f4-hal/stm32f4xx_hal_pwr.o
LOAD ./system/src/stm32f4-hal/stm32f4xx_hal_rcc.o
LOAD ./system/src/stm32f4-hal/stm32f4xx_hal_rcc_ex.o
LOAD ./system/src/stm32f4-hal/stm32f4xx_hal_spi.o
LOAD ./system/src/newlib/_cxx.o
LOAD ./system/src/newlib/_exit.o
LOAD ./system/src/newlib/_sbrk.o
LOAD ./system/src/newlib/_startup.o
LOAD ./system/src/newlib/_syscalls.o
LOAD ./system/src/newlib/assert.o
LOAD ./system/src/diag/Trace.o
LOAD ./system/src/diag/trace_impl.o
LOAD ./system/src/cortexm/_initialize_hardware.o
LOAD ./system/src/cortexm/_reset_hardware.o
LOAD ./system/src/cortexm/exception_handlers.o
LOAD ./system/src/cmsis/system_stm32f4xx.o
LOAD ./system/src/cmsis/vectors_stm32f407xx.o
LOAD ./system/src/Components/wm5102/wm5102.o
LOAD ./system/src/Components/lis3dsh/lis3dsh.o
LOAD ./system/src/Components/lis302dl/lis302dl.o
LOAD ./src/_initialize_hardware.o
LOAD ./src/_write.o
LOAD ./src/dwt.o
LOAD ./src/main.o
LOAD ./src/stm32f4xx_hal_msp.o
LOAD ./src/stm32f4xx_it.o
LOAD ./src/tests.o
LOAD ./src/utils.o
LOAD ./src/wolfson_pi_audio.o
LOAD ../system/src/cmsis/DSP/Lib/GCC\libarm_cortexM4lf_math.a
LOAD c:/users/zoy_r/appdata/roaming/xpacks/arm-none-eabi-gcc/10.3.1-2.3/bin/../lib/gcc/arm-none-eabi/10.3.1/../../../../arm-none-eabi/lib/thumb/v7e-m+fp/hard\libstdc++_nano.a
LOAD c:/users/zoy_r/appdata/roaming/xpacks/arm-none-eabi-gcc/10.3.1-2.3/bin/../lib/gcc/arm-none-eabi/10.3.1/../../../../arm-none-eabi/lib/thumb/v7e-m+fp/hard\libm.a
START GROUP
LOAD c:/users/zoy_r/appdata/roaming/xpacks/arm-none-eabi-gcc/10.3.1-2.3/bin/../lib/gcc/arm-none-eabi/10.3.1/thumb/v7e-m+fp/hard\libgcc.a
LOAD c:/users/zoy_r/appdata/roaming/xpacks/arm-none-eabi-gcc/10.3.1-2.3/bin/../lib/gcc/arm-none-eabi/10.3.1/../../../../arm-none-eabi/lib/thumb/v7e-m+fp/hard\libg_nano.a
LOAD c:/users/zoy_r/appdata/roaming/xpacks/arm-none-eabi-gcc/10.3.1-2.3/bin/../lib/gcc/arm-none-eabi/10.3.1/../../../../arm-none-eabi/lib/thumb/v7e-m+fp/hard\libc_nano.a
END GROUP
START GROUP
LOAD c:/users/zoy_r/appdata/roaming/xpacks/arm-none-eabi-gcc/10.3.1-2.3/bin/../lib/gcc/arm-none-eabi/10.3.1/thumb/v7e-m+fp/hard\libgcc.a
LOAD c:/users/zoy_r/appdata/roaming/xpacks/arm-none-eabi-gcc/10.3.1-2.3/bin/../lib/gcc/arm-none-eabi/10.3.1/../../../../arm-none-eabi/lib/thumb/v7e-m+fp/hard\libc_nano.a
END GROUP
                0x0000000020020000                __stack = (ORIGIN (RAM) + LENGTH (RAM))
                0x0000000020020000                _estack = __stack
                0x0000000000000400                __Main_Stack_Size = 0x400
                [!provide]                        PROVIDE (_Main_Stack_Size = __Main_Stack_Size)
                0x000000002001fc00                __Main_Stack_Limit = (__stack - __Main_Stack_Size)
                [!provide]                        PROVIDE (_Main_Stack_Limit = __Main_Stack_Limit)
                0x0000000000000100                _Minimum_Stack_Size = 0x100
                0x0000000020006c08                PROVIDE (_Heap_Begin = _end_noinit)
                0x000000002001fc00                PROVIDE (_Heap_Limit = (__stack - __Main_Stack_Size))

.isr_vector     0x0000000008000000      0x3e8
 FILL mask 0xff
                0x0000000008000000                __vectors_start = ABSOLUTE (.)
                0x0000000008000000                __vectors_start__ = ABSOLUTE (.)
 *(.isr_vector)
 .isr_vector    0x0000000008000000      0x188 ./system/src/cmsis/vectors_stm32f407xx.o
                0x0000000008000000                __isr_vectors
 *(.cfmconfig)
 *(.after_vectors .after_vectors.*)
 .after_vectors
                0x0000000008000188      0x130 ./system/src/newlib/_startup.o
                0x0000000008000188                _start
 .after_vectors
                0x00000000080002b8      0x12c ./system/src/cortexm/exception_handlers.o
                0x00000000080002b8                Reset_Handler
                0x00000000080002d6                HardFault_Handler_C
                0x000000000800034c                BusFault_Handler_C
                0x0000000008000394                UsageFault_Handler_C
 .after_vectors
                0x00000000080003e4        0x4 ./system/src/cmsis/vectors_stm32f407xx.o
                0x00000000080003e4                RTC_Alarm_IRQHandler
                0x00000000080003e4                HASH_RNG_IRQHandler
                0x00000000080003e4                EXTI2_IRQHandler
                0x00000000080003e4                TIM8_CC_IRQHandler
                0x00000000080003e4                TIM1_CC_IRQHandler
                0x00000000080003e4                DMA2_Stream5_IRQHandler
                0x00000000080003e4                PVD_IRQHandler
                0x00000000080003e4                SDIO_IRQHandler
                0x00000000080003e4                TAMP_STAMP_IRQHandler
                0x00000000080003e4                CAN2_RX1_IRQHandler
                0x00000000080003e4                EXTI3_IRQHandler
                0x00000000080003e4                TIM8_TRG_COM_TIM14_IRQHandler
                0x00000000080003e4                TIM1_UP_TIM10_IRQHandler
                0x00000000080003e4                TIM8_UP_TIM13_IRQHandler
                0x00000000080003e4                I2C3_ER_IRQHandler
                0x00000000080003e4                I2C2_EV_IRQHandler
                0x00000000080003e4                DMA1_Stream2_IRQHandler
                0x00000000080003e4                CAN1_RX0_IRQHandler
                0x00000000080003e4                FPU_IRQHandler
                0x00000000080003e4                OTG_HS_WKUP_IRQHandler
                0x00000000080003e4                CAN2_SCE_IRQHandler
                0x00000000080003e4                DMA2_Stream2_IRQHandler
                0x00000000080003e4                SPI1_IRQHandler
                0x00000000080003e4                TIM6_DAC_IRQHandler
                0x00000000080003e4                TIM1_BRK_TIM9_IRQHandler
                0x00000000080003e4                DCMI_IRQHandler
                0x00000000080003e4                CAN2_RX0_IRQHandler
                0x00000000080003e4                DMA2_Stream3_IRQHandler
                0x00000000080003e4                USART6_IRQHandler
                0x00000000080003e4                USART3_IRQHandler
                0x00000000080003e4                CAN1_RX1_IRQHandler
                0x00000000080003e4                UART5_IRQHandler
                0x00000000080003e4                DMA2_Stream0_IRQHandler
                0x00000000080003e4                TIM4_IRQHandler
                0x00000000080003e4                I2C1_EV_IRQHandler
                0x00000000080003e4                DMA1_Stream6_IRQHandler
                0x00000000080003e4                DMA1_Stream1_IRQHandler
                0x00000000080003e4                UART4_IRQHandler
                0x00000000080003e4                TIM3_IRQHandler
                0x00000000080003e4                RCC_IRQHandler
                0x00000000080003e4                TIM8_BRK_TIM12_IRQHandler
                0x00000000080003e4                Default_Handler
                0x00000000080003e4                EXTI15_10_IRQHandler
                0x00000000080003e4                ADC_IRQHandler
                0x00000000080003e4                DMA1_Stream7_IRQHandler
                0x00000000080003e4                TIM7_IRQHandler
                0x00000000080003e4                CAN2_TX_IRQHandler
                0x00000000080003e4                TIM5_IRQHandler
                0x00000000080003e4                DMA2_Stream7_IRQHandler
                0x00000000080003e4                I2C3_EV_IRQHandler
                0x00000000080003e4                EXTI9_5_IRQHandler
                0x00000000080003e4                RTC_WKUP_IRQHandler
                0x00000000080003e4                ETH_WKUP_IRQHandler
                0x00000000080003e4                SPI2_IRQHandler
                0x00000000080003e4                OTG_HS_EP1_IN_IRQHandler
                0x00000000080003e4                CAN1_TX_IRQHandler
                0x00000000080003e4                EXTI4_IRQHandler
                0x00000000080003e4                ETH_IRQHandler
                0x00000000080003e4                OTG_HS_EP1_OUT_IRQHandler
                0x00000000080003e4                WWDG_IRQHandler
                0x00000000080003e4                TIM2_IRQHandler
                0x00000000080003e4                OTG_FS_WKUP_IRQHandler
                0x00000000080003e4                TIM1_TRG_COM_TIM11_IRQHandler
                0x00000000080003e4                OTG_HS_IRQHandler
                0x00000000080003e4                EXTI1_IRQHandler
                0x00000000080003e4                USART2_IRQHandler
                0x00000000080003e4                I2C2_ER_IRQHandler
                0x00000000080003e4                DMA2_Stream1_IRQHandler
                0x00000000080003e4                CAN1_SCE_IRQHandler
                0x00000000080003e4                FLASH_IRQHandler
                0x00000000080003e4                DMA2_Stream4_IRQHandler
                0x00000000080003e4                USART1_IRQHandler
                0x00000000080003e4                OTG_FS_IRQHandler
                0x00000000080003e4                SPI3_IRQHandler
                0x00000000080003e4                DMA1_Stream4_IRQHandler
                0x00000000080003e4                I2C1_ER_IRQHandler
                0x00000000080003e4                FMC_IRQHandler
                0x00000000080003e4                DMA2_Stream6_IRQHandler
                0x00000000080003e4                DMA1_Stream3_IRQHandler

.inits          0x00000000080003e8       0x28
                0x00000000080003e8                __data_regions_array_start = .
                0x00000000080003e8        0x4 LONG 0x800e424 LOADADDR (.data)
                0x00000000080003ec        0x4 LONG 0x20000000 ADDR (.data)
                0x00000000080003f0        0x4 LONG 0x200002ec (ADDR (.data) + SIZEOF (.data))
                0x00000000080003f4        0x4 LONG 0x800e424 LOADADDR (.data_CCMRAM)
                0x00000000080003f8        0x4 LONG 0x10000000 ADDR (.data_CCMRAM)
                0x00000000080003fc        0x4 LONG 0x10000000 (ADDR (.data_CCMRAM) + SIZEOF (.data_CCMRAM))
                0x0000000008000400                __data_regions_array_end = .
                0x0000000008000400                __bss_regions_array_start = .
                0x0000000008000400        0x4 LONG 0x200002ec ADDR (.bss)
                0x0000000008000404        0x4 LONG 0x20006c08 (ADDR (.bss) + SIZEOF (.bss))
                0x0000000008000408        0x4 LONG 0x10000000 ADDR (.bss_CCMRAM)
                0x000000000800040c        0x4 LONG 0x10000000 (ADDR (.bss_CCMRAM) + SIZEOF (.bss_CCMRAM))
                0x0000000008000410                __bss_regions_array_end = .
 *(.init)
 *(.fini)
                0x0000000008000410                . = ALIGN (0x4)
                0x0000000008000410                PROVIDE (__preinit_array_start = .)
 *(.preinit_array_sysinit .preinit_array_sysinit.*)
 *(.preinit_array_platform .preinit_array_platform.*)
 *(.preinit_array .preinit_array.*)
                0x0000000008000410                PROVIDE (__preinit_array_end = .)
                0x0000000008000410                . = ALIGN (0x4)
                0x0000000008000410                PROVIDE (__init_array_start = .)
 *(SORT_BY_NAME(.init_array.*))
 *(.init_array)
                0x0000000008000410                PROVIDE (__init_array_end = .)
                0x0000000008000410                . = ALIGN (0x4)
                0x0000000008000410                PROVIDE (__fini_array_start = .)
 *(SORT_BY_NAME(.fini_array.*))
 *(.fini_array)
                0x0000000008000410                PROVIDE (__fini_array_end = .)

.flashtext
 *(.flashtext .flashtext.*)

.text           0x0000000008000410     0xdf84
 *(.text .text.*)
 .text.SPIx_MspInit
                0x0000000008000410       0x58 ./system/src/stm32f4_discovery/stm32f4_discovery.o
 .text.SPIx_Init
                0x0000000008000468       0x4c ./system/src/stm32f4_discovery/stm32f4_discovery.o
 .text.SPIx_Error
                0x00000000080004b4       0x14 ./system/src/stm32f4_discovery/stm32f4_discovery.o
 .text.SPIx_WriteRead
                0x00000000080004c8       0x40 ./system/src/stm32f4_discovery/stm32f4_discovery.o
 .text.BSP_PB_Init
                0x0000000008000508       0x84 ./system/src/stm32f4_discovery/stm32f4_discovery.o
                0x0000000008000508                BSP_PB_Init
 .text.BSP_PB_GetState
                0x000000000800058c       0x14 ./system/src/stm32f4_discovery/stm32f4_discovery.o
                0x000000000800058c                BSP_PB_GetState
 .text.ACCELERO_IO_Init
                0x00000000080005a0       0x4c ./system/src/stm32f4_discovery/stm32f4_discovery.o
                0x00000000080005a0                ACCELERO_IO_Init
 .text.ACCELERO_IO_ITConfig
                0x00000000080005ec       0x50 ./system/src/stm32f4_discovery/stm32f4_discovery.o
                0x00000000080005ec                ACCELERO_IO_ITConfig
 .text.ACCELERO_IO_Write
                0x000000000800063c       0x44 ./system/src/stm32f4_discovery/stm32f4_discovery.o
                0x000000000800063c                ACCELERO_IO_Write
 .text.ACCELERO_IO_Read
                0x0000000008000680       0x48 ./system/src/stm32f4_discovery/stm32f4_discovery.o
                0x0000000008000680                ACCELERO_IO_Read
 .text.BSP_ACCELERO_Init
                0x00000000080006c8       0xac ./system/src/stm32f4_discovery/stm32f4_discovery_accelerometer.o
                0x00000000080006c8                BSP_ACCELERO_Init
 .text.HAL_InitTick
                0x0000000008000774       0x2c ./system/src/stm32f4-hal/stm32f4xx_hal.o
                0x0000000008000774                HAL_InitTick
 .text.HAL_Init
                0x00000000080007a0       0x34 ./system/src/stm32f4-hal/stm32f4xx_hal.o
                0x00000000080007a0                HAL_Init
 .text.HAL_IncTick
                0x00000000080007d4       0x10 ./system/src/stm32f4-hal/stm32f4xx_hal.o
                0x00000000080007d4                HAL_IncTick
 .text.HAL_GetTick
                0x00000000080007e4        0xc ./system/src/stm32f4-hal/stm32f4xx_hal.o
                0x00000000080007e4                HAL_GetTick
 .text.HAL_Delay
                0x00000000080007f0       0x1c ./system/src/stm32f4-hal/stm32f4xx_hal.o
                0x00000000080007f0                HAL_Delay
 .text.HAL_NVIC_SetPriorityGrouping
                0x000000000800080c       0x3c ./system/src/stm32f4-hal/stm32f4xx_hal_cortex.o
                0x000000000800080c                HAL_NVIC_SetPriorityGrouping
 .text.HAL_NVIC_SetPriority
                0x0000000008000848       0x8c ./system/src/stm32f4-hal/stm32f4xx_hal_cortex.o
                0x0000000008000848                HAL_NVIC_SetPriority
 .text.HAL_NVIC_EnableIRQ
                0x00000000080008d4       0x30 ./system/src/stm32f4-hal/stm32f4xx_hal_cortex.o
                0x00000000080008d4                HAL_NVIC_EnableIRQ
 .text.HAL_SYSTICK_Config
                0x0000000008000904       0x28 ./system/src/stm32f4-hal/stm32f4xx_hal_cortex.o
                0x0000000008000904                HAL_SYSTICK_Config
 .text.HAL_SYSTICK_CLKSourceConfig
                0x000000000800092c       0x3c ./system/src/stm32f4-hal/stm32f4xx_hal_cortex.o
                0x000000000800092c                HAL_SYSTICK_CLKSourceConfig
 .text.HAL_SYSTICK_Callback
                0x0000000008000968        0x2 ./system/src/stm32f4-hal/stm32f4xx_hal_cortex.o
                0x0000000008000968                HAL_SYSTICK_Callback
 .text.HAL_SYSTICK_IRQHandler
                0x000000000800096a        0x8 ./system/src/stm32f4-hal/stm32f4xx_hal_cortex.o
                0x000000000800096a                HAL_SYSTICK_IRQHandler
 .text.DMA_SetConfig
                0x0000000008000972       0x2c ./system/src/stm32f4-hal/stm32f4xx_hal_dma.o
 *fill*         0x000000000800099e        0x2 
 .text.DMA_CalcBaseAndBitshift
                0x00000000080009a0       0x44 ./system/src/stm32f4-hal/stm32f4xx_hal_dma.o
 .text.DMA_CheckFifoParam
                0x00000000080009e4       0x9e ./system/src/stm32f4-hal/stm32f4xx_hal_dma.o
 *fill*         0x0000000008000a82        0x2 
 .text.HAL_DMA_Init
                0x0000000008000a84      0x28c ./system/src/stm32f4-hal/stm32f4xx_hal_dma.o
                0x0000000008000a84                HAL_DMA_Init
 .text.HAL_DMA_DeInit
                0x0000000008000d10       0x56 ./system/src/stm32f4-hal/stm32f4xx_hal_dma.o
                0x0000000008000d10                HAL_DMA_DeInit
 *fill*         0x0000000008000d66        0x2 
 .text.HAL_DMA_Start_IT
                0x0000000008000d68       0xa4 ./system/src/stm32f4-hal/stm32f4xx_hal_dma.o
                0x0000000008000d68                HAL_DMA_Start_IT
 .text.HAL_DMA_Abort
                0x0000000008000e0c       0x94 ./system/src/stm32f4-hal/stm32f4xx_hal_dma.o
                0x0000000008000e0c                HAL_DMA_Abort
 .text.HAL_DMA_IRQHandler
                0x0000000008000ea0      0x1e4 ./system/src/stm32f4-hal/stm32f4xx_hal_dma.o
                0x0000000008000ea0                HAL_DMA_IRQHandler
 .text.HAL_GPIO_Init
                0x0000000008001084      0x2fc ./system/src/stm32f4-hal/stm32f4xx_hal_gpio.o
                0x0000000008001084                HAL_GPIO_Init
 .text.HAL_GPIO_ReadPin
                0x0000000008001380       0x28 ./system/src/stm32f4-hal/stm32f4xx_hal_gpio.o
                0x0000000008001380                HAL_GPIO_ReadPin
 .text.HAL_GPIO_WritePin
                0x00000000080013a8       0x38 ./system/src/stm32f4-hal/stm32f4xx_hal_gpio.o
                0x00000000080013a8                HAL_GPIO_WritePin
 .text.HAL_GPIO_EXTI_IRQHandler
                0x00000000080013e0       0x1c ./system/src/stm32f4-hal/stm32f4xx_hal_gpio.o
                0x00000000080013e0                HAL_GPIO_EXTI_IRQHandler
 .text.HAL_I2S_MspInit
                0x00000000080013fc        0x2 ./system/src/stm32f4-hal/stm32f4xx_hal_i2s.o
                0x00000000080013fc                HAL_I2S_MspInit
 .text.HAL_I2S_TxHalfCpltCallback
                0x00000000080013fe        0x2 ./system/src/stm32f4-hal/stm32f4xx_hal_i2s.o
                0x00000000080013fe                HAL_I2S_TxHalfCpltCallback
 .text.I2S_DMATxHalfCplt
                0x0000000008001400        0xa ./system/src/stm32f4-hal/stm32f4xx_hal_i2s.o
                0x0000000008001400                I2S_DMATxHalfCplt
 .text.HAL_I2S_TxCpltCallback
                0x000000000800140a        0x2 ./system/src/stm32f4-hal/stm32f4xx_hal_i2s.o
                0x000000000800140a                HAL_I2S_TxCpltCallback
 .text.I2S_DMARxHalfCplt
                0x000000000800140c        0xa ./system/src/stm32f4-hal/stm32f4xx_hal_i2s.o
                0x000000000800140c                I2S_DMARxHalfCplt
 .text.I2S_DMAError
                0x0000000008001416       0x1e ./system/src/stm32f4-hal/stm32f4xx_hal_i2s.o
                0x0000000008001416                I2S_DMAError
 .text.HAL_I2S_GetState
                0x0000000008001434        0x6 ./system/src/stm32f4-hal/stm32f4xx_hal_i2s.o
                0x0000000008001434                HAL_I2S_GetState
 *fill*         0x000000000800143a        0x2 
 .text.I2S_DMATxCplt
                0x000000000800143c       0x88 ./system/src/stm32f4-hal/stm32f4xx_hal_i2s_ex.o
                0x000000000800143c                I2S_DMATxCplt
 .text.I2S_DMARxCplt
                0x00000000080014c4       0x8c ./system/src/stm32f4-hal/stm32f4xx_hal_i2s_ex.o
                0x00000000080014c4                I2S_DMARxCplt
 .text.HAL_I2SEx_TransmitReceive_DMA
                0x0000000008001550      0x1ec ./system/src/stm32f4-hal/stm32f4xx_hal_i2s_ex.o
                0x0000000008001550                HAL_I2SEx_TransmitReceive_DMA
 .text.HAL_I2S_DMAPause
                0x000000000800173c       0xac ./system/src/stm32f4-hal/stm32f4xx_hal_i2s_ex.o
                0x000000000800173c                HAL_I2S_DMAPause
 .text.HAL_I2S_DMAResume
                0x00000000080017e8       0xc0 ./system/src/stm32f4-hal/stm32f4xx_hal_i2s_ex.o
                0x00000000080017e8                HAL_I2S_DMAResume
 .text.HAL_I2S_DMAStop
                0x00000000080018a8       0xb4 ./system/src/stm32f4-hal/stm32f4xx_hal_i2s_ex.o
                0x00000000080018a8                HAL_I2S_DMAStop
 .text.I2S_GetInputClock
                0x000000000800195c       0x60 ./system/src/stm32f4-hal/stm32f4xx_hal_i2s_ex.o
                0x000000000800195c                I2S_GetInputClock
 .text.HAL_I2S_Init
                0x00000000080019bc      0x22c ./system/src/stm32f4-hal/stm32f4xx_hal_i2s_ex.o
                0x00000000080019bc                HAL_I2S_Init
 .text.HAL_RCC_OscConfig
                0x0000000008001be8      0x458 ./system/src/stm32f4-hal/stm32f4xx_hal_rcc.o
                0x0000000008001be8                HAL_RCC_OscConfig
 .text.HAL_RCC_GetSysClockFreq
                0x0000000008002040       0xa8 ./system/src/stm32f4-hal/stm32f4xx_hal_rcc.o
                0x0000000008002040                HAL_RCC_GetSysClockFreq
 .text.HAL_RCC_ClockConfig
                0x00000000080020e8      0x260 ./system/src/stm32f4-hal/stm32f4xx_hal_rcc.o
                0x00000000080020e8                HAL_RCC_ClockConfig
 .text.HAL_RCC_GetHCLKFreq
                0x0000000008002348        0xc ./system/src/stm32f4-hal/stm32f4xx_hal_rcc.o
                0x0000000008002348                HAL_RCC_GetHCLKFreq
 .text.HAL_RCCEx_PeriphCLKConfig
                0x0000000008002354      0x2cc ./system/src/stm32f4-hal/stm32f4xx_hal_rcc_ex.o
                0x0000000008002354                HAL_RCCEx_PeriphCLKConfig
 .text.HAL_RCCEx_GetPeriphCLKConfig
                0x0000000008002620       0x60 ./system/src/stm32f4-hal/stm32f4xx_hal_rcc_ex.o
                0x0000000008002620                HAL_RCCEx_GetPeriphCLKConfig
 .text.SPI_WaitFlagStateUntilTimeout
                0x0000000008002680       0x9e ./system/src/stm32f4-hal/stm32f4xx_hal_spi.o
 .text.SPI_CheckFlag_BSY
                0x000000000800271e       0x24 ./system/src/stm32f4-hal/stm32f4xx_hal_spi.o
 .text.HAL_SPI_MspInit
                0x0000000008002742        0x2 ./system/src/stm32f4-hal/stm32f4xx_hal_spi.o
                0x0000000008002742                HAL_SPI_MspInit
 .text.HAL_SPI_Init
                0x0000000008002744      0x1d4 ./system/src/stm32f4-hal/stm32f4xx_hal_spi.o
                0x0000000008002744                HAL_SPI_Init
 .text.HAL_SPI_MspDeInit
                0x0000000008002918        0x2 ./system/src/stm32f4-hal/stm32f4xx_hal_spi.o
                0x0000000008002918                HAL_SPI_MspDeInit
 *fill*         0x000000000800291a        0x2 
 .text.HAL_SPI_DeInit
                0x000000000800291c       0x58 ./system/src/stm32f4-hal/stm32f4xx_hal_spi.o
                0x000000000800291c                HAL_SPI_DeInit
 .text.HAL_SPI_Transmit
                0x0000000008002974      0x1f8 ./system/src/stm32f4-hal/stm32f4xx_hal_spi.o
                0x0000000008002974                HAL_SPI_Transmit
 .text.HAL_SPI_TransmitReceive
                0x0000000008002b6c      0x31c ./system/src/stm32f4-hal/stm32f4xx_hal_spi.o
                0x0000000008002b6c                HAL_SPI_TransmitReceive
 .text.HAL_SPI_GetState
                0x0000000008002e88        0x6 ./system/src/stm32f4-hal/stm32f4xx_hal_spi.o
                0x0000000008002e88                HAL_SPI_GetState
 *fill*         0x0000000008002e8e        0x2 
 .text.abort    0x0000000008002e90       0x14 ./system/src/newlib/_exit.o
                0x0000000008002e90                abort
 .text._sbrk    0x0000000008002ea4       0x44 ./system/src/newlib/_sbrk.o
                0x0000000008002ea4                _sbrk
 .text.get_errno
                0x0000000008002ee8       0x12 ./system/src/newlib/_syscalls.o
 .text.error    0x0000000008002efa       0x14 ./system/src/newlib/_syscalls.o
 .text.checkerror
                0x0000000008002f0e       0x10 ./system/src/newlib/_syscalls.o
 *fill*         0x0000000008002f1e        0x2 
 .text.findslot
                0x0000000008002f20       0x3c ./system/src/newlib/_syscalls.o
 .text._exit    0x0000000008002f5c       0x20 ./system/src/newlib/_syscalls.o
                0x0000000008002f5c                _exit
 .text.initialise_monitor_handles
                0x0000000008002f7c       0xa8 ./system/src/newlib/_syscalls.o
                0x0000000008002f7c                initialise_monitor_handles
 .text.__initialize_args
                0x0000000008003024       0xc0 ./system/src/newlib/_syscalls.o
                0x0000000008003024                __initialize_args
 .text._swiread
                0x00000000080030e4       0x20 ./system/src/newlib/_syscalls.o
                0x00000000080030e4                _swiread
 .text._read    0x0000000008003104       0x36 ./system/src/newlib/_syscalls.o
                0x0000000008003104                _read
 .text._swilseek
                0x000000000800313a       0x96 ./system/src/newlib/_syscalls.o
                0x000000000800313a                _swilseek
 .text._lseek   0x00000000080031d0        0x8 ./system/src/newlib/_syscalls.o
                0x00000000080031d0                _lseek
 .text._swiwrite
                0x00000000080031d8       0x20 ./system/src/newlib/_syscalls.o
                0x00000000080031d8                _swiwrite
 .text._write   0x00000000080031f8       0x46 ./system/src/newlib/_syscalls.o
                0x00000000080031f8                _write
 .text._swiclose
                0x000000000800323e       0x1c ./system/src/newlib/_syscalls.o
                0x000000000800323e                _swiclose
 *fill*         0x000000000800325a        0x2 
 .text._close   0x000000000800325c       0x48 ./system/src/newlib/_syscalls.o
                0x000000000800325c                _close
 .text._swistat
                0x00000000080032a4       0x44 ./system/src/newlib/_syscalls.o
                0x00000000080032a4                _swistat
 .text._fstat   0x00000000080032e8       0x1a ./system/src/newlib/_syscalls.o
                0x00000000080032e8                _fstat
 .text._isatty  0x0000000008003302       0x36 ./system/src/newlib/_syscalls.o
                0x0000000008003302                _isatty
 .text.__assert_func
                0x0000000008003338       0x38 ./system/src/newlib/assert.o
                0x0000000008003338                __assert_func
 .text.assert_failed
                0x0000000008003370       0x14 ./system/src/newlib/assert.o
                0x0000000008003370                assert_failed
 .text.trace_printf
                0x0000000008003384       0x34 ./system/src/diag/Trace.o
                0x0000000008003384                trace_printf
 .text.trace_puts
                0x00000000080033b8       0x20 ./system/src/diag/Trace.o
                0x00000000080033b8                trace_puts
 .text._trace_write_semihosting_debug
                0x00000000080033d8       0x60 ./system/src/diag/trace_impl.o
 .text.trace_write
                0x0000000008003438        0x8 ./system/src/diag/trace_impl.o
                0x0000000008003438                trace_write
 .text.__initialize_hardware_early
                0x0000000008003440       0x24 ./system/src/cortexm/_initialize_hardware.o
                0x0000000008003440                __initialize_hardware_early
 .text.dumpExceptionStack
                0x0000000008003464       0xf4 ./system/src/cortexm/exception_handlers.o
                0x0000000008003464                dumpExceptionStack
 .text.isSemihosting
                0x0000000008003558      0x100 ./system/src/cortexm/exception_handlers.o
                0x0000000008003558                isSemihosting
 .text.SystemInit
                0x0000000008003658       0x4c ./system/src/cmsis/system_stm32f4xx.o
                0x0000000008003658                SystemInit
 .text.SystemCoreClockUpdate
                0x00000000080036a4       0xa0 ./system/src/cmsis/system_stm32f4xx.o
                0x00000000080036a4                SystemCoreClockUpdate
 .text.wm5102_Log2PowerOfTwo
                0x0000000008003744       0x34 ./system/src/Components/wm5102/wm5102.o
 .text.CODEC_IO_Write
                0x0000000008003778        0xa ./system/src/Components/wm5102/wm5102.o
 .text.wm5102_ApplyWolfsonPatch
                0x0000000008003782       0xec ./system/src/Components/wm5102/wm5102.o
 *fill*         0x000000000800386e        0x2 
 .text.wm5102_ConfigureSYSCLK
                0x0000000008003870      0x170 ./system/src/Components/wm5102/wm5102.o
 .text.wm5102_ConfigureSampleRate
                0x00000000080039e0       0x48 ./system/src/Components/wm5102/wm5102.o
 .text.wm5102_SetFrequency
                0x0000000008003a28        0xa ./system/src/Components/wm5102/wm5102.o
                0x0000000008003a28                wm5102_SetFrequency
 .text.wm5102_ConfigureI2S
                0x0000000008003a32       0x9c ./system/src/Components/wm5102/wm5102.o
 .text.wm5102_SetMute
                0x0000000008003ace       0x8e ./system/src/Components/wm5102/wm5102.o
                0x0000000008003ace                wm5102_SetMute
 .text.wm5102_Play
                0x0000000008003b5c        0xa ./system/src/Components/wm5102/wm5102.o
                0x0000000008003b5c                wm5102_Play
 .text.wm5102_Pause
                0x0000000008003b66        0xa ./system/src/Components/wm5102/wm5102.o
                0x0000000008003b66                wm5102_Pause
 .text.wm5102_Resume
                0x0000000008003b70        0xa ./system/src/Components/wm5102/wm5102.o
                0x0000000008003b70                wm5102_Resume
 .text.wm5102_Stop
                0x0000000008003b7a        0xa ./system/src/Components/wm5102/wm5102.o
                0x0000000008003b7a                wm5102_Stop
 .text.wm5102_SetVolume
                0x0000000008003b84       0xcc ./system/src/Components/wm5102/wm5102.o
                0x0000000008003b84                wm5102_SetVolume
 .text.wm5102_SetOutputMode
                0x0000000008003c50      0x160 ./system/src/Components/wm5102/wm5102.o
                0x0000000008003c50                wm5102_SetOutputMode
 .text.wm5102_Reset
                0x0000000008003db0        0xe ./system/src/Components/wm5102/wm5102.o
                0x0000000008003db0                wm5102_Reset
 .text.wm5102_DeInit
                0x0000000008003dbe        0x8 ./system/src/Components/wm5102/wm5102.o
                0x0000000008003dbe                wm5102_DeInit
 .text.wm5102_ReadID
                0x0000000008003dc6       0x12 ./system/src/Components/wm5102/wm5102.o
                0x0000000008003dc6                wm5102_ReadID
 .text.CODEC_IO_Read
                0x0000000008003dd8        0xa ./system/src/Components/wm5102/wm5102.o
 .text.wm5102_GetInsertionPoint
                0x0000000008003de2       0xc4 ./system/src/Components/wm5102/wm5102.o
 .text.wm5102_SetInputMode
                0x0000000008003ea6      0x1f0 ./system/src/Components/wm5102/wm5102.o
                0x0000000008003ea6                wm5102_SetInputMode
 .text.wm5102_Init
                0x0000000008004096       0x8a ./system/src/Components/wm5102/wm5102.o
                0x0000000008004096                wm5102_Init
 .text.wm5102_SetFilter
                0x0000000008004120       0xd4 ./system/src/Components/wm5102/wm5102.o
                0x0000000008004120                wm5102_SetFilter
 .text.wm5102_SetEqualizer
                0x00000000080041f4      0x1a4 ./system/src/Components/wm5102/wm5102.o
                0x00000000080041f4                wm5102_SetEqualizer
 .text.LIS3DSH_DeInit
                0x0000000008004398        0x2 ./system/src/Components/lis3dsh/lis3dsh.o
                0x0000000008004398                LIS3DSH_DeInit
 .text.LIS3DSH_Init
                0x000000000800439a       0x36 ./system/src/Components/lis3dsh/lis3dsh.o
                0x000000000800439a                LIS3DSH_Init
 .text.LIS3DSH_ReadID
                0x00000000080043d0       0x24 ./system/src/Components/lis3dsh/lis3dsh.o
                0x00000000080043d0                LIS3DSH_ReadID
 .text.LIS3DSH_RebootCmd
                0x00000000080043f4       0x2e ./system/src/Components/lis3dsh/lis3dsh.o
                0x00000000080043f4                LIS3DSH_RebootCmd
 *fill*         0x0000000008004422        0x2 
 .text.LIS3DSH_ReadACC
                0x0000000008004424       0xf4 ./system/src/Components/lis3dsh/lis3dsh.o
                0x0000000008004424                LIS3DSH_ReadACC
 .text.LIS3DSH_InterruptConfig
                0x0000000008004518       0x56 ./system/src/Components/lis3dsh/lis3dsh.o
                0x0000000008004518                LIS3DSH_InterruptConfig
 .text.LIS3DSH_Click_IntConfig
                0x000000000800456e       0xec ./system/src/Components/lis3dsh/lis3dsh.o
                0x000000000800456e                LIS3DSH_Click_IntConfig
 .text.LIS302DL_DeInit
                0x000000000800465a        0x2 ./system/src/Components/lis302dl/lis302dl.o
                0x000000000800465a                LIS302DL_DeInit
 .text.LIS302DL_Init
                0x000000000800465c       0x24 ./system/src/Components/lis302dl/lis302dl.o
                0x000000000800465c                LIS302DL_Init
 .text.LIS302DL_ReadID
                0x0000000008004680       0x24 ./system/src/Components/lis302dl/lis302dl.o
                0x0000000008004680                LIS302DL_ReadID
 .text.LIS302DL_FilterConfig
                0x00000000080046a4       0x3a ./system/src/Components/lis302dl/lis302dl.o
                0x00000000080046a4                LIS302DL_FilterConfig
 .text.LIS302DL_Click_IntClear
                0x00000000080046de       0x26 ./system/src/Components/lis302dl/lis302dl.o
                0x00000000080046de                LIS302DL_Click_IntClear
 .text.LIS302DL_RebootCmd
                0x0000000008004704       0x2e ./system/src/Components/lis302dl/lis302dl.o
                0x0000000008004704                LIS302DL_RebootCmd
 .text.LIS302DL_ReadACC
                0x0000000008004732       0x68 ./system/src/Components/lis302dl/lis302dl.o
                0x0000000008004732                LIS302DL_ReadACC
 .text.LIS302DL_InterruptConfig
                0x000000000800479a       0x36 ./system/src/Components/lis302dl/lis302dl.o
                0x000000000800479a                LIS302DL_InterruptConfig
 .text.LIS302DL_Click_IntConfig
                0x00000000080047d0       0xb8 ./system/src/Components/lis302dl/lis302dl.o
                0x00000000080047d0                LIS302DL_Click_IntConfig
 .text.SystemClock_Config
                0x0000000008004888       0x9c ./src/_initialize_hardware.o
                0x0000000008004888                SystemClock_Config
 .text.__initialize_hardware
                0x0000000008004924       0x10 ./src/_initialize_hardware.o
                0x0000000008004924                __initialize_hardware
 .text.DWT_Enable
                0x0000000008004934       0x3c ./src/dwt.o
                0x0000000008004934                DWT_Enable
 .text.main     0x0000000008004970      0x304 ./src/main.o
                0x0000000008004970                main
 .text.WOLFSON_PI_AUDIO_TransferComplete_CallBack
                0x0000000008004c74        0xc ./src/main.o
                0x0000000008004c74                WOLFSON_PI_AUDIO_TransferComplete_CallBack
 .text.WOLFSON_PI_AUDIO_HalfTransfer_CallBack
                0x0000000008004c80        0xc ./src/main.o
                0x0000000008004c80                WOLFSON_PI_AUDIO_HalfTransfer_CallBack
 .text.HAL_MspInit
                0x0000000008004c8c        0x2 ./src/stm32f4xx_hal_msp.o
                0x0000000008004c8c                HAL_MspInit
 .text.EXTI0_IRQHandler
                0x0000000008004c8e        0xa ./src/stm32f4xx_it.o
                0x0000000008004c8e                EXTI0_IRQHandler
 .text.DMA1_Stream0_IRQHandler
                0x0000000008004c98       0x10 ./src/stm32f4xx_it.o
                0x0000000008004c98                DMA1_Stream0_IRQHandler
 .text.DMA1_Stream5_IRQHandler
                0x0000000008004ca8       0x10 ./src/stm32f4xx_it.o
                0x0000000008004ca8                DMA1_Stream5_IRQHandler
 .text.NMI_Handler
                0x0000000008004cb8        0x2 ./src/stm32f4xx_it.o
                0x0000000008004cb8                NMI_Handler
 .text.HardFault_Handler
                0x0000000008004cba        0x2 ./src/stm32f4xx_it.o
                0x0000000008004cba                HardFault_Handler
 .text.MemManage_Handler
                0x0000000008004cbc        0x2 ./src/stm32f4xx_it.o
                0x0000000008004cbc                MemManage_Handler
 .text.BusFault_Handler
                0x0000000008004cbe        0x2 ./src/stm32f4xx_it.o
                0x0000000008004cbe                BusFault_Handler
 .text.UsageFault_Handler
                0x0000000008004cc0        0x2 ./src/stm32f4xx_it.o
                0x0000000008004cc0                UsageFault_Handler
 .text.SVC_Handler
                0x0000000008004cc2        0x2 ./src/stm32f4xx_it.o
                0x0000000008004cc2                SVC_Handler
 .text.DebugMon_Handler
                0x0000000008004cc4        0x2 ./src/stm32f4xx_it.o
                0x0000000008004cc4                DebugMon_Handler
 .text.PendSV_Handler
                0x0000000008004cc6        0x2 ./src/stm32f4xx_it.o
                0x0000000008004cc6                PendSV_Handler
 .text.SysTick_Handler
                0x0000000008004cc8        0xc ./src/stm32f4xx_it.o
                0x0000000008004cc8                SysTick_Handler
 .text.TEST_GetEQGains
                0x0000000008004cd4       0x5c ./src/tests.o
 .text.TEST_Init
                0x0000000008004d30        0xc ./src/tests.o
                0x0000000008004d30                TEST_Init
 .text.TEST_Main
                0x0000000008004d3c      0x178 ./src/tests.o
                0x0000000008004d3c                TEST_Main
 .text.HAL_GPIO_EXTI_Callback
                0x0000000008004eb4       0xcc ./src/tests.o
                0x0000000008004eb4                HAL_GPIO_EXTI_Callback
 .text.utilsConsumeNonNumeric
                0x0000000008004f80       0x28 ./src/utils.o
                0x0000000008004f80                utilsConsumeNonNumeric
 .text.utilsGetOption
                0x0000000008004fa8       0x94 ./src/utils.o
                0x0000000008004fa8                utilsGetOption
 .text.SPIx_Msp_Init
                0x000000000800503c       0xa0 ./src/wolfson_pi_audio.o
 .text.I2Sx_Msp_Init
                0x00000000080050dc      0x1cc ./src/wolfson_pi_audio.o
 .text.I2Sx_Init
                0x00000000080052a8       0x54 ./src/wolfson_pi_audio.o
 .text.SPIx_Init
                0x00000000080052fc       0x44 ./src/wolfson_pi_audio.o
 .text.SPIx_Error
                0x0000000008005340       0x14 ./src/wolfson_pi_audio.o
 .text.SPIx_WriteData
                0x0000000008005354       0x5c ./src/wolfson_pi_audio.o
 .text.SPIx_ReadData
                0x00000000080053b0       0x64 ./src/wolfson_pi_audio.o
 .text.WOLFSON_PI_AUDIO_Init
                0x0000000008005414       0xb0 ./src/wolfson_pi_audio.o
                0x0000000008005414                WOLFSON_PI_AUDIO_Init
 .text.WOLFSON_PI_AUDIO_Play
                0x00000000080054c4       0x38 ./src/wolfson_pi_audio.o
                0x00000000080054c4                WOLFSON_PI_AUDIO_Play
 .text.WOLFSON_PI_AUDIO_Pause
                0x00000000080054fc       0x28 ./src/wolfson_pi_audio.o
                0x00000000080054fc                WOLFSON_PI_AUDIO_Pause
 .text.WOLFSON_PI_AUDIO_Resume
                0x0000000008005524       0x28 ./src/wolfson_pi_audio.o
                0x0000000008005524                WOLFSON_PI_AUDIO_Resume
 .text.WOLFSON_PI_AUDIO_Stop
                0x000000000800554c       0x44 ./src/wolfson_pi_audio.o
                0x000000000800554c                WOLFSON_PI_AUDIO_Stop
 .text.WOLFSON_PI_AUDIO_SetVolume
                0x0000000008005590       0x14 ./src/wolfson_pi_audio.o
                0x0000000008005590                WOLFSON_PI_AUDIO_SetVolume
 .text.WOLFSON_PI_AUDIO_SetMute
                0x00000000080055a4       0x14 ./src/wolfson_pi_audio.o
                0x00000000080055a4                WOLFSON_PI_AUDIO_SetMute
 .text.WOLFSON_PI_AUDIO_SetFilter
                0x00000000080055b8       0x18 ./src/wolfson_pi_audio.o
                0x00000000080055b8                WOLFSON_PI_AUDIO_SetFilter
 .text.WOLFSON_PI_AUDIO_SetEqualizer
                0x00000000080055d0       0x1e ./src/wolfson_pi_audio.o
                0x00000000080055d0                WOLFSON_PI_AUDIO_SetEqualizer
 *fill*         0x00000000080055ee        0x2 
 .text.WOLFSON_PI_AUDIO_SetInputMode
                0x00000000080055f0       0x14 ./src/wolfson_pi_audio.o
                0x00000000080055f0                WOLFSON_PI_AUDIO_SetInputMode
 .text.WOLFSON_PI_AUDIO_SetFrequency
                0x0000000008005604       0x8c ./src/wolfson_pi_audio.o
                0x0000000008005604                WOLFSON_PI_AUDIO_SetFrequency
 .text.HAL_I2S_RxCpltCallback
                0x0000000008005690       0x18 ./src/wolfson_pi_audio.o
                0x0000000008005690                HAL_I2S_RxCpltCallback
 .text.HAL_I2S_RxHalfCpltCallback
                0x00000000080056a8       0x18 ./src/wolfson_pi_audio.o
                0x00000000080056a8                HAL_I2S_RxHalfCpltCallback
 .text.WOLFSON_PI_AUDIO_Error_CallBack
                0x00000000080056c0        0x2 ./src/wolfson_pi_audio.o
                0x00000000080056c0                WOLFSON_PI_AUDIO_Error_CallBack
 *fill*         0x00000000080056c2        0x2 
 .text.HAL_I2S_ErrorCallback
                0x00000000080056c4       0x18 ./src/wolfson_pi_audio.o
                0x00000000080056c4                HAL_I2S_ErrorCallback
 .text.EXTERNAL_AUDIO_IO_Init
                0x00000000080056dc       0x88 ./src/wolfson_pi_audio.o
                0x00000000080056dc                EXTERNAL_AUDIO_IO_Init
 .text.EXTERNAL_AUDIO_IO_DeInit
                0x0000000008005764        0x2 ./src/wolfson_pi_audio.o
                0x0000000008005764                EXTERNAL_AUDIO_IO_DeInit
 .text.EXTERNAL_AUDIO_IO_Write
                0x0000000008005766        0xc ./src/wolfson_pi_audio.o
                0x0000000008005766                EXTERNAL_AUDIO_IO_Write
 .text.EXTERNAL_AUDIO_IO_Read
                0x0000000008005772        0xa ./src/wolfson_pi_audio.o
                0x0000000008005772                EXTERNAL_AUDIO_IO_Read
 .text.EXTERNAL_AUDIO_IO_Delay
                0x000000000800577c        0x8 ./src/wolfson_pi_audio.o
                0x000000000800577c                EXTERNAL_AUDIO_IO_Delay
 .text.arm_fir_q15
                0x0000000008005784      0x368 ../system/src/cmsis/DSP/Lib/GCC\libarm_cortexM4lf_math.a(arm_fir_q15.o)
                0x0000000008005784                arm_fir_q15
 .text.arm_fir_init_q15
                0x0000000008005aec       0x2c ../system/src/cmsis/DSP/Lib/GCC\libarm_cortexM4lf_math.a(arm_fir_init_q15.o)
                0x0000000008005aec                arm_fir_init_q15
 .text.arm_fir_init_f32
                0x0000000008005b18       0x20 ../system/src/cmsis/DSP/Lib/GCC\libarm_cortexM4lf_math.a(arm_fir_init_f32.o)
                0x0000000008005b18                arm_fir_init_f32
 .text.arm_fir_f32
                0x0000000008005b38      0x500 ../system/src/cmsis/DSP/Lib/GCC\libarm_cortexM4lf_math.a(arm_fir_f32.o)
                0x0000000008005b38                arm_fir_f32
 .text          0x0000000008006038      0x378 c:/users/zoy_r/appdata/roaming/xpacks/arm-none-eabi-gcc/10.3.1-2.3/bin/../lib/gcc/arm-none-eabi/10.3.1/thumb/v7e-m+fp/hard\libgcc.a(_arm_addsubdf3.o)
                0x0000000008006038                __aeabi_drsub
                0x0000000008006040                __aeabi_dsub
                0x0000000008006040                __subdf3
                0x0000000008006044                __aeabi_dadd
                0x0000000008006044                __adddf3
                0x00000000080062bc                __floatunsidf
                0x00000000080062bc                __aeabi_ui2d
                0x00000000080062dc                __floatsidf
                0x00000000080062dc                __aeabi_i2d
                0x0000000008006300                __aeabi_f2d
                0x0000000008006300                __extendsfdf2
                0x0000000008006344                __floatundidf
                0x0000000008006344                __aeabi_ul2d
                0x0000000008006354                __floatdidf
                0x0000000008006354                __aeabi_l2d
 .text          0x00000000080063b0       0x50 c:/users/zoy_r/appdata/roaming/xpacks/arm-none-eabi-gcc/10.3.1-2.3/bin/../lib/gcc/arm-none-eabi/10.3.1/thumb/v7e-m+fp/hard\libgcc.a(_arm_fixdfsi.o)
                0x00000000080063b0                __aeabi_d2iz
                0x00000000080063b0                __fixdfsi
 .text          0x0000000008006400       0xa0 c:/users/zoy_r/appdata/roaming/xpacks/arm-none-eabi-gcc/10.3.1-2.3/bin/../lib/gcc/arm-none-eabi/10.3.1/thumb/v7e-m+fp/hard\libgcc.a(_arm_truncdfsf2.o)
                0x0000000008006400                __truncdfsf2
                0x0000000008006400                __aeabi_d2f
 .text.__errno  0x00000000080064a0        0xc c:/users/zoy_r/appdata/roaming/xpacks/arm-none-eabi-gcc/10.3.1-2.3/bin/../lib/gcc/arm-none-eabi/10.3.1/../../../../arm-none-eabi/lib/thumb/v7e-m+fp/hard\libg_nano.a(lib_a-errno.o)
                0x00000000080064a0                __errno
 .text.std      0x00000000080064ac       0x48 c:/users/zoy_r/appdata/roaming/xpacks/arm-none-eabi-gcc/10.3.1-2.3/bin/../lib/gcc/arm-none-eabi/10.3.1/../../../../arm-none-eabi/lib/thumb/v7e-m+fp/hard\libg_nano.a(lib_a-findfp.o)
 .text._cleanup_r
                0x00000000080064f4        0xc c:/users/zoy_r/appdata/roaming/xpacks/arm-none-eabi-gcc/10.3.1-2.3/bin/../lib/gcc/arm-none-eabi/10.3.1/../../../../arm-none-eabi/lib/thumb/v7e-m+fp/hard\libg_nano.a(lib_a-findfp.o)
                0x00000000080064f4                _cleanup_r
 .text.__sfmoreglue
                0x0000000008006500       0x2c c:/users/zoy_r/appdata/roaming/xpacks/arm-none-eabi-gcc/10.3.1-2.3/bin/../lib/gcc/arm-none-eabi/10.3.1/../../../../arm-none-eabi/lib/thumb/v7e-m+fp/hard\libg_nano.a(lib_a-findfp.o)
                0x0000000008006500                __sfmoreglue
 .text.__sfp_lock_acquire
                0x000000000800652c        0xc c:/users/zoy_r/appdata/roaming/xpacks/arm-none-eabi-gcc/10.3.1-2.3/bin/../lib/gcc/arm-none-eabi/10.3.1/../../../../arm-none-eabi/lib/thumb/v7e-m+fp/hard\libg_nano.a(lib_a-findfp.o)
                0x000000000800652c                __sfp_lock_acquire
 .text.__sfp_lock_release
                0x0000000008006538        0xc c:/users/zoy_r/appdata/roaming/xpacks/arm-none-eabi-gcc/10.3.1-2.3/bin/../lib/gcc/arm-none-eabi/10.3.1/../../../../arm-none-eabi/lib/thumb/v7e-m+fp/hard\libg_nano.a(lib_a-findfp.o)
                0x0000000008006538                __sfp_lock_release
 .text.__sinit_lock_acquire
                0x0000000008006544        0xc c:/users/zoy_r/appdata/roaming/xpacks/arm-none-eabi-gcc/10.3.1-2.3/bin/../lib/gcc/arm-none-eabi/10.3.1/../../../../arm-none-eabi/lib/thumb/v7e-m+fp/hard\libg_nano.a(lib_a-findfp.o)
                0x0000000008006544                __sinit_lock_acquire
 .text.__sinit_lock_release
                0x0000000008006550        0xc c:/users/zoy_r/appdata/roaming/xpacks/arm-none-eabi-gcc/10.3.1-2.3/bin/../lib/gcc/arm-none-eabi/10.3.1/../../../../arm-none-eabi/lib/thumb/v7e-m+fp/hard\libg_nano.a(lib_a-findfp.o)
                0x0000000008006550                __sinit_lock_release
 .text.__sinit  0x000000000800655c       0x70 c:/users/zoy_r/appdata/roaming/xpacks/arm-none-eabi-gcc/10.3.1-2.3/bin/../lib/gcc/arm-none-eabi/10.3.1/../../../../arm-none-eabi/lib/thumb/v7e-m+fp/hard\libg_nano.a(lib_a-findfp.o)
                0x000000000800655c                __sinit
 .text.__sfp    0x00000000080065cc       0x8c c:/users/zoy_r/appdata/roaming/xpacks/arm-none-eabi-gcc/10.3.1-2.3/bin/../lib/gcc/arm-none-eabi/10.3.1/../../../../arm-none-eabi/lib/thumb/v7e-m+fp/hard\libg_nano.a(lib_a-findfp.o)
                0x00000000080065cc                __sfp
 .text._fwalk   0x0000000008006658       0x3a c:/users/zoy_r/appdata/roaming/xpacks/arm-none-eabi-gcc/10.3.1-2.3/bin/../lib/gcc/arm-none-eabi/10.3.1/../../../../arm-none-eabi/lib/thumb/v7e-m+fp/hard\libg_nano.a(lib_a-fwalk.o)
                0x0000000008006658                _fwalk
 .text._fwalk_reent
                0x0000000008006692       0x3e c:/users/zoy_r/appdata/roaming/xpacks/arm-none-eabi-gcc/10.3.1-2.3/bin/../lib/gcc/arm-none-eabi/10.3.1/../../../../arm-none-eabi/lib/thumb/v7e-m+fp/hard\libg_nano.a(lib_a-fwalk.o)
                0x0000000008006692                _fwalk_reent
 .text.getchar  0x00000000080066d0       0x24 c:/users/zoy_r/appdata/roaming/xpacks/arm-none-eabi-gcc/10.3.1-2.3/bin/../lib/gcc/arm-none-eabi/10.3.1/../../../../arm-none-eabi/lib/thumb/v7e-m+fp/hard\libg_nano.a(lib_a-getchar.o)
                0x00000000080066d0                getchar
 .text._getc_r  0x00000000080066f4       0x80 c:/users/zoy_r/appdata/roaming/xpacks/arm-none-eabi-gcc/10.3.1-2.3/bin/../lib/gcc/arm-none-eabi/10.3.1/../../../../arm-none-eabi/lib/thumb/v7e-m+fp/hard\libg_nano.a(lib_a-getc.o)
                0x00000000080066f4                _getc_r
 .text.__retarget_lock_init_recursive
                0x0000000008006774        0x2 c:/users/zoy_r/appdata/roaming/xpacks/arm-none-eabi-gcc/10.3.1-2.3/bin/../lib/gcc/arm-none-eabi/10.3.1/../../../../arm-none-eabi/lib/thumb/v7e-m+fp/hard\libg_nano.a(lib_a-lock.o)
                0x0000000008006774                __retarget_lock_init_recursive
 .text.__retarget_lock_acquire_recursive
                0x0000000008006776        0x2 c:/users/zoy_r/appdata/roaming/xpacks/arm-none-eabi-gcc/10.3.1-2.3/bin/../lib/gcc/arm-none-eabi/10.3.1/../../../../arm-none-eabi/lib/thumb/v7e-m+fp/hard\libg_nano.a(lib_a-lock.o)
                0x0000000008006776                __retarget_lock_acquire_recursive
 .text.__retarget_lock_release_recursive
                0x0000000008006778        0x2 c:/users/zoy_r/appdata/roaming/xpacks/arm-none-eabi-gcc/10.3.1-2.3/bin/../lib/gcc/arm-none-eabi/10.3.1/../../../../arm-none-eabi/lib/thumb/v7e-m+fp/hard\libg_nano.a(lib_a-lock.o)
                0x0000000008006778                __retarget_lock_release_recursive
 .text.memset   0x000000000800677a       0x10 c:/users/zoy_r/appdata/roaming/xpacks/arm-none-eabi-gcc/10.3.1-2.3/bin/../lib/gcc/arm-none-eabi/10.3.1/../../../../arm-none-eabi/lib/thumb/v7e-m+fp/hard\libg_nano.a(lib_a-memset.o)
                0x000000000800677a                memset
 *fill*         0x000000000800678a        0x2 
 .text.sbrk_aligned
                0x000000000800678c       0x40 c:/users/zoy_r/appdata/roaming/xpacks/arm-none-eabi-gcc/10.3.1-2.3/bin/../lib/gcc/arm-none-eabi/10.3.1/../../../../arm-none-eabi/lib/thumb/v7e-m+fp/hard\libg_nano.a(lib_a-nano-mallocr.o)
 .text._malloc_r
                0x00000000080067cc       0xe8 c:/users/zoy_r/appdata/roaming/xpacks/arm-none-eabi-gcc/10.3.1-2.3/bin/../lib/gcc/arm-none-eabi/10.3.1/../../../../arm-none-eabi/lib/thumb/v7e-m+fp/hard\libg_nano.a(lib_a-nano-mallocr.o)
                0x00000000080067cc                _malloc_r
 .text.__cvt    0x00000000080068b4       0xc4 c:/users/zoy_r/appdata/roaming/xpacks/arm-none-eabi-gcc/10.3.1-2.3/bin/../lib/gcc/arm-none-eabi/10.3.1/../../../../arm-none-eabi/lib/thumb/v7e-m+fp/hard\libg_nano.a(lib_a-nano-vfprintf_float.o)
                0x00000000080068b4                __cvt
 .text.__exponent
                0x0000000008006978       0x7c c:/users/zoy_r/appdata/roaming/xpacks/arm-none-eabi-gcc/10.3.1-2.3/bin/../lib/gcc/arm-none-eabi/10.3.1/../../../../arm-none-eabi/lib/thumb/v7e-m+fp/hard\libg_nano.a(lib_a-nano-vfprintf_float.o)
                0x0000000008006978                __exponent
 .text._printf_float
                0x00000000080069f4      0x46c c:/users/zoy_r/appdata/roaming/xpacks/arm-none-eabi-gcc/10.3.1-2.3/bin/../lib/gcc/arm-none-eabi/10.3.1/../../../../arm-none-eabi/lib/thumb/v7e-m+fp/hard\libg_nano.a(lib_a-nano-vfprintf_float.o)
                0x00000000080069f4                _printf_float
 .text._printf_common
                0x0000000008006e60       0xda c:/users/zoy_r/appdata/roaming/xpacks/arm-none-eabi-gcc/10.3.1-2.3/bin/../lib/gcc/arm-none-eabi/10.3.1/../../../../arm-none-eabi/lib/thumb/v7e-m+fp/hard\libg_nano.a(lib_a-nano-vfprintf_i.o)
                0x0000000008006e60                _printf_common
 *fill*         0x0000000008006f3a        0x2 
 .text._printf_i
                0x0000000008006f3c      0x24c c:/users/zoy_r/appdata/roaming/xpacks/arm-none-eabi-gcc/10.3.1-2.3/bin/../lib/gcc/arm-none-eabi/10.3.1/../../../../arm-none-eabi/lib/thumb/v7e-m+fp/hard\libg_nano.a(lib_a-nano-vfprintf_i.o)
                0x0000000008006f3c                _printf_i
 .text._scanf_float
                0x0000000008007188      0x420 c:/users/zoy_r/appdata/roaming/xpacks/arm-none-eabi-gcc/10.3.1-2.3/bin/../lib/gcc/arm-none-eabi/10.3.1/../../../../arm-none-eabi/lib/thumb/v7e-m+fp/hard\libg_nano.a(lib_a-nano-vfscanf_float.o)
                0x0000000008007188                _scanf_float
 .text.__srget_r
                0x00000000080075a8       0x58 c:/users/zoy_r/appdata/roaming/xpacks/arm-none-eabi-gcc/10.3.1-2.3/bin/../lib/gcc/arm-none-eabi/10.3.1/../../../../arm-none-eabi/lib/thumb/v7e-m+fp/hard\libg_nano.a(lib_a-rget.o)
                0x00000000080075a8                __srget_r
 .text._sbrk_r  0x0000000008007600       0x20 c:/users/zoy_r/appdata/roaming/xpacks/arm-none-eabi-gcc/10.3.1-2.3/bin/../lib/gcc/arm-none-eabi/10.3.1/../../../../arm-none-eabi/lib/thumb/v7e-m+fp/hard\libg_nano.a(lib_a-sbrkr.o)
                0x0000000008007600                _sbrk_r
 .text.scanf    0x0000000008007620       0x30 c:/users/zoy_r/appdata/roaming/xpacks/arm-none-eabi-gcc/10.3.1-2.3/bin/../lib/gcc/arm-none-eabi/10.3.1/../../../../arm-none-eabi/lib/thumb/v7e-m+fp/hard\libg_nano.a(lib_a-scanf.o)
                0x0000000008007620                scanf
                0x0000000008007620                iscanf
 .text.nanf     0x0000000008007650        0xc c:/users/zoy_r/appdata/roaming/xpacks/arm-none-eabi-gcc/10.3.1-2.3/bin/../lib/gcc/arm-none-eabi/10.3.1/../../../../arm-none-eabi/lib/thumb/v7e-m+fp/hard\libg_nano.a(lib_a-sf_nan.o)
                0x0000000008007650                nanf
 .text.sprintf  0x000000000800765c       0x40 c:/users/zoy_r/appdata/roaming/xpacks/arm-none-eabi-gcc/10.3.1-2.3/bin/../lib/gcc/arm-none-eabi/10.3.1/../../../../arm-none-eabi/lib/thumb/v7e-m+fp/hard\libg_nano.a(lib_a-sprintf.o)
                0x000000000800765c                siprintf
                0x000000000800765c                sprintf
 .text.__sread  0x000000000800769c       0x22 c:/users/zoy_r/appdata/roaming/xpacks/arm-none-eabi-gcc/10.3.1-2.3/bin/../lib/gcc/arm-none-eabi/10.3.1/../../../../arm-none-eabi/lib/thumb/v7e-m+fp/hard\libg_nano.a(lib_a-stdio.o)
                0x000000000800769c                __sread
 .text.__swrite
                0x00000000080076be       0x38 c:/users/zoy_r/appdata/roaming/xpacks/arm-none-eabi-gcc/10.3.1-2.3/bin/../lib/gcc/arm-none-eabi/10.3.1/../../../../arm-none-eabi/lib/thumb/v7e-m+fp/hard\libg_nano.a(lib_a-stdio.o)
                0x00000000080076be                __swrite
 .text.__sseek  0x00000000080076f6       0x24 c:/users/zoy_r/appdata/roaming/xpacks/arm-none-eabi-gcc/10.3.1-2.3/bin/../lib/gcc/arm-none-eabi/10.3.1/../../../../arm-none-eabi/lib/thumb/v7e-m+fp/hard\libg_nano.a(lib_a-stdio.o)
                0x00000000080076f6                __sseek
 .text.__sclose
                0x000000000800771a        0x8 c:/users/zoy_r/appdata/roaming/xpacks/arm-none-eabi-gcc/10.3.1-2.3/bin/../lib/gcc/arm-none-eabi/10.3.1/../../../../arm-none-eabi/lib/thumb/v7e-m+fp/hard\libg_nano.a(lib_a-stdio.o)
                0x000000000800771a                __sclose
 .text          0x0000000008007722       0x14 c:/users/zoy_r/appdata/roaming/xpacks/arm-none-eabi-gcc/10.3.1-2.3/bin/../lib/gcc/arm-none-eabi/10.3.1/../../../../arm-none-eabi/lib/thumb/v7e-m+fp/hard\libg_nano.a(lib_a-strcmp.o)
                0x0000000008007722                strcmp
 .text          0x0000000008007736       0x10 c:/users/zoy_r/appdata/roaming/xpacks/arm-none-eabi-gcc/10.3.1-2.3/bin/../lib/gcc/arm-none-eabi/10.3.1/../../../../arm-none-eabi/lib/thumb/v7e-m+fp/hard\libg_nano.a(lib_a-strlen.o)
                0x0000000008007736                strlen
 .text.sulp     0x0000000008007746       0x38 c:/users/zoy_r/appdata/roaming/xpacks/arm-none-eabi-gcc/10.3.1-2.3/bin/../lib/gcc/arm-none-eabi/10.3.1/../../../../arm-none-eabi/lib/thumb/v7e-m+fp/hard\libg_nano.a(lib_a-strtod.o)
 *fill*         0x000000000800777e        0x2 
 .text._strtod_l
                0x0000000008007780      0xc0c c:/users/zoy_r/appdata/roaming/xpacks/arm-none-eabi-gcc/10.3.1-2.3/bin/../lib/gcc/arm-none-eabi/10.3.1/../../../../arm-none-eabi/lib/thumb/v7e-m+fp/hard\libg_nano.a(lib_a-strtod.o)
                0x0000000008007780                _strtod_l
 .text._strtod_r
                0x000000000800838c        0xc c:/users/zoy_r/appdata/roaming/xpacks/arm-none-eabi-gcc/10.3.1-2.3/bin/../lib/gcc/arm-none-eabi/10.3.1/../../../../arm-none-eabi/lib/thumb/v7e-m+fp/hard\libg_nano.a(lib_a-strtod.o)
                0x000000000800838c                _strtod_r
 .text._strtol_l.constprop.0
                0x0000000008008398      0x104 c:/users/zoy_r/appdata/roaming/xpacks/arm-none-eabi-gcc/10.3.1-2.3/bin/../lib/gcc/arm-none-eabi/10.3.1/../../../../arm-none-eabi/lib/thumb/v7e-m+fp/hard\libg_nano.a(lib_a-strtol.o)
 .text._strtol_r
                0x000000000800849c        0x4 c:/users/zoy_r/appdata/roaming/xpacks/arm-none-eabi-gcc/10.3.1-2.3/bin/../lib/gcc/arm-none-eabi/10.3.1/../../../../arm-none-eabi/lib/thumb/v7e-m+fp/hard\libg_nano.a(lib_a-strtol.o)
                0x000000000800849c                _strtol_r
 .text.__submore
                0x00000000080084a0       0x74 c:/users/zoy_r/appdata/roaming/xpacks/arm-none-eabi-gcc/10.3.1-2.3/bin/../lib/gcc/arm-none-eabi/10.3.1/../../../../arm-none-eabi/lib/thumb/v7e-m+fp/hard\libg_nano.a(lib_a-ungetc.o)
                0x00000000080084a0                __submore
 .text._ungetc_r
                0x0000000008008514      0x130 c:/users/zoy_r/appdata/roaming/xpacks/arm-none-eabi-gcc/10.3.1-2.3/bin/../lib/gcc/arm-none-eabi/10.3.1/../../../../arm-none-eabi/lib/thumb/v7e-m+fp/hard\libg_nano.a(lib_a-ungetc.o)
                0x0000000008008514                _ungetc_r
 .text.ungetc   0x0000000008008644       0x10 c:/users/zoy_r/appdata/roaming/xpacks/arm-none-eabi-gcc/10.3.1-2.3/bin/../lib/gcc/arm-none-eabi/10.3.1/../../../../arm-none-eabi/lib/thumb/v7e-m+fp/hard\libg_nano.a(lib_a-ungetc.o)
                0x0000000008008644                ungetc
 .text._vsnprintf_r
                0x0000000008008654       0x56 c:/users/zoy_r/appdata/roaming/xpacks/arm-none-eabi-gcc/10.3.1-2.3/bin/../lib/gcc/arm-none-eabi/10.3.1/../../../../arm-none-eabi/lib/thumb/v7e-m+fp/hard\libg_nano.a(lib_a-vsnprintf.o)
                0x0000000008008654                _vsniprintf_r
                0x0000000008008654                _vsnprintf_r
 *fill*         0x00000000080086aa        0x2 
 .text.vsnprintf
                0x00000000080086ac       0x1c c:/users/zoy_r/appdata/roaming/xpacks/arm-none-eabi-gcc/10.3.1-2.3/bin/../lib/gcc/arm-none-eabi/10.3.1/../../../../arm-none-eabi/lib/thumb/v7e-m+fp/hard\libg_nano.a(lib_a-vsnprintf.o)
                0x00000000080086ac                vsniprintf
                0x00000000080086ac                vsnprintf
 .text._write_r
                0x00000000080086c8       0x24 c:/users/zoy_r/appdata/roaming/xpacks/arm-none-eabi-gcc/10.3.1-2.3/bin/../lib/gcc/arm-none-eabi/10.3.1/../../../../arm-none-eabi/lib/thumb/v7e-m+fp/hard\libg_nano.a(lib_a-writer.o)
                0x00000000080086c8                _write_r
 .text._close_r
                0x00000000080086ec       0x20 c:/users/zoy_r/appdata/roaming/xpacks/arm-none-eabi-gcc/10.3.1-2.3/bin/../lib/gcc/arm-none-eabi/10.3.1/../../../../arm-none-eabi/lib/thumb/v7e-m+fp/hard\libg_nano.a(lib_a-closer.o)
                0x00000000080086ec                _close_r
 .text.quorem   0x000000000800870c      0x116 c:/users/zoy_r/appdata/roaming/xpacks/arm-none-eabi-gcc/10.3.1-2.3/bin/../lib/gcc/arm-none-eabi/10.3.1/../../../../arm-none-eabi/lib/thumb/v7e-m+fp/hard\libg_nano.a(lib_a-dtoa.o)
 *fill*         0x0000000008008822        0x6 
 .text._dtoa_r  0x0000000008008828      0xbdc c:/users/zoy_r/appdata/roaming/xpacks/arm-none-eabi-gcc/10.3.1-2.3/bin/../lib/gcc/arm-none-eabi/10.3.1/../../../../arm-none-eabi/lib/thumb/v7e-m+fp/hard\libg_nano.a(lib_a-dtoa.o)
                0x0000000008008828                _dtoa_r
 .text.__sflush_r
                0x0000000008009404      0x10c c:/users/zoy_r/appdata/roaming/xpacks/arm-none-eabi-gcc/10.3.1-2.3/bin/../lib/gcc/arm-none-eabi/10.3.1/../../../../arm-none-eabi/lib/thumb/v7e-m+fp/hard\libg_nano.a(lib_a-fflush.o)
                0x0000000008009404                __sflush_r
 .text._fflush_r
                0x0000000008009510       0x78 c:/users/zoy_r/appdata/roaming/xpacks/arm-none-eabi-gcc/10.3.1-2.3/bin/../lib/gcc/arm-none-eabi/10.3.1/../../../../arm-none-eabi/lib/thumb/v7e-m+fp/hard\libg_nano.a(lib_a-fflush.o)
                0x0000000008009510                _fflush_r
 .text.fflush   0x0000000008009588       0x24 c:/users/zoy_r/appdata/roaming/xpacks/arm-none-eabi-gcc/10.3.1-2.3/bin/../lib/gcc/arm-none-eabi/10.3.1/../../../../arm-none-eabi/lib/thumb/v7e-m+fp/hard\libg_nano.a(lib_a-fflush.o)
                0x0000000008009588                fflush
 .text.rshift   0x00000000080095ac       0xa4 c:/users/zoy_r/appdata/roaming/xpacks/arm-none-eabi-gcc/10.3.1-2.3/bin/../lib/gcc/arm-none-eabi/10.3.1/../../../../arm-none-eabi/lib/thumb/v7e-m+fp/hard\libg_nano.a(lib_a-gdtoa-gethex.o)
 .text.__hexdig_fun
                0x0000000008009650       0x2a c:/users/zoy_r/appdata/roaming/xpacks/arm-none-eabi-gcc/10.3.1-2.3/bin/../lib/gcc/arm-none-eabi/10.3.1/../../../../arm-none-eabi/lib/thumb/v7e-m+fp/hard\libg_nano.a(lib_a-gdtoa-gethex.o)
                0x0000000008009650                __hexdig_fun
 *fill*         0x000000000800967a        0x2 
 .text.__gethex
                0x000000000800967c      0x48c c:/users/zoy_r/appdata/roaming/xpacks/arm-none-eabi-gcc/10.3.1-2.3/bin/../lib/gcc/arm-none-eabi/10.3.1/../../../../arm-none-eabi/lib/thumb/v7e-m+fp/hard\libg_nano.a(lib_a-gdtoa-gethex.o)
                0x000000000800967c                __gethex
 .text.L_shift  0x0000000008009b08       0x24 c:/users/zoy_r/appdata/roaming/xpacks/arm-none-eabi-gcc/10.3.1-2.3/bin/../lib/gcc/arm-none-eabi/10.3.1/../../../../arm-none-eabi/lib/thumb/v7e-m+fp/hard\libg_nano.a(lib_a-gdtoa-hexnan.o)
 .text.__match  0x0000000008009b2c       0x28 c:/users/zoy_r/appdata/roaming/xpacks/arm-none-eabi-gcc/10.3.1-2.3/bin/../lib/gcc/arm-none-eabi/10.3.1/../../../../arm-none-eabi/lib/thumb/v7e-m+fp/hard\libg_nano.a(lib_a-gdtoa-hexnan.o)
                0x0000000008009b2c                __match
 .text.__hexnan
                0x0000000008009b54      0x138 c:/users/zoy_r/appdata/roaming/xpacks/arm-none-eabi-gcc/10.3.1-2.3/bin/../lib/gcc/arm-none-eabi/10.3.1/../../../../arm-none-eabi/lib/thumb/v7e-m+fp/hard\libg_nano.a(lib_a-gdtoa-hexnan.o)
                0x0000000008009b54                __hexnan
 .text._localeconv_r
                0x0000000008009c8c        0x8 c:/users/zoy_r/appdata/roaming/xpacks/arm-none-eabi-gcc/10.3.1-2.3/bin/../lib/gcc/arm-none-eabi/10.3.1/../../../../arm-none-eabi/lib/thumb/v7e-m+fp/hard\libg_nano.a(lib_a-localeconv.o)
                0x0000000008009c8c                _localeconv_r
 .text._lseek_r
                0x0000000008009c94       0x24 c:/users/zoy_r/appdata/roaming/xpacks/arm-none-eabi-gcc/10.3.1-2.3/bin/../lib/gcc/arm-none-eabi/10.3.1/../../../../arm-none-eabi/lib/thumb/v7e-m+fp/hard\libg_nano.a(lib_a-lseekr.o)
                0x0000000008009c94                _lseek_r
 .text.malloc   0x0000000008009cb8       0x10 c:/users/zoy_r/appdata/roaming/xpacks/arm-none-eabi-gcc/10.3.1-2.3/bin/../lib/gcc/arm-none-eabi/10.3.1/../../../../arm-none-eabi/lib/thumb/v7e-m+fp/hard\libg_nano.a(lib_a-malloc.o)
                0x0000000008009cb8                malloc
 .text.__ascii_mbtowc
                0x0000000008009cc8       0x24 c:/users/zoy_r/appdata/roaming/xpacks/arm-none-eabi-gcc/10.3.1-2.3/bin/../lib/gcc/arm-none-eabi/10.3.1/../../../../arm-none-eabi/lib/thumb/v7e-m+fp/hard\libg_nano.a(lib_a-mbtowc_r.o)
                0x0000000008009cc8                __ascii_mbtowc
 *fill*         0x0000000008009cec        0x4 
 .text          0x0000000008009cf0       0xa0 c:/users/zoy_r/appdata/roaming/xpacks/arm-none-eabi-gcc/10.3.1-2.3/bin/../lib/gcc/arm-none-eabi/10.3.1/../../../../arm-none-eabi/lib/thumb/v7e-m+fp/hard\libg_nano.a(lib_a-memchr.o)
                0x0000000008009cf0                memchr
 .text.memcpy   0x0000000008009d90       0x1c c:/users/zoy_r/appdata/roaming/xpacks/arm-none-eabi-gcc/10.3.1-2.3/bin/../lib/gcc/arm-none-eabi/10.3.1/../../../../arm-none-eabi/lib/thumb/v7e-m+fp/hard\libg_nano.a(lib_a-memcpy-stub.o)
                0x0000000008009d90                memcpy
 .text.__malloc_lock
                0x0000000008009dac        0xc c:/users/zoy_r/appdata/roaming/xpacks/arm-none-eabi-gcc/10.3.1-2.3/bin/../lib/gcc/arm-none-eabi/10.3.1/../../../../arm-none-eabi/lib/thumb/v7e-m+fp/hard\libg_nano.a(lib_a-mlock.o)
                0x0000000008009dac                __malloc_lock
 .text.__malloc_unlock
                0x0000000008009db8        0xc c:/users/zoy_r/appdata/roaming/xpacks/arm-none-eabi-gcc/10.3.1-2.3/bin/../lib/gcc/arm-none-eabi/10.3.1/../../../../arm-none-eabi/lib/thumb/v7e-m+fp/hard\libg_nano.a(lib_a-mlock.o)
                0x0000000008009db8                __malloc_unlock
 .text._Balloc  0x0000000008009dc4       0x80 c:/users/zoy_r/appdata/roaming/xpacks/arm-none-eabi-gcc/10.3.1-2.3/bin/../lib/gcc/arm-none-eabi/10.3.1/../../../../arm-none-eabi/lib/thumb/v7e-m+fp/hard\libg_nano.a(lib_a-mprec.o)
                0x0000000008009dc4                _Balloc
 .text._Bfree   0x0000000008009e44       0x44 c:/users/zoy_r/appdata/roaming/xpacks/arm-none-eabi-gcc/10.3.1-2.3/bin/../lib/gcc/arm-none-eabi/10.3.1/../../../../arm-none-eabi/lib/thumb/v7e-m+fp/hard\libg_nano.a(lib_a-mprec.o)
                0x0000000008009e44                _Bfree
 .text.__multadd
                0x0000000008009e88       0x8c c:/users/zoy_r/appdata/roaming/xpacks/arm-none-eabi-gcc/10.3.1-2.3/bin/../lib/gcc/arm-none-eabi/10.3.1/../../../../arm-none-eabi/lib/thumb/v7e-m+fp/hard\libg_nano.a(lib_a-mprec.o)
                0x0000000008009e88                __multadd
 .text.__s2b    0x0000000008009f14       0x94 c:/users/zoy_r/appdata/roaming/xpacks/arm-none-eabi-gcc/10.3.1-2.3/bin/../lib/gcc/arm-none-eabi/10.3.1/../../../../arm-none-eabi/lib/thumb/v7e-m+fp/hard\libg_nano.a(lib_a-mprec.o)
                0x0000000008009f14                __s2b
 .text.__hi0bits
                0x0000000008009fa8       0x40 c:/users/zoy_r/appdata/roaming/xpacks/arm-none-eabi-gcc/10.3.1-2.3/bin/../lib/gcc/arm-none-eabi/10.3.1/../../../../arm-none-eabi/lib/thumb/v7e-m+fp/hard\libg_nano.a(lib_a-mprec.o)
                0x0000000008009fa8                __hi0bits
 .text.__lo0bits
                0x0000000008009fe8       0x5e c:/users/zoy_r/appdata/roaming/xpacks/arm-none-eabi-gcc/10.3.1-2.3/bin/../lib/gcc/arm-none-eabi/10.3.1/../../../../arm-none-eabi/lib/thumb/v7e-m+fp/hard\libg_nano.a(lib_a-mprec.o)
                0x0000000008009fe8                __lo0bits
 *fill*         0x000000000800a046        0x2 
 .text.__i2b    0x000000000800a048       0x2c c:/users/zoy_r/appdata/roaming/xpacks/arm-none-eabi-gcc/10.3.1-2.3/bin/../lib/gcc/arm-none-eabi/10.3.1/../../../../arm-none-eabi/lib/thumb/v7e-m+fp/hard\libg_nano.a(lib_a-mprec.o)
                0x000000000800a048                __i2b
 .text.__multiply
                0x000000000800a074      0x154 c:/users/zoy_r/appdata/roaming/xpacks/arm-none-eabi-gcc/10.3.1-2.3/bin/../lib/gcc/arm-none-eabi/10.3.1/../../../../arm-none-eabi/lib/thumb/v7e-m+fp/hard\libg_nano.a(lib_a-mprec.o)
                0x000000000800a074                __multiply
 .text.__pow5mult
                0x000000000800a1c8       0xb4 c:/users/zoy_r/appdata/roaming/xpacks/arm-none-eabi-gcc/10.3.1-2.3/bin/../lib/gcc/arm-none-eabi/10.3.1/../../../../arm-none-eabi/lib/thumb/v7e-m+fp/hard\libg_nano.a(lib_a-mprec.o)
                0x000000000800a1c8                __pow5mult
 .text.__lshift
                0x000000000800a27c       0xe0 c:/users/zoy_r/appdata/roaming/xpacks/arm-none-eabi-gcc/10.3.1-2.3/bin/../lib/gcc/arm-none-eabi/10.3.1/../../../../arm-none-eabi/lib/thumb/v7e-m+fp/hard\libg_nano.a(lib_a-mprec.o)
                0x000000000800a27c                __lshift
 .text.__mcmp   0x000000000800a35c       0x38 c:/users/zoy_r/appdata/roaming/xpacks/arm-none-eabi-gcc/10.3.1-2.3/bin/../lib/gcc/arm-none-eabi/10.3.1/../../../../arm-none-eabi/lib/thumb/v7e-m+fp/hard\libg_nano.a(lib_a-mprec.o)
                0x000000000800a35c                __mcmp
 .text.__mdiff  0x000000000800a394      0x114 c:/users/zoy_r/appdata/roaming/xpacks/arm-none-eabi-gcc/10.3.1-2.3/bin/../lib/gcc/arm-none-eabi/10.3.1/../../../../arm-none-eabi/lib/thumb/v7e-m+fp/hard\libg_nano.a(lib_a-mprec.o)
                0x000000000800a394                __mdiff
 .text.__ulp    0x000000000800a4a8       0x58 c:/users/zoy_r/appdata/roaming/xpacks/arm-none-eabi-gcc/10.3.1-2.3/bin/../lib/gcc/arm-none-eabi/10.3.1/../../../../arm-none-eabi/lib/thumb/v7e-m+fp/hard\libg_nano.a(lib_a-mprec.o)
                0x000000000800a4a8                __ulp
 .text.__b2d    0x000000000800a500       0xa0 c:/users/zoy_r/appdata/roaming/xpacks/arm-none-eabi-gcc/10.3.1-2.3/bin/../lib/gcc/arm-none-eabi/10.3.1/../../../../arm-none-eabi/lib/thumb/v7e-m+fp/hard\libg_nano.a(lib_a-mprec.o)
                0x000000000800a500                __b2d
 .text.__d2b    0x000000000800a5a0       0xb8 c:/users/zoy_r/appdata/roaming/xpacks/arm-none-eabi-gcc/10.3.1-2.3/bin/../lib/gcc/arm-none-eabi/10.3.1/../../../../arm-none-eabi/lib/thumb/v7e-m+fp/hard\libg_nano.a(lib_a-mprec.o)
                0x000000000800a5a0                __d2b
 .text.__ratio  0x000000000800a658       0x66 c:/users/zoy_r/appdata/roaming/xpacks/arm-none-eabi-gcc/10.3.1-2.3/bin/../lib/gcc/arm-none-eabi/10.3.1/../../../../arm-none-eabi/lib/thumb/v7e-m+fp/hard\libg_nano.a(lib_a-mprec.o)
                0x000000000800a658                __ratio
 .text.__copybits
                0x000000000800a6be       0x46 c:/users/zoy_r/appdata/roaming/xpacks/arm-none-eabi-gcc/10.3.1-2.3/bin/../lib/gcc/arm-none-eabi/10.3.1/../../../../arm-none-eabi/lib/thumb/v7e-m+fp/hard\libg_nano.a(lib_a-mprec.o)
                0x000000000800a6be                __copybits
 .text.__any_on
                0x000000000800a704       0x42 c:/users/zoy_r/appdata/roaming/xpacks/arm-none-eabi-gcc/10.3.1-2.3/bin/../lib/gcc/arm-none-eabi/10.3.1/../../../../arm-none-eabi/lib/thumb/v7e-m+fp/hard\libg_nano.a(lib_a-mprec.o)
                0x000000000800a704                __any_on
 .text._calloc_r
                0x000000000800a746       0x2c c:/users/zoy_r/appdata/roaming/xpacks/arm-none-eabi-gcc/10.3.1-2.3/bin/../lib/gcc/arm-none-eabi/10.3.1/../../../../arm-none-eabi/lib/thumb/v7e-m+fp/hard\libg_nano.a(lib_a-nano-callocr.o)
                0x000000000800a746                _calloc_r
 *fill*         0x000000000800a772        0x2 
 .text._free_r  0x000000000800a774       0x98 c:/users/zoy_r/appdata/roaming/xpacks/arm-none-eabi-gcc/10.3.1-2.3/bin/../lib/gcc/arm-none-eabi/10.3.1/../../../../arm-none-eabi/lib/thumb/v7e-m+fp/hard\libg_nano.a(lib_a-nano-freer.o)
                0x000000000800a774                _free_r
 .text._realloc_r
                0x000000000800a80c       0x5e c:/users/zoy_r/appdata/roaming/xpacks/arm-none-eabi-gcc/10.3.1-2.3/bin/../lib/gcc/arm-none-eabi/10.3.1/../../../../arm-none-eabi/lib/thumb/v7e-m+fp/hard\libg_nano.a(lib_a-nano-reallocr.o)
                0x000000000800a80c                _realloc_r
 .text.__ssputs_r
                0x000000000800a86a       0xb6 c:/users/zoy_r/appdata/roaming/xpacks/arm-none-eabi-gcc/10.3.1-2.3/bin/../lib/gcc/arm-none-eabi/10.3.1/../../../../arm-none-eabi/lib/thumb/v7e-m+fp/hard\libg_nano.a(lib_a-nano-svfprintf.o)
                0x000000000800a86a                __ssputs_r
 .text._svfprintf_r
                0x000000000800a920      0x200 c:/users/zoy_r/appdata/roaming/xpacks/arm-none-eabi-gcc/10.3.1-2.3/bin/../lib/gcc/arm-none-eabi/10.3.1/../../../../arm-none-eabi/lib/thumb/v7e-m+fp/hard\libg_nano.a(lib_a-nano-svfprintf.o)
                0x000000000800a920                _svfiprintf_r
                0x000000000800a920                _svfprintf_r
 .text.__svfscanf_r
                0x000000000800ab20      0x34c c:/users/zoy_r/appdata/roaming/xpacks/arm-none-eabi-gcc/10.3.1-2.3/bin/../lib/gcc/arm-none-eabi/10.3.1/../../../../arm-none-eabi/lib/thumb/v7e-m+fp/hard\libg_nano.a(lib_a-nano-vfscanf.o)
                0x000000000800ab20                __svfscanf_r
                0x000000000800ab20                __svfiscanf_r
 .text._vfscanf_r
                0x000000000800ae6c       0x50 c:/users/zoy_r/appdata/roaming/xpacks/arm-none-eabi-gcc/10.3.1-2.3/bin/../lib/gcc/arm-none-eabi/10.3.1/../../../../arm-none-eabi/lib/thumb/v7e-m+fp/hard\libg_nano.a(lib_a-nano-vfscanf.o)
                0x000000000800ae6c                _vfscanf_r
                0x000000000800ae6c                _vfiscanf_r
 .text._read_r  0x000000000800aebc       0x24 c:/users/zoy_r/appdata/roaming/xpacks/arm-none-eabi-gcc/10.3.1-2.3/bin/../lib/gcc/arm-none-eabi/10.3.1/../../../../arm-none-eabi/lib/thumb/v7e-m+fp/hard\libg_nano.a(lib_a-readr.o)
                0x000000000800aebc                _read_r
 .text.lflush   0x000000000800aee0       0x12 c:/users/zoy_r/appdata/roaming/xpacks/arm-none-eabi-gcc/10.3.1-2.3/bin/../lib/gcc/arm-none-eabi/10.3.1/../../../../arm-none-eabi/lib/thumb/v7e-m+fp/hard\libg_nano.a(lib_a-refill.o)
 *fill*         0x000000000800aef2        0x2 
 .text.__srefill_r
                0x000000000800aef4      0x114 c:/users/zoy_r/appdata/roaming/xpacks/arm-none-eabi-gcc/10.3.1-2.3/bin/../lib/gcc/arm-none-eabi/10.3.1/../../../../arm-none-eabi/lib/thumb/v7e-m+fp/hard\libg_nano.a(lib_a-refill.o)
                0x000000000800aef4                __srefill_r
 .text.__sccl   0x000000000800b008       0x70 c:/users/zoy_r/appdata/roaming/xpacks/arm-none-eabi-gcc/10.3.1-2.3/bin/../lib/gcc/arm-none-eabi/10.3.1/../../../../arm-none-eabi/lib/thumb/v7e-m+fp/hard\libg_nano.a(lib_a-sccl.o)
                0x000000000800b008                __sccl
 .text.nan      0x000000000800b078       0x10 c:/users/zoy_r/appdata/roaming/xpacks/arm-none-eabi-gcc/10.3.1-2.3/bin/../lib/gcc/arm-none-eabi/10.3.1/../../../../arm-none-eabi/lib/thumb/v7e-m+fp/hard\libg_nano.a(lib_a-s_nan.o)
                0x000000000800b078                nan
 .text.strncmp  0x000000000800b088       0x28 c:/users/zoy_r/appdata/roaming/xpacks/arm-none-eabi-gcc/10.3.1-2.3/bin/../lib/gcc/arm-none-eabi/10.3.1/../../../../arm-none-eabi/lib/thumb/v7e-m+fp/hard\libg_nano.a(lib_a-strncmp.o)
                0x000000000800b088                strncmp
 .text.__ascii_wctomb
                0x000000000800b0b0       0x1a c:/users/zoy_r/appdata/roaming/xpacks/arm-none-eabi-gcc/10.3.1-2.3/bin/../lib/gcc/arm-none-eabi/10.3.1/../../../../arm-none-eabi/lib/thumb/v7e-m+fp/hard\libg_nano.a(lib_a-wctomb_r.o)
                0x000000000800b0b0                __ascii_wctomb
 .text.__swhatbuf_r
                0x000000000800b0ca       0x4a c:/users/zoy_r/appdata/roaming/xpacks/arm-none-eabi-gcc/10.3.1-2.3/bin/../lib/gcc/arm-none-eabi/10.3.1/../../../../arm-none-eabi/lib/thumb/v7e-m+fp/hard\libg_nano.a(lib_a-makebuf.o)
                0x000000000800b0ca                __swhatbuf_r
 .text.__smakebuf_r
                0x000000000800b114       0x80 c:/users/zoy_r/appdata/roaming/xpacks/arm-none-eabi-gcc/10.3.1-2.3/bin/../lib/gcc/arm-none-eabi/10.3.1/../../../../arm-none-eabi/lib/thumb/v7e-m+fp/hard\libg_nano.a(lib_a-makebuf.o)
                0x000000000800b114                __smakebuf_r
 .text.memmove  0x000000000800b194       0x34 c:/users/zoy_r/appdata/roaming/xpacks/arm-none-eabi-gcc/10.3.1-2.3/bin/../lib/gcc/arm-none-eabi/10.3.1/../../../../arm-none-eabi/lib/thumb/v7e-m+fp/hard\libg_nano.a(lib_a-memmove.o)
                0x000000000800b194                memmove
 .text._malloc_usable_size_r
                0x000000000800b1c8       0x10 c:/users/zoy_r/appdata/roaming/xpacks/arm-none-eabi-gcc/10.3.1-2.3/bin/../lib/gcc/arm-none-eabi/10.3.1/../../../../arm-none-eabi/lib/thumb/v7e-m+fp/hard\libg_nano.a(lib_a-nano-msizer.o)
                0x000000000800b1c8                _malloc_usable_size_r
 .text._scanf_chars
                0x000000000800b1d8       0xb4 c:/users/zoy_r/appdata/roaming/xpacks/arm-none-eabi-gcc/10.3.1-2.3/bin/../lib/gcc/arm-none-eabi/10.3.1/../../../../arm-none-eabi/lib/thumb/v7e-m+fp/hard\libg_nano.a(lib_a-nano-vfscanf_i.o)
                0x000000000800b1d8                _scanf_chars
 .text._scanf_i
                0x000000000800b28c      0x1f0 c:/users/zoy_r/appdata/roaming/xpacks/arm-none-eabi-gcc/10.3.1-2.3/bin/../lib/gcc/arm-none-eabi/10.3.1/../../../../arm-none-eabi/lib/thumb/v7e-m+fp/hard\libg_nano.a(lib_a-nano-vfscanf_i.o)
                0x000000000800b28c                _scanf_i
 .text._strtoul_l.constprop.0
                0x000000000800b47c       0xe4 c:/users/zoy_r/appdata/roaming/xpacks/arm-none-eabi-gcc/10.3.1-2.3/bin/../lib/gcc/arm-none-eabi/10.3.1/../../../../arm-none-eabi/lib/thumb/v7e-m+fp/hard\libg_nano.a(lib_a-strtoul.o)
 .text._strtoul_r
                0x000000000800b560        0x4 c:/users/zoy_r/appdata/roaming/xpacks/arm-none-eabi-gcc/10.3.1-2.3/bin/../lib/gcc/arm-none-eabi/10.3.1/../../../../arm-none-eabi/lib/thumb/v7e-m+fp/hard\libg_nano.a(lib_a-strtoul.o)
                0x000000000800b560                _strtoul_r
 .text._fstat_r
                0x000000000800b564       0x24 c:/users/zoy_r/appdata/roaming/xpacks/arm-none-eabi-gcc/10.3.1-2.3/bin/../lib/gcc/arm-none-eabi/10.3.1/../../../../arm-none-eabi/lib/thumb/v7e-m+fp/hard\libg_nano.a(lib_a-fstatr.o)
                0x000000000800b564                _fstat_r
 .text._isatty_r
                0x000000000800b588       0x20 c:/users/zoy_r/appdata/roaming/xpacks/arm-none-eabi-gcc/10.3.1-2.3/bin/../lib/gcc/arm-none-eabi/10.3.1/../../../../arm-none-eabi/lib/thumb/v7e-m+fp/hard\libg_nano.a(lib_a-isattyr.o)
                0x000000000800b588                _isatty_r
 .text          0x000000000800b5a8      0x424 c:/users/zoy_r/appdata/roaming/xpacks/arm-none-eabi-gcc/10.3.1-2.3/bin/../lib/gcc/arm-none-eabi/10.3.1/thumb/v7e-m+fp/hard\libgcc.a(_arm_muldivdf3.o)
                0x000000000800b5a8                __aeabi_dmul
                0x000000000800b5a8                __muldf3
                0x000000000800b7fc                __divdf3
                0x000000000800b7fc                __aeabi_ddiv
 .text          0x000000000800b9cc      0x110 c:/users/zoy_r/appdata/roaming/xpacks/arm-none-eabi-gcc/10.3.1-2.3/bin/../lib/gcc/arm-none-eabi/10.3.1/thumb/v7e-m+fp/hard\libgcc.a(_arm_cmpdf2.o)
                0x000000000800b9cc                __gtdf2
                0x000000000800b9cc                __gedf2
                0x000000000800b9d4                __ltdf2
                0x000000000800b9d4                __ledf2
                0x000000000800b9dc                __nedf2
                0x000000000800b9dc                __eqdf2
                0x000000000800b9dc                __cmpdf2
                0x000000000800ba58                __aeabi_cdrcmple
                0x000000000800ba68                __aeabi_cdcmpeq
                0x000000000800ba68                __aeabi_cdcmple
                0x000000000800ba78                __aeabi_dcmpeq
                0x000000000800ba8c                __aeabi_dcmplt
                0x000000000800baa0                __aeabi_dcmple
                0x000000000800bab4                __aeabi_dcmpge
                0x000000000800bac8                __aeabi_dcmpgt
 .text          0x000000000800badc       0x2c c:/users/zoy_r/appdata/roaming/xpacks/arm-none-eabi-gcc/10.3.1-2.3/bin/../lib/gcc/arm-none-eabi/10.3.1/thumb/v7e-m+fp/hard\libgcc.a(_arm_unorddf2.o)
                0x000000000800badc                __unorddf2
                0x000000000800badc                __aeabi_dcmpun
 .text          0x000000000800bb08       0x40 c:/users/zoy_r/appdata/roaming/xpacks/arm-none-eabi-gcc/10.3.1-2.3/bin/../lib/gcc/arm-none-eabi/10.3.1/thumb/v7e-m+fp/hard\libgcc.a(_arm_fixunsdfsi.o)
                0x000000000800bb08                __aeabi_d2uiz
                0x000000000800bb08                __fixunsdfsi
 .text.__fixdfdi
                0x000000000800bb48       0x30 c:/users/zoy_r/appdata/roaming/xpacks/arm-none-eabi-gcc/10.3.1-2.3/bin/../lib/gcc/arm-none-eabi/10.3.1/thumb/v7e-m+fp/hard\libgcc.a(_fixdfdi.o)
                0x000000000800bb48                __fixdfdi
                0x000000000800bb48                __aeabi_d2lz
 .text.__fixunsdfdi
                0x000000000800bb78       0x3c c:/users/zoy_r/appdata/roaming/xpacks/arm-none-eabi-gcc/10.3.1-2.3/bin/../lib/gcc/arm-none-eabi/10.3.1/thumb/v7e-m+fp/hard\libgcc.a(_fixunsdfdi.o)
                0x000000000800bb78                __fixunsdfdi
                0x000000000800bb78                __aeabi_d2ulz
 .text.selfrel_offset31
                0x000000000800bbb4       0x14 c:/users/zoy_r/appdata/roaming/xpacks/arm-none-eabi-gcc/10.3.1-2.3/bin/../lib/gcc/arm-none-eabi/10.3.1/thumb/v7e-m+fp/hard\libgcc.a(unwind-arm.o)
 .text.search_EIT_table
                0x000000000800bbc8       0x5c c:/users/zoy_r/appdata/roaming/xpacks/arm-none-eabi-gcc/10.3.1-2.3/bin/../lib/gcc/arm-none-eabi/10.3.1/thumb/v7e-m+fp/hard\libgcc.a(unwind-arm.o)
 .text.__gnu_unwind_get_pr_addr
                0x000000000800bc24       0x28 c:/users/zoy_r/appdata/roaming/xpacks/arm-none-eabi-gcc/10.3.1-2.3/bin/../lib/gcc/arm-none-eabi/10.3.1/thumb/v7e-m+fp/hard\libgcc.a(unwind-arm.o)
 .text.get_eit_entry
                0x000000000800bc4c       0x9c c:/users/zoy_r/appdata/roaming/xpacks/arm-none-eabi-gcc/10.3.1-2.3/bin/../lib/gcc/arm-none-eabi/10.3.1/thumb/v7e-m+fp/hard\libgcc.a(unwind-arm.o)
 .text.restore_non_core_regs
                0x000000000800bce8       0x58 c:/users/zoy_r/appdata/roaming/xpacks/arm-none-eabi-gcc/10.3.1-2.3/bin/../lib/gcc/arm-none-eabi/10.3.1/thumb/v7e-m+fp/hard\libgcc.a(unwind-arm.o)
 .text._Unwind_decode_typeinfo_ptr.constprop.0
                0x000000000800bd40        0xc c:/users/zoy_r/appdata/roaming/xpacks/arm-none-eabi-gcc/10.3.1-2.3/bin/../lib/gcc/arm-none-eabi/10.3.1/thumb/v7e-m+fp/hard\libgcc.a(unwind-arm.o)
 .text._Unwind_DebugHook
                0x000000000800bd4c        0x4 c:/users/zoy_r/appdata/roaming/xpacks/arm-none-eabi-gcc/10.3.1-2.3/bin/../lib/gcc/arm-none-eabi/10.3.1/thumb/v7e-m+fp/hard\libgcc.a(unwind-arm.o)
 .text.unwind_phase2
                0x000000000800bd50       0x3c c:/users/zoy_r/appdata/roaming/xpacks/arm-none-eabi-gcc/10.3.1-2.3/bin/../lib/gcc/arm-none-eabi/10.3.1/thumb/v7e-m+fp/hard\libgcc.a(unwind-arm.o)
 .text.unwind_phase2_forced
                0x000000000800bd8c       0xcc c:/users/zoy_r/appdata/roaming/xpacks/arm-none-eabi-gcc/10.3.1-2.3/bin/../lib/gcc/arm-none-eabi/10.3.1/thumb/v7e-m+fp/hard\libgcc.a(unwind-arm.o)
 .text.__gnu_Unwind_RaiseException
                0x000000000800be58       0x68 c:/users/zoy_r/appdata/roaming/xpacks/arm-none-eabi-gcc/10.3.1-2.3/bin/../lib/gcc/arm-none-eabi/10.3.1/thumb/v7e-m+fp/hard\libgcc.a(unwind-arm.o)
                0x000000000800be58                __gnu_Unwind_RaiseException
 .text.__gnu_Unwind_ForcedUnwind
                0x000000000800bec0       0x10 c:/users/zoy_r/appdata/roaming/xpacks/arm-none-eabi-gcc/10.3.1-2.3/bin/../lib/gcc/arm-none-eabi/10.3.1/thumb/v7e-m+fp/hard\libgcc.a(unwind-arm.o)
                0x000000000800bec0                __gnu_Unwind_ForcedUnwind
 .text.__gnu_Unwind_Resume
                0x000000000800bed0       0x44 c:/users/zoy_r/appdata/roaming/xpacks/arm-none-eabi-gcc/10.3.1-2.3/bin/../lib/gcc/arm-none-eabi/10.3.1/thumb/v7e-m+fp/hard\libgcc.a(unwind-arm.o)
                0x000000000800bed0                __gnu_Unwind_Resume
 .text.__gnu_Unwind_Resume_or_Rethrow
                0x000000000800bf14       0x14 c:/users/zoy_r/appdata/roaming/xpacks/arm-none-eabi-gcc/10.3.1-2.3/bin/../lib/gcc/arm-none-eabi/10.3.1/thumb/v7e-m+fp/hard\libgcc.a(unwind-arm.o)
                0x000000000800bf14                __gnu_Unwind_Resume_or_Rethrow
 .text._Unwind_VRS_Get
                0x000000000800bf28       0x30 c:/users/zoy_r/appdata/roaming/xpacks/arm-none-eabi-gcc/10.3.1-2.3/bin/../lib/gcc/arm-none-eabi/10.3.1/thumb/v7e-m+fp/hard\libgcc.a(unwind-arm.o)
                0x000000000800bf28                _Unwind_VRS_Get
 .text._Unwind_GetGR
                0x000000000800bf58       0x1c c:/users/zoy_r/appdata/roaming/xpacks/arm-none-eabi-gcc/10.3.1-2.3/bin/../lib/gcc/arm-none-eabi/10.3.1/thumb/v7e-m+fp/hard\libgcc.a(unwind-arm.o)
 .text._Unwind_VRS_Set
                0x000000000800bf74       0x30 c:/users/zoy_r/appdata/roaming/xpacks/arm-none-eabi-gcc/10.3.1-2.3/bin/../lib/gcc/arm-none-eabi/10.3.1/thumb/v7e-m+fp/hard\libgcc.a(unwind-arm.o)
                0x000000000800bf74                _Unwind_VRS_Set
 .text._Unwind_SetGR
                0x000000000800bfa4       0x18 c:/users/zoy_r/appdata/roaming/xpacks/arm-none-eabi-gcc/10.3.1-2.3/bin/../lib/gcc/arm-none-eabi/10.3.1/thumb/v7e-m+fp/hard\libgcc.a(unwind-arm.o)
 .text.__gnu_Unwind_Backtrace
                0x000000000800bfbc       0x84 c:/users/zoy_r/appdata/roaming/xpacks/arm-none-eabi-gcc/10.3.1-2.3/bin/../lib/gcc/arm-none-eabi/10.3.1/thumb/v7e-m+fp/hard\libgcc.a(unwind-arm.o)
                0x000000000800bfbc                __gnu_Unwind_Backtrace
 .text.__gnu_unwind_pr_common
                0x000000000800c040      0x2a8 c:/users/zoy_r/appdata/roaming/xpacks/arm-none-eabi-gcc/10.3.1-2.3/bin/../lib/gcc/arm-none-eabi/10.3.1/thumb/v7e-m+fp/hard\libgcc.a(unwind-arm.o)
 .text.__aeabi_unwind_cpp_pr0
                0x000000000800c2e8        0x8 c:/users/zoy_r/appdata/roaming/xpacks/arm-none-eabi-gcc/10.3.1-2.3/bin/../lib/gcc/arm-none-eabi/10.3.1/thumb/v7e-m+fp/hard\libgcc.a(unwind-arm.o)
                0x000000000800c2e8                __aeabi_unwind_cpp_pr0
 .text.__aeabi_unwind_cpp_pr1
                0x000000000800c2f0        0x8 c:/users/zoy_r/appdata/roaming/xpacks/arm-none-eabi-gcc/10.3.1-2.3/bin/../lib/gcc/arm-none-eabi/10.3.1/thumb/v7e-m+fp/hard\libgcc.a(unwind-arm.o)
                0x000000000800c2f0                __aeabi_unwind_cpp_pr1
 .text.__aeabi_unwind_cpp_pr2
                0x000000000800c2f8        0x8 c:/users/zoy_r/appdata/roaming/xpacks/arm-none-eabi-gcc/10.3.1-2.3/bin/../lib/gcc/arm-none-eabi/10.3.1/thumb/v7e-m+fp/hard\libgcc.a(unwind-arm.o)
                0x000000000800c2f8                __aeabi_unwind_cpp_pr2
 .text._Unwind_VRS_Pop
                0x000000000800c300      0x284 c:/users/zoy_r/appdata/roaming/xpacks/arm-none-eabi-gcc/10.3.1-2.3/bin/../lib/gcc/arm-none-eabi/10.3.1/thumb/v7e-m+fp/hard\libgcc.a(unwind-arm.o)
                0x000000000800c300                _Unwind_VRS_Pop
 .text          0x000000000800c584      0x1ac c:/users/zoy_r/appdata/roaming/xpacks/arm-none-eabi-gcc/10.3.1-2.3/bin/../lib/gcc/arm-none-eabi/10.3.1/thumb/v7e-m+fp/hard\libgcc.a(libunwind.o)
                0x000000000800c584                __restore_core_regs
                0x000000000800c584                restore_core_regs
                0x000000000800c59c                __gnu_Unwind_Restore_VFP
                0x000000000800c5a4                __gnu_Unwind_Save_VFP
                0x000000000800c5ac                __gnu_Unwind_Restore_VFP_D
                0x000000000800c5b4                __gnu_Unwind_Save_VFP_D
                0x000000000800c5bc                __gnu_Unwind_Restore_VFP_D_16_to_31
                0x000000000800c5c4                __gnu_Unwind_Save_VFP_D_16_to_31
                0x000000000800c5cc                __gnu_Unwind_Restore_WMMXD
                0x000000000800c610                __gnu_Unwind_Save_WMMXD
                0x000000000800c654                __gnu_Unwind_Restore_WMMXC
                0x000000000800c668                __gnu_Unwind_Save_WMMXC
                0x000000000800c67c                ___Unwind_RaiseException
                0x000000000800c67c                _Unwind_RaiseException
                0x000000000800c6a0                _Unwind_Resume
                0x000000000800c6a0                ___Unwind_Resume
                0x000000000800c6c4                _Unwind_Resume_or_Rethrow
                0x000000000800c6c4                ___Unwind_Resume_or_Rethrow
                0x000000000800c6e8                _Unwind_ForcedUnwind
                0x000000000800c6e8                ___Unwind_ForcedUnwind
                0x000000000800c70c                ___Unwind_Backtrace
                0x000000000800c70c                _Unwind_Backtrace
 .text.next_unwind_byte
                0x000000000800c730       0x38 c:/users/zoy_r/appdata/roaming/xpacks/arm-none-eabi-gcc/10.3.1-2.3/bin/../lib/gcc/arm-none-eabi/10.3.1/thumb/v7e-m+fp/hard\libgcc.a(pr-support.o)
 .text.__gnu_unwind_execute
                0x000000000800c768      0x2ac c:/users/zoy_r/appdata/roaming/xpacks/arm-none-eabi-gcc/10.3.1-2.3/bin/../lib/gcc/arm-none-eabi/10.3.1/thumb/v7e-m+fp/hard\libgcc.a(pr-support.o)
                0x000000000800c768                __gnu_unwind_execute
 *(.rodata .rodata.* .constdata .constdata.*)
 .rodata.HAL_NVIC_SetPriorityGrouping.str1.4
                0x000000000800ca14       0x31 ./system/src/stm32f4-hal/stm32f4xx_hal_cortex.o
 *fill*         0x000000000800ca45        0x3 
 .rodata.HAL_DMA_Init.str1.4
                0x000000000800ca48       0x2e ./system/src/stm32f4-hal/stm32f4xx_hal_dma.o
 *fill*         0x000000000800ca76        0x2 
 .rodata.flagBitshiftOffset.0
                0x000000000800ca78        0x8 ./system/src/stm32f4-hal/stm32f4xx_hal_dma.o
 .rodata.HAL_GPIO_Init.str1.4
                0x000000000800ca80       0x2f ./system/src/stm32f4-hal/stm32f4xx_hal_gpio.o
 *fill*         0x000000000800caaf        0x1 
 .rodata.HAL_I2S_Init.str1.4
                0x000000000800cab0       0x31 ./system/src/stm32f4-hal/stm32f4xx_hal_i2s_ex.o
 *fill*         0x000000000800cae1        0x3 
 .rodata.HAL_RCC_OscConfig.str1.4
                0x000000000800cae4       0x2e ./system/src/stm32f4-hal/stm32f4xx_hal_rcc.o
 *fill*         0x000000000800cb12        0x2 
 .rodata.APBAHBPrescTable
                0x000000000800cb14       0x10 ./system/src/stm32f4-hal/stm32f4xx_hal_rcc.o
                0x000000000800cb14                APBAHBPrescTable
 .rodata.HAL_RCCEx_PeriphCLKConfig.str1.4
                0x000000000800cb24       0x31 ./system/src/stm32f4-hal/stm32f4xx_hal_rcc_ex.o
 *fill*         0x000000000800cb55        0x3 
 .rodata.HAL_SPI_Init.str1.4
                0x000000000800cb58       0x2e ./system/src/stm32f4-hal/stm32f4xx_hal_spi.o
 *fill*         0x000000000800cb86        0x2 
 .rodata.abort.str1.4
                0x000000000800cb88       0x14 ./system/src/newlib/_exit.o
 .rodata.initialise_monitor_handles.str1.4
                0x000000000800cb9c        0x4 ./system/src/newlib/_syscalls.o
 .rodata.__assert_func.str1.4
                0x000000000800cba0       0x3f ./system/src/newlib/assert.o
                                         0x43 (size before relaxing)
 *fill*         0x000000000800cbdf        0x1 
 .rodata.assert_failed.str1.4
                0x000000000800cbe0       0x2b ./system/src/newlib/assert.o
 .rodata.trace_puts.str1.4
                0x000000000800cc0b       0x2b ./system/src/diag/Trace.o