Archive member included to satisfy reference by file (symbol)

../system/src/cmsis/DSP/Lib/GCC/libarm_cortexM4lf_math.a(arm_fir_q15.o)
                              ./src/main.o (arm_fir_q15)
../system/src/cmsis/DSP/Lib/GCC/libarm_cortexM4lf_math.a(arm_fir_init_q15.o)
                              ./src/main.o (arm_fir_init_q15)
../system/src/cmsis/DSP/Lib/GCC/libarm_cortexM4lf_math.a(arm_fir_init_f32.o)
                              ./src/main.o (arm_fir_init_f32)
../system/src/cmsis/DSP/Lib/GCC/libarm_cortexM4lf_math.a(arm_fir_f32.o)
                              ./src/main.o (arm_fir_f32)
/app/eclipse/tools/ToolchainGNUARMEmbedded/gcc-arm-none-eabi-8-2019-q3-update/bin/../lib/gcc/arm-none-eabi/8.3.1/thumb/v7e-m+fp/hard/libgcc.a(_arm_addsubdf3.o)
                              ./src/main.o (__aeabi_i2d)
/app/eclipse/tools/ToolchainGNUARMEmbedded/gcc-arm-none-eabi-8-2019-q3-update/bin/../lib/gcc/arm-none-eabi/8.3.1/thumb/v7e-m+fp/hard/libgcc.a(_arm_muldivdf3.o)
                              ./src/main.o (__aeabi_dmul)
/app/eclipse/tools/ToolchainGNUARMEmbedded/gcc-arm-none-eabi-8-2019-q3-update/bin/../lib/gcc/arm-none-eabi/8.3.1/thumb/v7e-m+fp/hard/libgcc.a(_arm_fixdfsi.o)
                              ./src/main.o (__aeabi_d2iz)
/app/eclipse/tools/ToolchainGNUARMEmbedded/gcc-arm-none-eabi-8-2019-q3-update/bin/../lib/gcc/arm-none-eabi/8.3.1/thumb/v7e-m+fp/hard/libgcc.a(_arm_truncdfsf2.o)
                              ./src/main.o (__aeabi_d2f)
/app/eclipse/tools/ToolchainGNUARMEmbedded/gcc-arm-none-eabi-8-2019-q3-update/bin/../lib/gcc/arm-none-eabi/8.3.1/../../../../arm-none-eabi/lib/thumb/v7e-m+fp/hard/libg_nano.a(lib_a-ctype_.o)
                              ./system/src/newlib/_syscalls.o (_ctype_)
/app/eclipse/tools/ToolchainGNUARMEmbedded/gcc-arm-none-eabi-8-2019-q3-update/bin/../lib/gcc/arm-none-eabi/8.3.1/../../../../arm-none-eabi/lib/thumb/v7e-m+fp/hard/libg_nano.a(lib_a-errno.o)
                              ./system/src/newlib/_sbrk.o (__errno)
/app/eclipse/tools/ToolchainGNUARMEmbedded/gcc-arm-none-eabi-8-2019-q3-update/bin/../lib/gcc/arm-none-eabi/8.3.1/../../../../arm-none-eabi/lib/thumb/v7e-m+fp/hard/libg_nano.a(lib_a-fclose.o)
                              ./src/main.o (fclose)
/app/eclipse/tools/ToolchainGNUARMEmbedded/gcc-arm-none-eabi-8-2019-q3-update/bin/../lib/gcc/arm-none-eabi/8.3.1/../../../../arm-none-eabi/lib/thumb/v7e-m+fp/hard/libg_nano.a(lib_a-fflush.o)
                              /app/eclipse/tools/ToolchainGNUARMEmbedded/gcc-arm-none-eabi-8-2019-q3-update/bin/../lib/gcc/arm-none-eabi/8.3.1/../../../../arm-none-eabi/lib/thumb/v7e-m+fp/hard/libg_nano.a(lib_a-fclose.o) (__sflush_r)
/app/eclipse/tools/ToolchainGNUARMEmbedded/gcc-arm-none-eabi-8-2019-q3-update/bin/../lib/gcc/arm-none-eabi/8.3.1/../../../../arm-none-eabi/lib/thumb/v7e-m+fp/hard/libg_nano.a(lib_a-findfp.o)
                              /app/eclipse/tools/ToolchainGNUARMEmbedded/gcc-arm-none-eabi-8-2019-q3-update/bin/../lib/gcc/arm-none-eabi/8.3.1/../../../../arm-none-eabi/lib/thumb/v7e-m+fp/hard/libg_nano.a(lib_a-fclose.o) (__sfp_lock_acquire)
/app/eclipse/tools/ToolchainGNUARMEmbedded/gcc-arm-none-eabi-8-2019-q3-update/bin/../lib/gcc/arm-none-eabi/8.3.1/../../../../arm-none-eabi/lib/thumb/v7e-m+fp/hard/libg_nano.a(lib_a-fopen.o)
                              ./src/main.o (fopen)
/app/eclipse/tools/ToolchainGNUARMEmbedded/gcc-arm-none-eabi-8-2019-q3-update/bin/../lib/gcc/arm-none-eabi/8.3.1/../../../../arm-none-eabi/lib/thumb/v7e-m+fp/hard/libg_nano.a(lib_a-fscanf.o)
                              ./src/main.o (fscanf)
/app/eclipse/tools/ToolchainGNUARMEmbedded/gcc-arm-none-eabi-8-2019-q3-update/bin/../lib/gcc/arm-none-eabi/8.3.1/../../../../arm-none-eabi/lib/thumb/v7e-m+fp/hard/libg_nano.a(lib_a-fseek.o)
                              /app/eclipse/tools/ToolchainGNUARMEmbedded/gcc-arm-none-eabi-8-2019-q3-update/bin/../lib/gcc/arm-none-eabi/8.3.1/../../../../arm-none-eabi/lib/thumb/v7e-m+fp/hard/libg_nano.a(lib_a-fopen.o) (_fseek_r)
/app/eclipse/tools/ToolchainGNUARMEmbedded/gcc-arm-none-eabi-8-2019-q3-update/bin/../lib/gcc/arm-none-eabi/8.3.1/../../../../arm-none-eabi/lib/thumb/v7e-m+fp/hard/libg_nano.a(lib_a-fseeko.o)
                              /app/eclipse/tools/ToolchainGNUARMEmbedded/gcc-arm-none-eabi-8-2019-q3-update/bin/../lib/gcc/arm-none-eabi/8.3.1/../../../../arm-none-eabi/lib/thumb/v7e-m+fp/hard/libg_nano.a(lib_a-fseek.o) (_fseeko_r)
/app/eclipse/tools/ToolchainGNUARMEmbedded/gcc-arm-none-eabi-8-2019-q3-update/bin/../lib/gcc/arm-none-eabi/8.3.1/../../../../arm-none-eabi/lib/thumb/v7e-m+fp/hard/libg_nano.a(lib_a-fwalk.o)
                              /app/eclipse/tools/ToolchainGNUARMEmbedded/gcc-arm-none-eabi-8-2019-q3-update/bin/../lib/gcc/arm-none-eabi/8.3.1/../../../../arm-none-eabi/lib/thumb/v7e-m+fp/hard/libg_nano.a(lib_a-findfp.o) (_fwalk)
[...]
Memory Configuration

Name             Origin             Length             Attributes
RAM              0x0000000020000000 0x0000000000020000 xrw
CCMRAM           0x0000000010000000 0x0000000000010000 xrw
FLASH            0x0000000008000000 0x0000000000100000 xr
FLASHB1          0x0000000000000000 0x0000000000000000 xr
EXTMEMB0         0x0000000000000000 0x0000000000000000 xr
EXTMEMB1         0x0000000000000000 0x0000000000000000 xr
EXTMEMB2         0x0000000000000000 0x0000000000000000 xr
EXTMEMB3         0x0000000000000000 0x0000000000000000 xr
MEMORY_ARRAY     0x0000000020002000 0x0000000000000020 xrw
*default*        0x0000000000000000 0xffffffffffffffff

Linker script and memory map

LOAD ./system/src/stm32f4_discovery/stm32f4_discovery.o
LOAD ./system/src/stm32f4_discovery/stm32f4_discovery_accelerometer.o
LOAD ./system/src/stm32f4-hal/stm32f4xx_hal.o
LOAD ./system/src/stm32f4-hal/stm32f4xx_hal_cortex.o
LOAD ./system/src/stm32f4-hal/stm32f4xx_hal_dfsdm.o
LOAD ./system/src/stm32f4-hal/stm32f4xx_hal_dma.o
LOAD ./system/src/stm32f4-hal/stm32f4xx_hal_flash.o
LOAD ./system/src/stm32f4-hal/stm32f4xx_hal_gpio.o
LOAD ./system/src/stm32f4-hal/stm32f4xx_hal_i2s.o
LOAD ./system/src/stm32f4-hal/stm32f4xx_hal_i2s_ex.o
LOAD ./system/src/stm32f4-hal/stm32f4xx_hal_iwdg.o
LOAD ./system/src/stm32f4-hal/stm32f4xx_hal_pwr.o
LOAD ./system/src/stm32f4-hal/stm32f4xx_hal_rcc.o
LOAD ./system/src/stm32f4-hal/stm32f4xx_hal_rcc_ex.o
LOAD ./system/src/stm32f4-hal/stm32f4xx_hal_spi.o
LOAD ./system/src/newlib/_cxx.o
LOAD ./system/src/newlib/_exit.o
LOAD ./system/src/newlib/_sbrk.o
LOAD ./system/src/newlib/_startup.o
LOAD ./system/src/newlib/_syscalls.o
LOAD ./system/src/newlib/assert.o
LOAD ./system/src/diag/Trace.o
LOAD ./system/src/diag/trace_impl.o
LOAD ./system/src/cortexm/_initialize_hardware.o
LOAD ./system/src/cortexm/_reset_hardware.o
LOAD ./system/src/cortexm/exception_handlers.o
LOAD ./system/src/cmsis/system_stm32f4xx.o
LOAD ./system/src/cmsis/vectors_stm32f407xx.o
LOAD ./system/src/Components/wm5102/wm5102.o
LOAD ./system/src/Components/lis3dsh/lis3dsh.o
LOAD ./system/src/Components/lis302dl/lis302dl.o
LOAD ./src/_initialize_hardware.o
LOAD ./src/_write.o
LOAD ./src/dwt.o
LOAD ./src/main.o
LOAD ./src/stm32f4xx_hal_msp.o
LOAD ./src/stm32f4xx_it.o
LOAD ./src/tests.o
LOAD ./src/utils.o
LOAD ./src/wolfson_pi_audio.o
LOAD ../system/src/cmsis/DSP/Lib/GCC/libarm_cortexM4lf_math.a
LOAD /app/eclipse/tools/ToolchainGNUARMEmbedded/gcc-arm-none-eabi-8-2019-q3-update/bin/../lib/gcc/arm-none-eabi/8.3.1/../../../../arm-none-eabi/lib/thumb/v7e-m+fp/hard/libstdc++_nano.a
LOAD /app/eclipse/tools/ToolchainGNUARMEmbedded/gcc-arm-none-eabi-8-2019-q3-update/bin/../lib/gcc/arm-none-eabi/8.3.1/../../../../arm-none-eabi/lib/thumb/v7e-m+fp/hard/libm.a
START GROUP
LOAD /app/eclipse/tools/ToolchainGNUARMEmbedded/gcc-arm-none-eabi-8-2019-q3-update/bin/../lib/gcc/arm-none-eabi/8.3.1/thumb/v7e-m+fp/hard/libgcc.a
LOAD /app/eclipse/tools/ToolchainGNUARMEmbedded/gcc-arm-none-eabi-8-2019-q3-update/bin/../lib/gcc/arm-none-eabi/8.3.1/../../../../arm-none-eabi/lib/thumb/v7e-m+fp/hard/libg_nano.a
LOAD /app/eclipse/tools/ToolchainGNUARMEmbedded/gcc-arm-none-eabi-8-2019-q3-update/bin/../lib/gcc/arm-none-eabi/8.3.1/../../../../arm-none-eabi/lib/thumb/v7e-m+fp/hard/libc_nano.a
END GROUP
START GROUP
LOAD /app/eclipse/tools/ToolchainGNUARMEmbedded/gcc-arm-none-eabi-8-2019-q3-update/bin/../lib/gcc/arm-none-eabi/8.3.1/thumb/v7e-m+fp/hard/libgcc.a
LOAD /app/eclipse/tools/ToolchainGNUARMEmbedded/gcc-arm-none-eabi-8-2019-q3-update/bin/../lib/gcc/arm-none-eabi/8.3.1/../../../../arm-none-eabi/lib/thumb/v7e-m+fp/hard/libc_nano.a
END GROUP
                0x0000000020020000                __stack = (ORIGIN (RAM) + LENGTH (RAM))
                0x0000000020020000                _estack = __stack
                0x0000000000000400                __Main_Stack_Size = 0x400
                [!provide]                        PROVIDE (_Main_Stack_Size = __Main_Stack_Size)
                0x000000002001fc00                __Main_Stack_Limit = (__stack - __Main_Stack_Size)
                [!provide]                        PROVIDE (_Main_Stack_Limit = __Main_Stack_Limit)
                0x0000000000000100                _Minimum_Stack_Size = 0x100
                0x0000000020005f14                PROVIDE (_Heap_Begin = _end_noinit)
                0x000000002001fc00                PROVIDE (_Heap_Limit = (__stack - __Main_Stack_Size))

.isr_vector     0x0000000008000000      0x3e8
 FILL mask 0xff
                0x0000000008000000                __vectors_start = ABSOLUTE (.)
                0x0000000008000000                __vectors_start__ = ABSOLUTE (.)
 *(.isr_vector)
 .isr_vector    0x0000000008000000      0x188 ./system/src/cmsis/vectors_stm32f407xx.o
                0x0000000008000000                __isr_vectors
 *(.cfmconfig)
 *(.after_vectors .after_vectors.*)
 .after_vectors
                0x0000000008000188      0x130 ./system/src/newlib/_startup.o
                0x0000000008000188                _start
 .after_vectors
                0x00000000080002b8      0x12c ./system/src/cortexm/exception_handlers.o
                0x00000000080002b8                Reset_Handler
                0x00000000080002d6                HardFault_Handler_C
                0x000000000800034c                BusFault_Handler_C
                0x0000000008000394                UsageFault_Handler_C
 .after_vectors
                0x00000000080003e4        0x4 ./system/src/cmsis/vectors_stm32f407xx.o
                0x00000000080003e4                RTC_Alarm_IRQHandler
                0x00000000080003e4                HASH_RNG_IRQHandler
                0x00000000080003e4                EXTI2_IRQHandler
                0x00000000080003e4                TIM8_CC_IRQHandler
                0x00000000080003e4                TIM1_CC_IRQHandler
                0x00000000080003e4                DMA2_Stream5_IRQHandler
                0x00000000080003e4                PVD_IRQHandler
                0x00000000080003e4                SDIO_IRQHandler
                0x00000000080003e4                TAMP_STAMP_IRQHandler
                0x00000000080003e4                CAN2_RX1_IRQHandler
                0x00000000080003e4                EXTI3_IRQHandler
                0x00000000080003e4                TIM8_TRG_COM_TIM14_IRQHandler
                0x00000000080003e4                TIM1_UP_TIM10_IRQHandler
                0x00000000080003e4                TIM8_UP_TIM13_IRQHandler
                0x00000000080003e4                I2C3_ER_IRQHandler
                0x00000000080003e4                I2C2_EV_IRQHandler
                0x00000000080003e4                DMA1_Stream2_IRQHandler
                0x00000000080003e4                CAN1_RX0_IRQHandler
                0x00000000080003e4                FPU_IRQHandler
                0x00000000080003e4                OTG_HS_WKUP_IRQHandler
                0x00000000080003e4                CAN2_SCE_IRQHandler
                0x00000000080003e4                DMA2_Stream2_IRQHandler
                0x00000000080003e4                SPI1_IRQHandler
                0x00000000080003e4                TIM6_DAC_IRQHandler
                0x00000000080003e4                TIM1_BRK_TIM9_IRQHandler
                0x00000000080003e4                DCMI_IRQHandler
                0x00000000080003e4                CAN2_RX0_IRQHandler
                0x00000000080003e4                DMA2_Stream3_IRQHandler
                0x00000000080003e4                USART6_IRQHandler
                0x00000000080003e4                USART3_IRQHandler
                0x00000000080003e4                CAN1_RX1_IRQHandler
                0x00000000080003e4                UART5_IRQHandler
                0x00000000080003e4                DMA2_Stream0_IRQHandler
                0x00000000080003e4                TIM4_IRQHandler
                0x00000000080003e4                I2C1_EV_IRQHandler
                0x00000000080003e4                DMA1_Stream6_IRQHandler
                0x00000000080003e4                DMA1_Stream1_IRQHandler
                0x00000000080003e4                UART4_IRQHandler
                0x00000000080003e4                TIM3_IRQHandler
                0x00000000080003e4                RCC_IRQHandler
                0x00000000080003e4                TIM8_BRK_TIM12_IRQHandler
                0x00000000080003e4                Default_Handler
                0x00000000080003e4                EXTI15_10_IRQHandler
                0x00000000080003e4                ADC_IRQHandler
                0x00000000080003e4                DMA1_Stream7_IRQHandler
                0x00000000080003e4                TIM7_IRQHandler
                0x00000000080003e4                CAN2_TX_IRQHandler
                0x00000000080003e4                TIM5_IRQHandler
                0x00000000080003e4                DMA2_Stream7_IRQHandler
                0x00000000080003e4                I2C3_EV_IRQHandler
                0x00000000080003e4                EXTI9_5_IRQHandler
                0x00000000080003e4                RTC_WKUP_IRQHandler
                0x00000000080003e4                ETH_WKUP_IRQHandler
                0x00000000080003e4                SPI2_IRQHandler
                0x00000000080003e4                OTG_HS_EP1_IN_IRQHandler
                0x00000000080003e4                CAN1_TX_IRQHandler
                0x00000000080003e4                EXTI4_IRQHandler
                0x00000000080003e4                ETH_IRQHandler
                0x00000000080003e4                OTG_HS_EP1_OUT_IRQHandler
                0x00000000080003e4                WWDG_IRQHandler
                0x00000000080003e4                TIM2_IRQHandler
                0x00000000080003e4                OTG_FS_WKUP_IRQHandler
                0x00000000080003e4                TIM1_TRG_COM_TIM11_IRQHandler
                0x00000000080003e4                OTG_HS_IRQHandler
                0x00000000080003e4                EXTI1_IRQHandler
                0x00000000080003e4                USART2_IRQHandler
                0x00000000080003e4                I2C2_ER_IRQHandler
                0x00000000080003e4                DMA2_Stream1_IRQHandler
                0x00000000080003e4                CAN1_SCE_IRQHandler
                0x00000000080003e4                FLASH_IRQHandler
                0x00000000080003e4                DMA2_Stream4_IRQHandler
                0x00000000080003e4                USART1_IRQHandler
                0x00000000080003e4                OTG_FS_IRQHandler
                0x00000000080003e4                SPI3_IRQHandler
                0x00000000080003e4                DMA1_Stream4_IRQHandler
                0x00000000080003e4                I2C1_ER_IRQHandler
                0x00000000080003e4                FMC_IRQHandler
                0x00000000080003e4                DMA2_Stream6_IRQHandler
                0x00000000080003e4                DMA1_Stream3_IRQHandler

.inits          0x00000000080003e8       0x28
                0x00000000080003e8                __data_regions_array_start = .
                0x00000000080003e8        0x4 LONG 0x800c65c LOADADDR (.data)
                0x00000000080003ec        0x4 LONG 0x20000000 ADDR (.data)
                0x00000000080003f0        0x4 LONG 0x200002ec (ADDR (.data) + SIZEOF (.data))
                0x00000000080003f4        0x4 LONG 0x800c65c LOADADDR (.data_CCMRAM)
                0x00000000080003f8        0x4 LONG 0x10000000 ADDR (.data_CCMRAM)
                0x00000000080003fc        0x4 LONG 0x10000000 (ADDR (.data_CCMRAM) + SIZEOF (.data_CCMRAM))
                0x0000000008000400                __data_regions_array_end = .
                0x0000000008000400                __bss_regions_array_start = .
                0x0000000008000400        0x4 LONG 0x200002ec ADDR (.bss)
                0x0000000008000404        0x4 LONG 0x20005f14 (ADDR (.bss) + SIZEOF (.bss))
                0x0000000008000408        0x4 LONG 0x10000000 ADDR (.bss_CCMRAM)
                0x000000000800040c        0x4 LONG 0x10000000 (ADDR (.bss_CCMRAM) + SIZEOF (.bss_CCMRAM))
                0x0000000008000410                __bss_regions_array_end = .
 *(.init)
 *(.fini)
                0x0000000008000410                . = ALIGN (0x4)
                0x0000000008000410                PROVIDE (__preinit_array_start = .)
 *(.preinit_array_sysinit .preinit_array_sysinit.*)
 *(.preinit_array_platform .preinit_array_platform.*)
 *(.preinit_array .preinit_array.*)
                0x0000000008000410                PROVIDE (__preinit_array_end = .)
                0x0000000008000410                . = ALIGN (0x4)
                0x0000000008000410                PROVIDE (__init_array_start = .)
 *(SORT_BY_NAME(.init_array.*))
 *(.init_array)
                0x0000000008000410                PROVIDE (__init_array_end = .)
                0x0000000008000410                . = ALIGN (0x4)
                0x0000000008000410                PROVIDE (__fini_array_start = .)
 *(SORT_BY_NAME(.fini_array.*))
 *(.fini_array)
                0x0000000008000410                PROVIDE (__fini_array_end = .)

.flashtext
 *(.flashtext .flashtext.*)

.text           0x0000000008000410     0xc249
 *(.text .text.*)
 .text.SPIx_MspInit
                0x0000000008000410       0x58 ./system/src/stm32f4_discovery/stm32f4_discovery.o
 .text.SPIx_Init
                0x0000000008000468       0x4c ./system/src/stm32f4_discovery/stm32f4_discovery.o
 .text.SPIx_Error
                0x00000000080004b4       0x14 ./system/src/stm32f4_discovery/stm32f4_discovery.o
 .text.SPIx_WriteRead
                0x00000000080004c8       0x40 ./system/src/stm32f4_discovery/stm32f4_discovery.o
 .text.BSP_PB_Init
                0x0000000008000508       0x84 ./system/src/stm32f4_discovery/stm32f4_discovery.o
                0x0000000008000508                BSP_PB_Init
 .text.BSP_PB_GetState
                0x000000000800058c       0x14 ./system/src/stm32f4_discovery/stm32f4_discovery.o
                0x000000000800058c                BSP_PB_GetState
 .text.ACCELERO_IO_Init
                0x00000000080005a0       0x4c ./system/src/stm32f4_discovery/stm32f4_discovery.o
                0x00000000080005a0                ACCELERO_IO_Init
 .text.ACCELERO_IO_ITConfig
                0x00000000080005ec       0x50 ./system/src/stm32f4_discovery/stm32f4_discovery.o
                0x00000000080005ec                ACCELERO_IO_ITConfig
 .text.ACCELERO_IO_Write
                0x000000000800063c       0x40 ./system/src/stm32f4_discovery/stm32f4_discovery.o
                0x000000000800063c                ACCELERO_IO_Write
 .text.ACCELERO_IO_Read
                0x000000000800067c       0x48 ./system/src/stm32f4_discovery/stm32f4_discovery.o
                0x000000000800067c                ACCELERO_IO_Read
 .text.BSP_ACCELERO_Init
                0x00000000080006c4       0x50 ./system/src/stm32f4_discovery/stm32f4_discovery_accelerometer.o
                0x00000000080006c4                BSP_ACCELERO_Init
 .text.HAL_InitTick
                0x0000000008000714       0x2c ./system/src/stm32f4-hal/stm32f4xx_hal.o
                0x0000000008000714                HAL_InitTick
 .text.HAL_Init
                0x0000000008000740       0x34 ./system/src/stm32f4-hal/stm32f4xx_hal.o
                0x0000000008000740                HAL_Init
 .text.HAL_IncTick
                0x0000000008000774       0x10 ./system/src/stm32f4-hal/stm32f4xx_hal.o
                0x0000000008000774                HAL_IncTick
 .text.HAL_GetTick
                0x0000000008000784        0xc ./system/src/stm32f4-hal/stm32f4xx_hal.o
                0x0000000008000784                HAL_GetTick
 .text.HAL_Delay
                0x0000000008000790       0x1c ./system/src/stm32f4-hal/stm32f4xx_hal.o
                0x0000000008000790                HAL_Delay
 .text.HAL_NVIC_SetPriorityGrouping
                0x00000000080007ac       0x3c ./system/src/stm32f4-hal/stm32f4xx_hal_cortex.o
                0x00000000080007ac                HAL_NVIC_SetPriorityGrouping
 .text.HAL_NVIC_SetPriority
                0x00000000080007e8       0x8c ./system/src/stm32f4-hal/stm32f4xx_hal_cortex.o
                0x00000000080007e8                HAL_NVIC_SetPriority
 .text.HAL_NVIC_EnableIRQ
                0x0000000008000874       0x30 ./system/src/stm32f4-hal/stm32f4xx_hal_cortex.o
                0x0000000008000874                HAL_NVIC_EnableIRQ
 .text.HAL_SYSTICK_Config
                0x00000000080008a4       0x2c ./system/src/stm32f4-hal/stm32f4xx_hal_cortex.o
                0x00000000080008a4                HAL_SYSTICK_Config
 .text.HAL_SYSTICK_CLKSourceConfig
                0x00000000080008d0       0x3c ./system/src/stm32f4-hal/stm32f4xx_hal_cortex.o
                0x00000000080008d0                HAL_SYSTICK_CLKSourceConfig
 .text.HAL_SYSTICK_Callback
                0x000000000800090c        0x2 ./system/src/stm32f4-hal/stm32f4xx_hal_cortex.o
                0x000000000800090c                HAL_SYSTICK_Callback
 .text.HAL_SYSTICK_IRQHandler
                0x000000000800090e        0x8 ./system/src/stm32f4-hal/stm32f4xx_hal_cortex.o
                0x000000000800090e                HAL_SYSTICK_IRQHandler
 .text.DMA_SetConfig
                0x0000000008000916       0x2c ./system/src/stm32f4-hal/stm32f4xx_hal_dma.o
 *fill*         0x0000000008000942        0x2 
 .text.DMA_CalcBaseAndBitshift
                0x0000000008000944       0x44 ./system/src/stm32f4-hal/stm32f4xx_hal_dma.o
 .text.DMA_CheckFifoParam
                0x0000000008000988       0x9e ./system/src/stm32f4-hal/stm32f4xx_hal_dma.o
 *fill*         0x0000000008000a26        0x2 
 .text.HAL_DMA_Init
                0x0000000008000a28      0x28c ./system/src/stm32f4-hal/stm32f4xx_hal_dma.o
                0x0000000008000a28                HAL_DMA_Init
 .text.HAL_DMA_DeInit
                0x0000000008000cb4       0x56 ./system/src/stm32f4-hal/stm32f4xx_hal_dma.o
                0x0000000008000cb4                HAL_DMA_DeInit
 *fill*         0x0000000008000d0a        0x2 
 .text.HAL_DMA_Start_IT
                0x0000000008000d0c       0xa0 ./system/src/stm32f4-hal/stm32f4xx_hal_dma.o
                0x0000000008000d0c                HAL_DMA_Start_IT
 .text.HAL_DMA_Abort
                0x0000000008000dac       0x94 ./system/src/stm32f4-hal/stm32f4xx_hal_dma.o
                0x0000000008000dac                HAL_DMA_Abort
 .text.HAL_DMA_IRQHandler
                0x0000000008000e40      0x1e4 ./system/src/stm32f4-hal/stm32f4xx_hal_dma.o
                0x0000000008000e40                HAL_DMA_IRQHandler
 .text.HAL_GPIO_Init
                0x0000000008001024      0x304 ./system/src/stm32f4-hal/stm32f4xx_hal_gpio.o
                0x0000000008001024                HAL_GPIO_Init
 .text.HAL_GPIO_ReadPin
                0x0000000008001328       0x28 ./system/src/stm32f4-hal/stm32f4xx_hal_gpio.o
                0x0000000008001328                HAL_GPIO_ReadPin
 .text.HAL_GPIO_WritePin
                0x0000000008001350       0x38 ./system/src/stm32f4-hal/stm32f4xx_hal_gpio.o
                0x0000000008001350                HAL_GPIO_WritePin
 .text.HAL_GPIO_EXTI_IRQHandler
                0x0000000008001388       0x1c ./system/src/stm32f4-hal/stm32f4xx_hal_gpio.o
                0x0000000008001388                HAL_GPIO_EXTI_IRQHandler
 .text.HAL_I2S_MspInit
                0x00000000080013a4        0x2 ./system/src/stm32f4-hal/stm32f4xx_hal_i2s.o
                0x00000000080013a4                HAL_I2S_MspInit
 .text.HAL_I2S_TxHalfCpltCallback
                0x00000000080013a6        0x2 ./system/src/stm32f4-hal/stm32f4xx_hal_i2s.o
                0x00000000080013a6                HAL_I2S_TxHalfCpltCallback
 .text.I2S_DMATxHalfCplt
                0x00000000080013a8        0xa ./system/src/stm32f4-hal/stm32f4xx_hal_i2s.o
                0x00000000080013a8                I2S_DMATxHalfCplt
 .text.HAL_I2S_TxCpltCallback
                0x00000000080013b2        0x2 ./system/src/stm32f4-hal/stm32f4xx_hal_i2s.o
                0x00000000080013b2                HAL_I2S_TxCpltCallback
 .text.I2S_DMARxHalfCplt
                0x00000000080013b4        0xa ./system/src/stm32f4-hal/stm32f4xx_hal_i2s.o
                0x00000000080013b4                I2S_DMARxHalfCplt
 .text.I2S_DMAError
                0x00000000080013be       0x1e ./system/src/stm32f4-hal/stm32f4xx_hal_i2s.o
                0x00000000080013be                I2S_DMAError
 .text.HAL_I2S_GetState
                0x00000000080013dc        0x6 ./system/src/stm32f4-hal/stm32f4xx_hal_i2s.o
                0x00000000080013dc                HAL_I2S_GetState
 *fill*         0x00000000080013e2        0x2 
 .text.I2S_DMATxCplt
                0x00000000080013e4       0x88 ./system/src/stm32f4-hal/stm32f4xx_hal_i2s_ex.o
                0x00000000080013e4                I2S_DMATxCplt
 .text.I2S_DMARxCplt
                0x000000000800146c       0x8c ./system/src/stm32f4-hal/stm32f4xx_hal_i2s_ex.o
                0x000000000800146c                I2S_DMARxCplt
 .text.HAL_I2SEx_TransmitReceive_DMA
                0x00000000080014f8      0x1e4 ./system/src/stm32f4-hal/stm32f4xx_hal_i2s_ex.o
                0x00000000080014f8                HAL_I2SEx_TransmitReceive_DMA
 .text.HAL_I2S_DMAPause
                0x00000000080016dc       0xac ./system/src/stm32f4-hal/stm32f4xx_hal_i2s_ex.o
                0x00000000080016dc                HAL_I2S_DMAPause
 .text.HAL_I2S_DMAResume
                0x0000000008001788       0xc0 ./system/src/stm32f4-hal/stm32f4xx_hal_i2s_ex.o
                0x0000000008001788                HAL_I2S_DMAResume
 .text.HAL_I2S_DMAStop
                0x0000000008001848       0xb4 ./system/src/stm32f4-hal/stm32f4xx_hal_i2s_ex.o
                0x0000000008001848                HAL_I2S_DMAStop
 .text.I2S_GetInputClock
                0x00000000080018fc       0x60 ./system/src/stm32f4-hal/stm32f4xx_hal_i2s_ex.o
                0x00000000080018fc                I2S_GetInputClock
 .text.HAL_I2S_Init
                0x000000000800195c      0x228 ./system/src/stm32f4-hal/stm32f4xx_hal_i2s_ex.o
                0x000000000800195c                HAL_I2S_Init
 .text.HAL_RCC_OscConfig
                0x0000000008001b84      0x460 ./system/src/stm32f4-hal/stm32f4xx_hal_rcc.o
                0x0000000008001b84                HAL_RCC_OscConfig
 .text.HAL_RCC_GetSysClockFreq
                0x0000000008001fe4       0xa4 ./system/src/stm32f4-hal/stm32f4xx_hal_rcc.o
                0x0000000008001fe4                HAL_RCC_GetSysClockFreq
 .text.HAL_RCC_ClockConfig
                0x0000000008002088      0x260 ./system/src/stm32f4-hal/stm32f4xx_hal_rcc.o
                0x0000000008002088                HAL_RCC_ClockConfig
 .text.HAL_RCC_GetHCLKFreq
                0x00000000080022e8        0xc ./system/src/stm32f4-hal/stm32f4xx_hal_rcc.o
                0x00000000080022e8                HAL_RCC_GetHCLKFreq
 .text.HAL_RCCEx_PeriphCLKConfig
                0x00000000080022f4      0x2cc ./system/src/stm32f4-hal/stm32f4xx_hal_rcc_ex.o
                0x00000000080022f4                HAL_RCCEx_PeriphCLKConfig
 .text.HAL_RCCEx_GetPeriphCLKConfig
                0x00000000080025c0       0x60 ./system/src/stm32f4-hal/stm32f4xx_hal_rcc_ex.o
                0x00000000080025c0                HAL_RCCEx_GetPeriphCLKConfig
 .text.SPI_WaitFlagStateUntilTimeout
                0x0000000008002620       0x96 ./system/src/stm32f4-hal/stm32f4xx_hal_spi.o
 .text.SPI_CheckFlag_BSY
                0x00000000080026b6       0x28 ./system/src/stm32f4-hal/stm32f4xx_hal_spi.o
 .text.HAL_SPI_MspInit
                0x00000000080026de        0x2 ./system/src/stm32f4-hal/stm32f4xx_hal_spi.o
                0x00000000080026de                HAL_SPI_MspInit
 .text.HAL_SPI_Init
                0x00000000080026e0      0x1d4 ./system/src/stm32f4-hal/stm32f4xx_hal_spi.o
                0x00000000080026e0                HAL_SPI_Init
 .text.HAL_SPI_MspDeInit
                0x00000000080028b4        0x2 ./system/src/stm32f4-hal/stm32f4xx_hal_spi.o
                0x00000000080028b4                HAL_SPI_MspDeInit
 *fill*         0x00000000080028b6        0x2 
 .text.HAL_SPI_DeInit
                0x00000000080028b8       0x58 ./system/src/stm32f4-hal/stm32f4xx_hal_spi.o
                0x00000000080028b8                HAL_SPI_DeInit
 .text.HAL_SPI_Transmit
                0x0000000008002910      0x1e4 ./system/src/stm32f4-hal/stm32f4xx_hal_spi.o
                0x0000000008002910                HAL_SPI_Transmit
 .text.HAL_SPI_TransmitReceive
                0x0000000008002af4      0x30c ./system/src/stm32f4-hal/stm32f4xx_hal_spi.o
                0x0000000008002af4                HAL_SPI_TransmitReceive
 .text.HAL_SPI_GetState
                0x0000000008002e00        0x6 ./system/src/stm32f4-hal/stm32f4xx_hal_spi.o
                0x0000000008002e00                HAL_SPI_GetState
 *fill*         0x0000000008002e06        0x2 
 .text.abort    0x0000000008002e08       0x14 ./system/src/newlib/_exit.o
                0x0000000008002e08                abort
 .text._sbrk    0x0000000008002e1c       0x44 ./system/src/newlib/_sbrk.o
                0x0000000008002e1c                _sbrk
 .text.newslot  0x0000000008002e60       0x28 ./system/src/newlib/_syscalls.o
 .text.get_errno
                0x0000000008002e88       0x12 ./system/src/newlib/_syscalls.o
 .text.error    0x0000000008002e9a       0x14 ./system/src/newlib/_syscalls.o
 .text.checkerror
                0x0000000008002eae       0x10 ./system/src/newlib/_syscalls.o
 *fill*         0x0000000008002ebe        0x2 
 .text.findslot
                0x0000000008002ec0       0x3c ./system/src/newlib/_syscalls.o
 .text._exit    0x0000000008002efc       0x20 ./system/src/newlib/_syscalls.o
                0x0000000008002efc                _exit
 .text.initialise_monitor_handles
                0x0000000008002f1c       0xa8 ./system/src/newlib/_syscalls.o
                0x0000000008002f1c                initialise_monitor_handles
 .text.__initialize_args
                0x0000000008002fc4       0xbc ./system/src/newlib/_syscalls.o
                0x0000000008002fc4                __initialize_args
 .text._swiread
                0x0000000008003080       0x20 ./system/src/newlib/_syscalls.o
                0x0000000008003080                _swiread
 .text._read    0x00000000080030a0       0x36 ./system/src/newlib/_syscalls.o
                0x00000000080030a0                _read
 .text._swilseek
                0x00000000080030d6       0xaa ./system/src/newlib/_syscalls.o
                0x00000000080030d6                _swilseek
 .text._lseek   0x0000000008003180        0x8 ./system/src/newlib/_syscalls.o
                0x0000000008003180                _lseek
 .text._swiwrite
                0x0000000008003188       0x20 ./system/src/newlib/_syscalls.o
                0x0000000008003188                _swiwrite
 .text._write   0x00000000080031a8       0x46 ./system/src/newlib/_syscalls.o
                0x00000000080031a8                _write
 .text._swiclose
                0x00000000080031ee       0x1c ./system/src/newlib/_syscalls.o
                0x00000000080031ee                _swiclose
 *fill*         0x000000000800320a        0x2 
 .text._close   0x000000000800320c       0x4c ./system/src/newlib/_syscalls.o
                0x000000000800320c                _close
 .text._swistat
                0x0000000008003258       0x44 ./system/src/newlib/_syscalls.o
                0x0000000008003258                _swistat
 .text._fstat   0x000000000800329c       0x1a ./system/src/newlib/_syscalls.o
                0x000000000800329c                _fstat
 .text._stat    0x00000000080032b6       0x3e ./system/src/newlib/_syscalls.o
                0x00000000080032b6                _stat
 .text._swiopen
                0x00000000080032f4       0xb0 ./system/src/newlib/_syscalls.o
                0x00000000080032f4                _swiopen
 .text._open    0x00000000080033a4       0x12 ./system/src/newlib/_syscalls.o
                0x00000000080033a4                _open
 .text._isatty  0x00000000080033b6       0x36 ./system/src/newlib/_syscalls.o
                0x00000000080033b6                _isatty
 .text.assert_failed
                0x00000000080033ec       0x14 ./system/src/newlib/assert.o
                0x00000000080033ec                assert_failed
 .text.trace_printf
                0x0000000008003400       0x34 ./system/src/diag/Trace.o
                0x0000000008003400                trace_printf
 .text.trace_puts
                0x0000000008003434       0x20 ./system/src/diag/Trace.o
                0x0000000008003434                trace_puts
 .text._trace_write_semihosting_debug
                0x0000000008003454       0x60 ./system/src/diag/trace_impl.o
 .text.trace_write
                0x00000000080034b4        0x8 ./system/src/diag/trace_impl.o
                0x00000000080034b4                trace_write
 .text.__initialize_hardware_early
                0x00000000080034bc       0x24 ./system/src/cortexm/_initialize_hardware.o
                0x00000000080034bc                __initialize_hardware_early
 .text.dumpExceptionStack
                0x00000000080034e0       0xf4 ./system/src/cortexm/exception_handlers.o
                0x00000000080034e0                dumpExceptionStack
 .text.isSemihosting
                0x00000000080035d4      0x100 ./system/src/cortexm/exception_handlers.o
                0x00000000080035d4                isSemihosting
 .text.SystemInit
                0x00000000080036d4       0x4c ./system/src/cmsis/system_stm32f4xx.o
                0x00000000080036d4                SystemInit
 .text.SystemCoreClockUpdate
                0x0000000008003720       0xa0 ./system/src/cmsis/system_stm32f4xx.o
                0x0000000008003720                SystemCoreClockUpdate
 .text.wm5102_Log2PowerOfTwo
                0x00000000080037c0       0x34 ./system/src/Components/wm5102/wm5102.o
 .text.CODEC_IO_Write
                0x00000000080037f4        0xa ./system/src/Components/wm5102/wm5102.o
 .text.wm5102_ApplyWolfsonPatch
                0x00000000080037fe       0xec ./system/src/Components/wm5102/wm5102.o
 *fill*         0x00000000080038ea        0x2 
 .text.wm5102_ConfigureSYSCLK
                0x00000000080038ec      0x174 ./system/src/Components/wm5102/wm5102.o
 .text.wm5102_ConfigureSampleRate
                0x0000000008003a60       0x44 ./system/src/Components/wm5102/wm5102.o
 .text.wm5102_SetFrequency
                0x0000000008003aa4        0xa ./system/src/Components/wm5102/wm5102.o
                0x0000000008003aa4                wm5102_SetFrequency
 .text.wm5102_ConfigureI2S
                0x0000000008003aae       0x9c ./system/src/Components/wm5102/wm5102.o
 .text.wm5102_SetMute
                0x0000000008003b4a       0x8e ./system/src/Components/wm5102/wm5102.o
                0x0000000008003b4a                wm5102_SetMute
 .text.wm5102_Play
                0x0000000008003bd8        0xa ./system/src/Components/wm5102/wm5102.o
                0x0000000008003bd8                wm5102_Play
 .text.wm5102_Pause
                0x0000000008003be2        0xa ./system/src/Components/wm5102/wm5102.o
                0x0000000008003be2                wm5102_Pause
 .text.wm5102_Resume
                0x0000000008003bec        0xa ./system/src/Components/wm5102/wm5102.o
                0x0000000008003bec                wm5102_Resume
 .text.wm5102_Stop
                0x0000000008003bf6        0xa ./system/src/Components/wm5102/wm5102.o
                0x0000000008003bf6                wm5102_Stop
 .text.wm5102_SetVolume
                0x0000000008003c00       0xcc ./system/src/Components/wm5102/wm5102.o
                0x0000000008003c00                wm5102_SetVolume
 .text.wm5102_SetOutputMode
                0x0000000008003ccc      0x14a ./system/src/Components/wm5102/wm5102.o
                0x0000000008003ccc                wm5102_SetOutputMode
 .text.wm5102_Reset
                0x0000000008003e16        0xe ./system/src/Components/wm5102/wm5102.o
                0x0000000008003e16                wm5102_Reset
 .text.wm5102_DeInit
                0x0000000008003e24        0x8 ./system/src/Components/wm5102/wm5102.o
                0x0000000008003e24                wm5102_DeInit
 .text.wm5102_ReadID
                0x0000000008003e2c       0x12 ./system/src/Components/wm5102/wm5102.o
                0x0000000008003e2c                wm5102_ReadID
 .text.CODEC_IO_Read
                0x0000000008003e3e        0xa ./system/src/Components/wm5102/wm5102.o
 .text.wm5102_GetInsertionPoint
                0x0000000008003e48       0xc4 ./system/src/Components/wm5102/wm5102.o
 .text.wm5102_SetInputMode
                0x0000000008003f0c      0x1f0 ./system/src/Components/wm5102/wm5102.o
                0x0000000008003f0c                wm5102_SetInputMode
 .text.wm5102_Init
                0x00000000080040fc       0x8c ./system/src/Components/wm5102/wm5102.o
                0x00000000080040fc                wm5102_Init
 .text.wm5102_SetFilter
                0x0000000008004188       0xd2 ./system/src/Components/wm5102/wm5102.o
                0x0000000008004188                wm5102_SetFilter
 .text.wm5102_SetEqualizer
                0x000000000800425a      0x1a4 ./system/src/Components/wm5102/wm5102.o
                0x000000000800425a                wm5102_SetEqualizer
 .text.LIS3DSH_DeInit
                0x00000000080043fe        0x2 ./system/src/Components/lis3dsh/lis3dsh.o
                0x00000000080043fe                LIS3DSH_DeInit
 .text.LIS3DSH_Init
                0x0000000008004400       0x36 ./system/src/Components/lis3dsh/lis3dsh.o
                0x0000000008004400                LIS3DSH_Init
 .text.LIS3DSH_ReadID
                0x0000000008004436       0x24 ./system/src/Components/lis3dsh/lis3dsh.o
                0x0000000008004436                LIS3DSH_ReadID
 .text.LIS3DSH_RebootCmd
                0x000000000800445a       0x2e ./system/src/Components/lis3dsh/lis3dsh.o
                0x000000000800445a                LIS3DSH_RebootCmd
 .text.LIS3DSH_ReadACC
                0x0000000008004488       0xf4 ./system/src/Components/lis3dsh/lis3dsh.o
                0x0000000008004488                LIS3DSH_ReadACC
 .text.LIS3DSH_InterruptConfig
                0x000000000800457c       0x50 ./system/src/Components/lis3dsh/lis3dsh.o
                0x000000000800457c                LIS3DSH_InterruptConfig
 .text.LIS3DSH_Click_IntConfig
                0x00000000080045cc       0xec ./system/src/Components/lis3dsh/lis3dsh.o
                0x00000000080045cc                LIS3DSH_Click_IntConfig
 .text.LIS302DL_DeInit
                0x00000000080046b8        0x2 ./system/src/Components/lis302dl/lis302dl.o
                0x00000000080046b8                LIS302DL_DeInit
 .text.LIS302DL_Init
                0x00000000080046ba       0x24 ./system/src/Components/lis302dl/lis302dl.o
                0x00000000080046ba                LIS302DL_Init
 .text.LIS302DL_ReadID
                0x00000000080046de       0x24 ./system/src/Components/lis302dl/lis302dl.o
                0x00000000080046de                LIS302DL_ReadID
 .text.LIS302DL_FilterConfig
                0x0000000008004702       0x36 ./system/src/Components/lis302dl/lis302dl.o
                0x0000000008004702                LIS302DL_FilterConfig
 .text.LIS302DL_Click_IntClear
                0x0000000008004738       0x26 ./system/src/Components/lis302dl/lis302dl.o
                0x0000000008004738                LIS302DL_Click_IntClear
 .text.LIS302DL_RebootCmd
                0x000000000800475e       0x2e ./system/src/Components/lis302dl/lis302dl.o
                0x000000000800475e                LIS302DL_RebootCmd
 .text.LIS302DL_ReadACC
                0x000000000800478c       0x68 ./system/src/Components/lis302dl/lis302dl.o
                0x000000000800478c                LIS302DL_ReadACC
 .text.LIS302DL_InterruptConfig
                0x00000000080047f4       0x36 ./system/src/Components/lis302dl/lis302dl.o
                0x00000000080047f4                LIS302DL_InterruptConfig
 .text.LIS302DL_Click_IntConfig
                0x000000000800482a       0xb8 ./system/src/Components/lis302dl/lis302dl.o
                0x000000000800482a                LIS302DL_Click_IntConfig
 *fill*         0x00000000080048e2        0x2 
 .text.SystemClock_Config
                0x00000000080048e4       0x9c ./src/_initialize_hardware.o
                0x00000000080048e4                SystemClock_Config
 .text.__initialize_hardware
                0x0000000008004980       0x10 ./src/_initialize_hardware.o
                0x0000000008004980                __initialize_hardware
 .text.DWT_Enable
                0x0000000008004990       0x38 ./src/dwt.o
                0x0000000008004990                DWT_Enable
 .text.main     0x00000000080049c8      0x378 ./src/main.o
                0x00000000080049c8                main
 .text.WOLFSON_PI_AUDIO_TransferComplete_CallBack
                0x0000000008004d40        0xc ./src/main.o
                0x0000000008004d40                WOLFSON_PI_AUDIO_TransferComplete_CallBack
 .text.WOLFSON_PI_AUDIO_HalfTransfer_CallBack
                0x0000000008004d4c        0xc ./src/main.o
                0x0000000008004d4c                WOLFSON_PI_AUDIO_HalfTransfer_CallBack
 .text.HAL_MspInit
                0x0000000008004d58        0x2 ./src/stm32f4xx_hal_msp.o
                0x0000000008004d58                HAL_MspInit
 .text.EXTI0_IRQHandler
                0x0000000008004d5a        0xa ./src/stm32f4xx_it.o
                0x0000000008004d5a                EXTI0_IRQHandler
 .text.DMA1_Stream0_IRQHandler
                0x0000000008004d64       0x10 ./src/stm32f4xx_it.o
                0x0000000008004d64                DMA1_Stream0_IRQHandler
 .text.DMA1_Stream5_IRQHandler
                0x0000000008004d74       0x10 ./src/stm32f4xx_it.o
                0x0000000008004d74                DMA1_Stream5_IRQHandler
 .text.NMI_Handler
                0x0000000008004d84        0x2 ./src/stm32f4xx_it.o
                0x0000000008004d84                NMI_Handler
 .text.HardFault_Handler
                0x0000000008004d86        0x2 ./src/stm32f4xx_it.o
                0x0000000008004d86                HardFault_Handler
 .text.MemManage_Handler
                0x0000000008004d88        0x2 ./src/stm32f4xx_it.o
                0x0000000008004d88                MemManage_Handler
 .text.BusFault_Handler
                0x0000000008004d8a        0x2 ./src/stm32f4xx_it.o
                0x0000000008004d8a                BusFault_Handler
 .text.UsageFault_Handler
                0x0000000008004d8c        0x2 ./src/stm32f4xx_it.o
                0x0000000008004d8c                UsageFault_Handler
 .text.SVC_Handler
                0x0000000008004d8e        0x2 ./src/stm32f4xx_it.o
                0x0000000008004d8e                SVC_Handler
 .text.DebugMon_Handler
                0x0000000008004d90        0x2 ./src/stm32f4xx_it.o
                0x0000000008004d90                DebugMon_Handler
 .text.PendSV_Handler
                0x0000000008004d92        0x2 ./src/stm32f4xx_it.o
                0x0000000008004d92                PendSV_Handler
 .text.SysTick_Handler
                0x0000000008004d94        0xc ./src/stm32f4xx_it.o
                0x0000000008004d94                SysTick_Handler
 .text.TEST_GetEQGains
                0x0000000008004da0       0x5c ./src/tests.o
 .text.TEST_Init
                0x0000000008004dfc        0xc ./src/tests.o
                0x0000000008004dfc                TEST_Init
 .text.TEST_Main
                0x0000000008004e08      0x178 ./src/tests.o
                0x0000000008004e08                TEST_Main
 .text.HAL_GPIO_EXTI_Callback
                0x0000000008004f80       0xcc ./src/tests.o
                0x0000000008004f80                HAL_GPIO_EXTI_Callback
 .text.utilsConsumeNonNumeric
                0x000000000800504c       0x28 ./src/utils.o
                0x000000000800504c                utilsConsumeNonNumeric
 .text.utilsGetOption
                0x0000000008005074       0x94 ./src/utils.o
                0x0000000008005074                utilsGetOption
 .text.SPIx_Msp_Init
                0x0000000008005108       0xa0 ./src/wolfson_pi_audio.o
 .text.I2Sx_Msp_Init
                0x00000000080051a8      0x1cc ./src/wolfson_pi_audio.o
 .text.I2Sx_Init
                0x0000000008005374       0x54 ./src/wolfson_pi_audio.o
 .text.SPIx_Init
                0x00000000080053c8       0x44 ./src/wolfson_pi_audio.o
 .text.SPIx_Error
                0x000000000800540c       0x14 ./src/wolfson_pi_audio.o
 .text.SPIx_WriteData
                0x0000000008005420       0x5c ./src/wolfson_pi_audio.o
 .text.SPIx_ReadData
                0x000000000800547c       0x64 ./src/wolfson_pi_audio.o
 .text.WOLFSON_PI_AUDIO_Init
                0x00000000080054e0       0xac ./src/wolfson_pi_audio.o
                0x00000000080054e0                WOLFSON_PI_AUDIO_Init
 .text.WOLFSON_PI_AUDIO_Play
                0x000000000800558c       0x38 ./src/wolfson_pi_audio.o
                0x000000000800558c                WOLFSON_PI_AUDIO_Play
 .text.WOLFSON_PI_AUDIO_Pause
                0x00000000080055c4       0x28 ./src/wolfson_pi_audio.o
                0x00000000080055c4                WOLFSON_PI_AUDIO_Pause
 .text.WOLFSON_PI_AUDIO_Resume
                0x00000000080055ec       0x28 ./src/wolfson_pi_audio.o
                0x00000000080055ec                WOLFSON_PI_AUDIO_Resume
 .text.WOLFSON_PI_AUDIO_Stop
                0x0000000008005614       0x44 ./src/wolfson_pi_audio.o
                0x0000000008005614                WOLFSON_PI_AUDIO_Stop
 .text.WOLFSON_PI_AUDIO_SetVolume
                0x0000000008005658       0x14 ./src/wolfson_pi_audio.o
                0x0000000008005658                WOLFSON_PI_AUDIO_SetVolume
 .text.WOLFSON_PI_AUDIO_SetMute
                0x000000000800566c       0x14 ./src/wolfson_pi_audio.o
                0x000000000800566c                WOLFSON_PI_AUDIO_SetMute
 .text.WOLFSON_PI_AUDIO_SetFilter
                0x0000000008005680       0x18 ./src/wolfson_pi_audio.o
                0x0000000008005680                WOLFSON_PI_AUDIO_SetFilter
 .text.WOLFSON_PI_AUDIO_SetEqualizer
                0x0000000008005698       0x1e ./src/wolfson_pi_audio.o
                0x0000000008005698                WOLFSON_PI_AUDIO_SetEqualizer
 *fill*         0x00000000080056b6        0x2 
 .text.WOLFSON_PI_AUDIO_SetInputMode
                0x00000000080056b8       0x14 ./src/wolfson_pi_audio.o
                0x00000000080056b8                WOLFSON_PI_AUDIO_SetInputMode
 .text.WOLFSON_PI_AUDIO_SetFrequency
                0x00000000080056cc       0x8c ./src/wolfson_pi_audio.o
                0x00000000080056cc                WOLFSON_PI_AUDIO_SetFrequency
 .text.HAL_I2S_RxCpltCallback
                0x0000000008005758       0x18 ./src/wolfson_pi_audio.o
                0x0000000008005758                HAL_I2S_RxCpltCallback
 .text.HAL_I2S_RxHalfCpltCallback
                0x0000000008005770       0x18 ./src/wolfson_pi_audio.o
                0x0000000008005770                HAL_I2S_RxHalfCpltCallback
 .text.WOLFSON_PI_AUDIO_Error_CallBack
                0x0000000008005788        0x2 ./src/wolfson_pi_audio.o
                0x0000000008005788                WOLFSON_PI_AUDIO_Error_CallBack
 *fill*         0x000000000800578a        0x2 
 .text.HAL_I2S_ErrorCallback
                0x000000000800578c       0x18 ./src/wolfson_pi_audio.o
                0x000000000800578c                HAL_I2S_ErrorCallback
 .text.EXTERNAL_AUDIO_IO_Init
                0x00000000080057a4       0x88 ./src/wolfson_pi_audio.o
                0x00000000080057a4                EXTERNAL_AUDIO_IO_Init
 .text.EXTERNAL_AUDIO_IO_DeInit
                0x000000000800582c        0x2 ./src/wolfson_pi_audio.o
                0x000000000800582c                EXTERNAL_AUDIO_IO_DeInit
 .text.EXTERNAL_AUDIO_IO_Write
                0x000000000800582e        0xc ./src/wolfson_pi_audio.o
                0x000000000800582e                EXTERNAL_AUDIO_IO_Write
 .text.EXTERNAL_AUDIO_IO_Read
                0x000000000800583a        0xa ./src/wolfson_pi_audio.o
                0x000000000800583a                EXTERNAL_AUDIO_IO_Read
 .text.EXTERNAL_AUDIO_IO_Delay
                0x0000000008005844        0x8 ./src/wolfson_pi_audio.o
                0x0000000008005844                EXTERNAL_AUDIO_IO_Delay
 .text.arm_fir_q15
                0x000000000800584c      0x368 ../system/src/cmsis/DSP/Lib/GCC/libarm_cortexM4lf_math.a(arm_fir_q15.o)
                0x000000000800584c                arm_fir_q15
 .text.arm_fir_init_q15
                0x0000000008005bb4       0x2c ../system/src/cmsis/DSP/Lib/GCC/libarm_cortexM4lf_math.a(arm_fir_init_q15.o)
                0x0000000008005bb4                arm_fir_init_q15
 .text.arm_fir_init_f32
                0x0000000008005be0       0x20 ../system/src/cmsis/DSP/Lib/GCC/libarm_cortexM4lf_math.a(arm_fir_init_f32.o)
                0x0000000008005be0                arm_fir_init_f32
 .text.arm_fir_f32
                0x0000000008005c00      0x500 ../system/src/cmsis/DSP/Lib/GCC/libarm_cortexM4lf_math.a(arm_fir_f32.o)
                0x0000000008005c00                arm_fir_f32
 .text          0x0000000008006100      0x378 /app/eclipse/tools/ToolchainGNUARMEmbedded/gcc-arm-none-eabi-8-2019-q3-update/bin/../lib/gcc/arm-none-eabi/8.3.1/thumb/v7e-m+fp/hard/libgcc.a(_arm_addsubdf3.o)
                0x0000000008006100                __aeabi_drsub
                0x0000000008006108                __aeabi_dsub
                0x0000000008006108                __subdf3
                0x000000000800610c                __adddf3
                0x000000000800610c                __aeabi_dadd
                0x0000000008006384                __aeabi_ui2d
                0x0000000008006384                __floatunsidf
                0x00000000080063a4                __floatsidf
                0x00000000080063a4                __aeabi_i2d
                0x00000000080063c8                __extendsfdf2
                0x00000000080063c8                __aeabi_f2d
                0x000000000800640c                __aeabi_ul2d
                0x000000000800640c                __floatundidf
                0x000000000800641c                __floatdidf
                0x000000000800641c                __aeabi_l2d
 .text          0x0000000008006478      0x424 /app/eclipse/tools/ToolchainGNUARMEmbedded/gcc-arm-none-eabi-8-2019-q3-update/bin/../lib/gcc/arm-none-eabi/8.3.1/thumb/v7e-m+fp/hard/libgcc.a(_arm_muldivdf3.o)
                0x0000000008006478                __aeabi_dmul
                0x0000000008006478                __muldf3
                0x00000000080066cc                __aeabi_ddiv
                0x00000000080066cc                __divdf3
 .text          0x000000000800689c       0x50 /app/eclipse/tools/ToolchainGNUARMEmbedded/gcc-arm-none-eabi-8-2019-q3-update/bin/../lib/gcc/arm-none-eabi/8.3.1/thumb/v7e-m+fp/hard/libgcc.a(_arm_fixdfsi.o)
                0x000000000800689c                __fixdfsi
                0x000000000800689c                __aeabi_d2iz
 .text          0x00000000080068ec       0xa0 /app/eclipse/tools/ToolchainGNUARMEmbedded/gcc-arm-none-eabi-8-2019-q3-update/bin/../lib/gcc/arm-none-eabi/8.3.1/thumb/v7e-m+fp/hard/libgcc.a(_arm_truncdfsf2.o)
                0x00000000080068ec                __aeabi_d2f
                0x00000000080068ec                __truncdfsf2
 .text.__errno  0x000000000800698c        0xc /app/eclipse/tools/ToolchainGNUARMEmbedded/gcc-arm-none-eabi-8-2019-q3-update/bin/../lib/gcc/arm-none-eabi/8.3.1/../../../../arm-none-eabi/lib/thumb/v7e-m+fp/hard/libg_nano.a(lib_a-errno.o)
                0x000000000800698c                __errno
 .text._fclose_r
                0x0000000008006998       0xd8 /app/eclipse/tools/ToolchainGNUARMEmbedded/gcc-arm-none-eabi-8-2019-q3-update/bin/../lib/gcc/arm-none-eabi/8.3.1/../../../../arm-none-eabi/lib/thumb/v7e-m+fp/hard/libg_nano.a(lib_a-fclose.o)
                0x0000000008006998                _fclose_r
 .text.fclose   0x0000000008006a70       0x10 /app/eclipse/tools/ToolchainGNUARMEmbedded/gcc-arm-none-eabi-8-2019-q3-update/bin/../lib/gcc/arm-none-eabi/8.3.1/../../../../arm-none-eabi/lib/thumb/v7e-m+fp/hard/libg_nano.a(lib_a-fclose.o)
                0x0000000008006a70                fclose
 .text.__sflush_r
                0x0000000008006a80      0x10c /app/eclipse/tools/ToolchainGNUARMEmbedded/gcc-arm-none-eabi-8-2019-q3-update/bin/../lib/gcc/arm-none-eabi/8.3.1/../../../../arm-none-eabi/lib/thumb/v7e-m+fp/hard/libg_nano.a(lib_a-fflush.o)
                0x0000000008006a80                __sflush_r
 .text._fflush_r
                0x0000000008006b8c       0x78 /app/eclipse/tools/ToolchainGNUARMEmbedded/gcc-arm-none-eabi-8-2019-q3-update/bin/../lib/gcc/arm-none-eabi/8.3.1/../../../../arm-none-eabi/lib/thumb/v7e-m+fp/hard/libg_nano.a(lib_a-fflush.o)
                0x0000000008006b8c                _fflush_r
 .text.fflush   0x0000000008006c04       0x24 /app/eclipse/tools/ToolchainGNUARMEmbedded/gcc-arm-none-eabi-8-2019-q3-update/bin/../lib/gcc/arm-none-eabi/8.3.1/../../../../arm-none-eabi/lib/thumb/v7e-m+fp/hard/libg_nano.a(lib_a-fflush.o)
                0x0000000008006c04                fflush
 .text.std      0x0000000008006c28       0x48 /app/eclipse/tools/ToolchainGNUARMEmbedded/gcc-arm-none-eabi-8-2019-q3-update/bin/../lib/gcc/arm-none-eabi/8.3.1/../../../../arm-none-eabi/lib/thumb/v7e-m+fp/hard/libg_nano.a(lib_a-findfp.o)
 .text._cleanup_r
                0x0000000008006c70        0xc /app/eclipse/tools/ToolchainGNUARMEmbedded/gcc-arm-none-eabi-8-2019-q3-update/bin/../lib/gcc/arm-none-eabi/8.3.1/../../../../arm-none-eabi/lib/thumb/v7e-m+fp/hard/libg_nano.a(lib_a-findfp.o)
                0x0000000008006c70                _cleanup_r
 .text.__sfmoreglue
                0x0000000008006c7c       0x2c /app/eclipse/tools/ToolchainGNUARMEmbedded/gcc-arm-none-eabi-8-2019-q3-update/bin/../lib/gcc/arm-none-eabi/8.3.1/../../../../arm-none-eabi/lib/thumb/v7e-m+fp/hard/libg_nano.a(lib_a-findfp.o)
                0x0000000008006c7c                __sfmoreglue
 .text.__sfp_lock_acquire
                0x0000000008006ca8        0xc /app/eclipse/tools/ToolchainGNUARMEmbedded/gcc-arm-none-eabi-8-2019-q3-update/bin/../lib/gcc/arm-none-eabi/8.3.1/../../../../arm-none-eabi/lib/thumb/v7e-m+fp/hard/libg_nano.a(lib_a-findfp.o)
                0x0000000008006ca8                __sfp_lock_acquire
 .text.__sfp_lock_release
                0x0000000008006cb4        0xc /app/eclipse/tools/ToolchainGNUARMEmbedded/gcc-arm-none-eabi-8-2019-q3-update/bin/../lib/gcc/arm-none-eabi/8.3.1/../../../../arm-none-eabi/lib/thumb/v7e-m+fp/hard/libg_nano.a(lib_a-findfp.o)
                0x0000000008006cb4                __sfp_lock_release
 .text.__sinit_lock_acquire
                0x0000000008006cc0        0xc /app/eclipse/tools/ToolchainGNUARMEmbedded/gcc-arm-none-eabi-8-2019-q3-update/bin/../lib/gcc/arm-none-eabi/8.3.1/../../../../arm-none-eabi/lib/thumb/v7e-m+fp/hard/libg_nano.a(lib_a-findfp.o)
                0x0000000008006cc0                __sinit_lock_acquire
 .text.__sinit_lock_release
                0x0000000008006ccc        0xc /app/eclipse/tools/ToolchainGNUARMEmbedded/gcc-arm-none-eabi-8-2019-q3-update/bin/../lib/gcc/arm-none-eabi/8.3.1/../../../../arm-none-eabi/lib/thumb/v7e-m+fp/hard/libg_nano.a(lib_a-findfp.o)
                0x0000000008006ccc                __sinit_lock_release
 .text.__sinit  0x0000000008006cd8       0x70 /app/eclipse/tools/ToolchainGNUARMEmbedded/gcc-arm-none-eabi-8-2019-q3-update/bin/../lib/gcc/arm-none-eabi/8.3.1/../../../../arm-none-eabi/lib/thumb/v7e-m+fp/hard/libg_nano.a(lib_a-findfp.o)
                0x0000000008006cd8                __sinit
 .text.__sfp    0x0000000008006d48       0x8c /app/eclipse/tools/ToolchainGNUARMEmbedded/gcc-arm-none-eabi-8-2019-q3-update/bin/../lib/gcc/arm-none-eabi/8.3.1/../../../../arm-none-eabi/lib/thumb/v7e-m+fp/hard/libg_nano.a(lib_a-findfp.o)
                0x0000000008006d48                __sfp
 .text._fopen_r
                0x0000000008006dd4       0xa8 /app/eclipse/tools/ToolchainGNUARMEmbedded/gcc-arm-none-eabi-8-2019-q3-update/bin/../lib/gcc/arm-none-eabi/8.3.1/../../../../arm-none-eabi/lib/thumb/v7e-m+fp/hard/libg_nano.a(lib_a-fopen.o)
                0x0000000008006dd4                _fopen_r
 .text.fopen    0x0000000008006e7c       0x10 /app/eclipse/tools/ToolchainGNUARMEmbedded/gcc-arm-none-eabi-8-2019-q3-update/bin/../lib/gcc/arm-none-eabi/8.3.1/../../../../arm-none-eabi/lib/thumb/v7e-m+fp/hard/libg_nano.a(lib_a-fopen.o)
                0x0000000008006e7c                fopen
 .text.fscanf   0x0000000008006e8c       0x24 /app/eclipse/tools/ToolchainGNUARMEmbedded/gcc-arm-none-eabi-8-2019-q3-update/bin/../lib/gcc/arm-none-eabi/8.3.1/../../../../arm-none-eabi/lib/thumb/v7e-m+fp/hard/libg_nano.a(lib_a-fscanf.o)
                0x0000000008006e8c                fiscanf
                0x0000000008006e8c                fscanf
 .text._fseek_r
                0x0000000008006eb0        0x4 /app/eclipse/tools/ToolchainGNUARMEmbedded/gcc-arm-none-eabi-8-2019-q3-update/bin/../lib/gcc/arm-none-eabi/8.3.1/../../../../arm-none-eabi/lib/thumb/v7e-m+fp/hard/libg_nano.a(lib_a-fseek.o)
                0x0000000008006eb0                _fseek_r
 .text._fseeko_r
                0x0000000008006eb4      0x164 /app/eclipse/tools/ToolchainGNUARMEmbedded/gcc-arm-none-eabi-8-2019-q3-update/bin/../lib/gcc/arm-none-eabi/8.3.1/../../../../arm-none-eabi/lib/thumb/v7e-m+fp/hard/libg_nano.a(lib_a-fseeko.o)
                0x0000000008006eb4                _fseeko_r
 .text._fwalk   0x0000000008007018       0x38 /app/eclipse/tools/ToolchainGNUARMEmbedded/gcc-arm-none-eabi-8-2019-q3-update/bin/../lib/gcc/arm-none-eabi/8.3.1/../../../../arm-none-eabi/lib/thumb/v7e-m+fp/hard/libg_nano.a(lib_a-fwalk.o)
                0x0000000008007018                _fwalk
 .text._fwalk_reent
                0x0000000008007050       0x3c /app/eclipse/tools/ToolchainGNUARMEmbedded/gcc-arm-none-eabi-8-2019-q3-update/bin/../lib/gcc/arm-none-eabi/8.3.1/../../../../arm-none-eabi/lib/thumb/v7e-m+fp/hard/libg_nano.a(lib_a-fwalk.o)
                0x0000000008007050                _fwalk_reent
 .text.getchar  0x000000000800708c       0x24 /app/eclipse/tools/ToolchainGNUARMEmbedded/gcc-arm-none-eabi-8-2019-q3-update/bin/../lib/gcc/arm-none-eabi/8.3.1/../../../../arm-none-eabi/lib/thumb/v7e-m+fp/hard/libg_nano.a(lib_a-getchar.o)
                0x000000000800708c                getchar
 .text.__retarget_lock_init_recursive
                0x00000000080070b0        0x2 /app/eclipse/tools/ToolchainGNUARMEmbedded/gcc-arm-none-eabi-8-2019-q3-update/bin/../lib/gcc/arm-none-eabi/8.3.1/../../../../arm-none-eabi/lib/thumb/v7e-m+fp/hard/libg_nano.a(lib_a-lock.o)
                0x00000000080070b0                __retarget_lock_init_recursive
 .text.__retarget_lock_close_recursive
                0x00000000080070b2        0x2 /app/eclipse/tools/ToolchainGNUARMEmbedded/gcc-arm-none-eabi-8-2019-q3-update/bin/../lib/gcc/arm-none-eabi/8.3.1/../../../../arm-none-eabi/lib/thumb/v7e-m+fp/hard/libg_nano.a(lib_a-lock.o)
                0x00000000080070b2                __retarget_lock_close_recursive
 .text.__retarget_lock_acquire_recursive
                0x00000000080070b4        0x2 /app/eclipse/tools/ToolchainGNUARMEmbedded/gcc-arm-none-eabi-8-2019-q3-update/bin/../lib/gcc/arm-none-eabi/8.3.1/../../../../arm-none-eabi/lib/thumb/v7e-m+fp/hard/libg_nano.a(lib_a-lock.o)
                0x00000000080070b4                __retarget_lock_acquire_recursive
 .text.__retarget_lock_release_recursive
                0x00000000080070b6        0x2 /app/eclipse/tools/ToolchainGNUARMEmbedded/gcc-arm-none-eabi-8-2019-q3-update/bin/../lib/gcc/arm-none-eabi/8.3.1/../../../../arm-none-eabi/lib/thumb/v7e-m+fp/hard/libg_nano.a(lib_a-lock.o)
                0x00000000080070b6                __retarget_lock_release_recursive
 .text.__swhatbuf_r
                0x00000000080070b8       0x48 /app/eclipse/tools/ToolchainGNUARMEmbedded/gcc-arm-none-eabi-8-2019-q3-update/bin/../lib/gcc/arm-none-eabi/8.3.1/../../../../arm-none-eabi/lib/thumb/v7e-m+fp/hard/libg_nano.a(lib_a-makebuf.o)
                0x00000000080070b8                __swhatbuf_r
 .text.__smakebuf_r
                0x0000000008007100       0x80 /app/eclipse/tools/ToolchainGNUARMEmbedded/gcc-arm-none-eabi-8-2019-q3-update/bin/../lib/gcc/arm-none-eabi/8.3.1/../../../../arm-none-eabi/lib/thumb/v7e-m+fp/hard/libg_nano.a(lib_a-makebuf.o)
                0x0000000008007100                __smakebuf_r
 .text.memset   0x0000000008007180       0x10 /app/eclipse/tools/ToolchainGNUARMEmbedded/gcc-arm-none-eabi-8-2019-q3-update/bin/../lib/gcc/arm-none-eabi/8.3.1/../../../../arm-none-eabi/lib/thumb/v7e-m+fp/hard/libg_nano.a(lib_a-memset.o)
                0x0000000008007180                memset
 .text._free_r  0x0000000008007190       0x9c /app/eclipse/tools/ToolchainGNUARMEmbedded/gcc-arm-none-eabi-8-2019-q3-update/bin/../lib/gcc/arm-none-eabi/8.3.1/../../../../arm-none-eabi/lib/thumb/v7e-m+fp/hard/libg_nano.a(lib_a-nano-freer.o)
                0x0000000008007190                _free_r
 .text._malloc_r
                0x000000000800722c       0xb4 /app/eclipse/tools/ToolchainGNUARMEmbedded/gcc-arm-none-eabi-8-2019-q3-update/bin/../lib/gcc/arm-none-eabi/8.3.1/../../../../arm-none-eabi/lib/thumb/v7e-m+fp/hard/libg_nano.a(lib_a-nano-mallocr.o)
                0x000000000800722c                _malloc_r
 .text.__cvt    0x00000000080072e0       0xba /app/eclipse/tools/ToolchainGNUARMEmbedded/gcc-arm-none-eabi-8-2019-q3-update/bin/../lib/gcc/arm-none-eabi/8.3.1/../../../../arm-none-eabi/lib/thumb/v7e-m+fp/hard/libg_nano.a(lib_a-nano-vfprintf_float.o)
                0x00000000080072e0                __cvt
 .text.__exponent
                0x000000000800739a       0x64 /app/eclipse/tools/ToolchainGNUARMEmbedded/gcc-arm-none-eabi-8-2019-q3-update/bin/../lib/gcc/arm-none-eabi/8.3.1/../../../../arm-none-eabi/lib/thumb/v7e-m+fp/hard/libg_nano.a(lib_a-nano-vfprintf_float.o)
                0x000000000800739a                __exponent
 *fill*         0x00000000080073fe        0x2 
 .text._printf_float
                0x0000000008007400      0x454 /app/eclipse/tools/ToolchainGNUARMEmbedded/gcc-arm-none-eabi-8-2019-q3-update/bin/../lib/gcc/arm-none-eabi/8.3.1/../../../../arm-none-eabi/lib/thumb/v7e-m+fp/hard/libg_nano.a(lib_a-nano-vfprintf_float.o)
                0x0000000008007400                _printf_float
 .text._printf_common
                0x0000000008007854       0xea /app/eclipse/tools/ToolchainGNUARMEmbedded/gcc-arm-none-eabi-8-2019-q3-update/bin/../lib/gcc/arm-none-eabi/8.3.1/../../../../arm-none-eabi/lib/thumb/v7e-m+fp/hard/libg_nano.a(lib_a-nano-vfprintf_i.o)
                0x0000000008007854                _printf_common
 *fill*         0x000000000800793e        0x2 
 .text._printf_i
                0x0000000008007940      0x228 /app/eclipse/tools/ToolchainGNUARMEmbedded/gcc-arm-none-eabi-8-2019-q3-update/bin/../lib/gcc/arm-none-eabi/8.3.1/../../../../arm-none-eabi/lib/thumb/v7e-m+fp/hard/libg_nano.a(lib_a-nano-vfprintf_i.o)
                0x0000000008007940                _printf_i
 .text.__svfscanf_r
                0x0000000008007b68      0x2f0 /app/eclipse/tools/ToolchainGNUARMEmbedded/gcc-arm-none-eabi-8-2019-q3-update/bin/../lib/gcc/arm-none-eabi/8.3.1/../../../../arm-none-eabi/lib/thumb/v7e-m+fp/hard/libg_nano.a(lib_a-nano-vfscanf.o)
                0x0000000008007b68                __svfiscanf_r
                0x0000000008007b68                __svfscanf_r
 .text._vfscanf_r
                0x0000000008007e58       0x50 /app/eclipse/tools/ToolchainGNUARMEmbedded/gcc-arm-none-eabi-8-2019-q3-update/bin/../lib/gcc/arm-none-eabi/8.3.1/../../../../arm-none-eabi/lib/thumb/v7e-m+fp/hard/libg_nano.a(lib_a-nano-vfscanf.o)
                0x0000000008007e58                _vfiscanf_r
                0x0000000008007e58                _vfscanf_r
 .text._scanf_float
                0x0000000008007ea8      0x3c0 /app/eclipse/tools/ToolchainGNUARMEmbedded/gcc-arm-none-eabi-8-2019-q3-update/bin/../lib/gcc/arm-none-eabi/8.3.1/../../../../arm-none-eabi/lib/thumb/v7e-m+fp/hard/libg_nano.a(lib_a-nano-vfscanf_float.o)
                0x0000000008007ea8                _scanf_float
 .text._scanf_chars
                0x0000000008008268       0xb0 /app/eclipse/tools/ToolchainGNUARMEmbedded/gcc-arm-none-eabi-8-2019-q3-update/bin/../lib/gcc/arm-none-eabi/8.3.1/../../../../arm-none-eabi/lib/thumb/v7e-m+fp/hard/libg_nano.a(lib_a-nano-vfscanf_i.o)
                0x0000000008008268                _scanf_chars
 .text._scanf_i
                0x0000000008008318      0x1e8 /app/eclipse/tools/ToolchainGNUARMEmbedded/gcc-arm-none-eabi-8-2019-q3-update/bin/../lib/gcc/arm-none-eabi/8.3.1/../../../../arm-none-eabi/lib/thumb/v7e-m+fp/hard/libg_nano.a(lib_a-nano-vfscanf_i.o)
                0x0000000008008318                _scanf_i
 .text._open_r  0x0000000008008500       0x24 /app/eclipse/tools/ToolchainGNUARMEmbedded/gcc-arm-none-eabi-8-2019-q3-update/bin/../lib/gcc/arm-none-eabi/8.3.1/../../../../arm-none-eabi/lib/thumb/v7e-m+fp/hard/libg_nano.a(lib_a-openr.o)
                0x0000000008008500                _open_r
 .text.lflush   0x0000000008008524       0x12 /app/eclipse/tools/ToolchainGNUARMEmbedded/gcc-arm-none-eabi-8-2019-q3-update/bin/../lib/gcc/arm-none-eabi/8.3.1/../../../../arm-none-eabi/lib/thumb/v7e-m+fp/hard/libg_nano.a(lib_a-refill.o)
 *fill*         0x0000000008008536        0x2 
 .text.__srefill_r
                0x0000000008008538      0x118 /app/eclipse/tools/ToolchainGNUARMEmbedded/gcc-arm-none-eabi-8-2019-q3-update/bin/../lib/gcc/arm-none-eabi/8.3.1/../../../../arm-none-eabi/lib/thumb/v7e-m+fp/hard/libg_nano.a(lib_a-refill.o)
                0x0000000008008538                __srefill_r
 .text._sbrk_r  0x0000000008008650       0x20 /app/eclipse/tools/ToolchainGNUARMEmbedded/gcc-arm-none-eabi-8-2019-q3-update/bin/../lib/gcc/arm-none-eabi/8.3.1/../../../../arm-none-eabi/lib/thumb/v7e-m+fp/hard/libg_nano.a(lib_a-sbrkr.o)
                0x0000000008008650                _sbrk_r
 .text.scanf    0x0000000008008670       0x30 /app/eclipse/tools/ToolchainGNUARMEmbedded/gcc-arm-none-eabi-8-2019-q3-update/bin/../lib/gcc/arm-none-eabi/8.3.1/../../../../arm-none-eabi/lib/thumb/v7e-m+fp/hard/libg_nano.a(lib_a-scanf.o)
                0x0000000008008670                iscanf
                0x0000000008008670                scanf
 .text.__sccl   0x00000000080086a0       0x64 /app/eclipse/tools/ToolchainGNUARMEmbedded/gcc-arm-none-eabi-8-2019-q3-update/bin/../lib/gcc/arm-none-eabi/8.3.1/../../../../arm-none-eabi/lib/thumb/v7e-m+fp/hard/libg_nano.a(lib_a-sccl.o)
                0x00000000080086a0                __sccl
 .text.nanf     0x0000000008008704        0xc /app/eclipse/tools/ToolchainGNUARMEmbedded/gcc-arm-none-eabi-8-2019-q3-update/bin/../lib/gcc/arm-none-eabi/8.3.1/../../../../arm-none-eabi/lib/thumb/v7e-m+fp/hard/libg_nano.a(lib_a-sf_nan.o)
                0x0000000008008704                nanf
 .text.sprintf  0x0000000008008710       0x40 /app/eclipse/tools/ToolchainGNUARMEmbedded/gcc-arm-none-eabi-8-2019-q3-update/bin/../lib/gcc/arm-none-eabi/8.3.1/../../../../arm-none-eabi/lib/thumb/v7e-m+fp/hard/libg_nano.a(lib_a-sprintf.o)
                0x0000000008008710                sprintf
                0x0000000008008710                siprintf
 .text.__sread  0x0000000008008750       0x22 /app/eclipse/tools/ToolchainGNUARMEmbedded/gcc-arm-none-eabi-8-2019-q3-update/bin/../lib/gcc/arm-none-eabi/8.3.1/../../../../arm-none-eabi/lib/thumb/v7e-m+fp/hard/libg_nano.a(lib_a-stdio.o)
                0x0000000008008750                __sread
 .text.__swrite
                0x0000000008008772       0x38 /app/eclipse/tools/ToolchainGNUARMEmbedded/gcc-arm-none-eabi-8-2019-q3-update/bin/../lib/gcc/arm-none-eabi/8.3.1/../../../../arm-none-eabi/lib/thumb/v7e-m+fp/hard/libg_nano.a(lib_a-stdio.o)
                0x0000000008008772                __swrite
 .text.__sseek  0x00000000080087aa       0x24 /app/eclipse/tools/ToolchainGNUARMEmbedded/gcc-arm-none-eabi-8-2019-q3-update/bin/../lib/gcc/arm-none-eabi/8.3.1/../../../../arm-none-eabi/lib/thumb/v7e-m+fp/hard/libg_nano.a(lib_a-stdio.o)
                0x00000000080087aa                __sseek
 .text.__sclose
                0x00000000080087ce        0x8 /app/eclipse/tools/ToolchainGNUARMEmbedded/gcc-arm-none-eabi-8-2019-q3-update/bin/../lib/gcc/arm-none-eabi/8.3.1/../../../../arm-none-eabi/lib/thumb/v7e-m+fp/hard/libg_nano.a(lib_a-stdio.o)
                0x00000000080087ce                __sclose
 .text          0x00000000080087d6       0x14 /app/eclipse/tools/ToolchainGNUARMEmbedded/gcc-arm-none-eabi-8-2019-q3-update/bin/../lib/gcc/arm-none-eabi/8.3.1/../../../../arm-none-eabi/lib/thumb/v7e-m+fp/hard/libg_nano.a(lib_a-strcmp.o)
                0x00000000080087d6                strcmp
 .text          0x00000000080087ea       0x10 /app/eclipse/tools/ToolchainGNUARMEmbedded/gcc-arm-none-eabi-8-2019-q3-update/bin/../lib/gcc/arm-none-eabi/8.3.1/../../../../arm-none-eabi/lib/thumb/v7e-m+fp/hard/libg_nano.a(lib_a-strlen.o)
                0x00000000080087ea                strlen
 .text.sulp     0x00000000080087fa       0x38 /app/eclipse/tools/ToolchainGNUARMEmbedded/gcc-arm-none-eabi-8-2019-q3-update/bin/../lib/gcc/arm-none-eabi/8.3.1/../../../../arm-none-eabi/lib/thumb/v7e-m+fp/hard/libg_nano.a(lib_a-strtod.o)
 *fill*         0x0000000008008832        0x6 
 .text._strtod_l
                0x0000000008008838      0xb98 /app/eclipse/tools/ToolchainGNUARMEmbedded/gcc-arm-none-eabi-8-2019-q3-update/bin/../lib/gcc/arm-none-eabi/8.3.1/../../../../arm-none-eabi/lib/thumb/v7e-m+fp/hard/libg_nano.a(lib_a-strtod.o)
                0x0000000008008838                _strtod_l
 .text._strtod_r
                0x00000000080093d0        0xc /app/eclipse/tools/ToolchainGNUARMEmbedded/gcc-arm-none-eabi-8-2019-q3-update/bin/../lib/gcc/arm-none-eabi/8.3.1/../../../../arm-none-eabi/lib/thumb/v7e-m+fp/hard/libg_nano.a(lib_a-strtod.o)
                0x00000000080093d0                _strtod_r
 .text._strtol_l.isra.0
                0x00000000080093dc       0xf0 /app/eclipse/tools/ToolchainGNUARMEmbedded/gcc-arm-none-eabi-8-2019-q3-update/bin/../lib/gcc/arm-none-eabi/8.3.1/../../../../arm-none-eabi/lib/thumb/v7e-m+fp/hard/libg_nano.a(lib_a-strtol.o)
 .text._strtol_r
                0x00000000080094cc        0x4 /app/eclipse/tools/ToolchainGNUARMEmbedded/gcc-arm-none-eabi-8-2019-q3-update/bin/../lib/gcc/arm-none-eabi/8.3.1/../../../../arm-none-eabi/lib/thumb/v7e-m+fp/hard/libg_nano.a(lib_a-strtol.o)
                0x00000000080094cc                _strtol_r
 .text._strtoul_l.isra.0
                0x00000000080094d0       0xec /app/eclipse/tools/ToolchainGNUARMEmbedded/gcc-arm-none-eabi-8-2019-q3-update/bin/../lib/gcc/arm-none-eabi/8.3.1/../../../../arm-none-eabi/lib/thumb/v7e-m+fp/hard/libg_nano.a(lib_a-strtoul.o)
 .text._strtoul_r
                0x00000000080095bc        0x4 /app/eclipse/tools/ToolchainGNUARMEmbedded/gcc-arm-none-eabi-8-2019-q3-update/bin/../lib/gcc/arm-none-eabi/8.3.1/../../../../arm-none-eabi/lib/thumb/v7e-m+fp/hard/libg_nano.a(lib_a-strtoul.o)
                0x00000000080095bc                _strtoul_r
 .text.__submore
                0x00000000080095c0       0x74 /app/eclipse/tools/ToolchainGNUARMEmbedded/gcc-arm-none-eabi-8-2019-q3-update/bin/../lib/gcc/arm-none-eabi/8.3.1/../../../../arm-none-eabi/lib/thumb/v7e-m+fp/hard/libg_nano.a(lib_a-ungetc.o)
                0x00000000080095c0                __submore
 .text._ungetc_r
                0x0000000008009634      0x12c /app/eclipse/tools/ToolchainGNUARMEmbedded/gcc-arm-none-eabi-8-2019-q3-update/bin/../lib/gcc/arm-none-eabi/8.3.1/../../../../arm-none-eabi/lib/thumb/v7e-m+fp/hard/libg_nano.a(lib_a-ungetc.o)
                0x0000000008009634                _ungetc_r
 .text.ungetc   0x0000000008009760       0x10 /app/eclipse/tools/ToolchainGNUARMEmbedded/gcc-arm-none-eabi-8-2019-q3-update/bin/../lib/gcc/arm-none-eabi/8.3.1/../../../../arm-none-eabi/lib/thumb/v7e-m+fp/hard/libg_nano.a(lib_a-ungetc.o)
                0x0000000008009760                ungetc
 .text._vsnprintf_r
                0x0000000008009770       0x58 /app/eclipse/tools/ToolchainGNUARMEmbedded/gcc-arm-none-eabi-8-2019-q3-update/bin/../lib/gcc/arm-none-eabi/8.3.1/../../../../arm-none-eabi/lib/thumb/v7e-m+fp/hard/libg_nano.a(lib_a-vsnprintf.o)
                0x0000000008009770                _vsnprintf_r
                0x0000000008009770                _vsniprintf_r
 .text.vsnprintf
                0x00000000080097c8       0x1c /app/eclipse/tools/ToolchainGNUARMEmbedded/gcc-arm-none-eabi-8-2019-q3-update/bin/../lib/gcc/arm-none-eabi/8.3.1/../../../../arm-none-eabi/lib/thumb/v7e-m+fp/hard/libg_nano.a(lib_a-vsnprintf.o)
                0x00000000080097c8                vsnprintf
                0x00000000080097c8                vsniprintf
 .text._write_r
                0x00000000080097e4       0x24 /app/eclipse/tools/ToolchainGNUARMEmbedded/gcc-arm-none-eabi-8-2019-q3-update/bin/../lib/gcc/arm-none-eabi/8.3.1/../../../../arm-none-eabi/lib/thumb/v7e-m+fp/hard/libg_nano.a(lib_a-writer.o)
                0x00000000080097e4                _write_r
 .text._close_r
                0x0000000008009808       0x20 /app/eclipse/tools/ToolchainGNUARMEmbedded/gcc-arm-none-eabi-8-2019-q3-update/bin/../lib/gcc/arm-none-eabi/8.3.1/../../../../arm-none-eabi/lib/thumb/v7e-m+fp/hard/libg_nano.a(lib_a-closer.o)
                0x0000000008009808                _close_r
 .text.quorem   0x0000000008009828      0x112 /app/eclipse/tools/ToolchainGNUARMEmbedded/gcc-arm-none-eabi-8-2019-q3-update/bin/../lib/gcc/arm-none-eabi/8.3.1/../../../../arm-none-eabi/lib/thumb/v7e-m+fp/hard/libg_nano.a(lib_a-dtoa.o)
 *fill*         0x000000000800993a        0x6 
 .text._dtoa_r  0x0000000008009940      0xb74 /app/eclipse/tools/ToolchainGNUARMEmbedded/gcc-arm-none-eabi-8-2019-q3-update/bin/../lib/gcc/arm-none-eabi/8.3.1/../../../../arm-none-eabi/lib/thumb/v7e-m+fp/hard/libg_nano.a(lib_a-dtoa.o)
                0x0000000008009940                _dtoa_r
 .text.__sflags
                0x000000000800a4b4       0x6c /app/eclipse/tools/ToolchainGNUARMEmbedded/gcc-arm-none-eabi-8-2019-q3-update/bin/../lib/gcc/arm-none-eabi/8.3.1/../../../../arm-none-eabi/lib/thumb/v7e-m+fp/hard/libg_nano.a(lib_a-flags.o)
                0x000000000800a4b4                __sflags
 .text._fstat_r
                0x000000000800a520       0x24 /app/eclipse/tools/ToolchainGNUARMEmbedded/gcc-arm-none-eabi-8-2019-q3-update/bin/../lib/gcc/arm-none-eabi/8.3.1/../../../../arm-none-eabi/lib/thumb/v7e-m+fp/hard/libg_nano.a(lib_a-fstatr.o)
                0x000000000800a520                _fstat_r
 .text.rshift   0x000000000800a544       0x74 /app/eclipse/tools/ToolchainGNUARMEmbedded/gcc-arm-none-eabi-8-2019-q3-update/bin/../lib/gcc/arm-none-eabi/8.3.1/../../../../arm-none-eabi/lib/thumb/v7e-m+fp/hard/libg_nano.a(lib_a-gdtoa-gethex.o)
 .text.__hexdig_fun
                0x000000000800a5b8       0x2a /app/eclipse/tools/ToolchainGNUARMEmbedded/gcc-arm-none-eabi-8-2019-q3-update/bin/../lib/gcc/arm-none-eabi/8.3.1/../../../../arm-none-eabi/lib/thumb/v7e-m+fp/hard/libg_nano.a(lib_a-gdtoa-gethex.o)
                0x000000000800a5b8                __hexdig_fun
 *fill*         0x000000000800a5e2        0x2 
 .text.__gethex
                0x000000000800a5e4      0x448 /app/eclipse/tools/ToolchainGNUARMEmbedded/gcc-arm-none-eabi-8-2019-q3-update/bin/../lib/gcc/arm-none-eabi/8.3.1/../../../../arm-none-eabi/lib/thumb/v7e-m+fp/hard/libg_nano.a(lib_a-gdtoa-gethex.o)
                0x000000000800a5e4                __gethex
 .text.L_shift  0x000000000800aa2c       0x24 /app/eclipse/tools/ToolchainGNUARMEmbedded/gcc-arm-none-eabi-8-2019-q3-update/bin/../lib/gcc/arm-none-eabi/8.3.1/../../../../arm-none-eabi/lib/thumb/v7e-m+fp/hard/libg_nano.a(lib_a-gdtoa-hexnan.o)
 .text.__match  0x000000000800aa50       0x28 /app/eclipse/tools/ToolchainGNUARMEmbedded/gcc-arm-none-eabi-8-2019-q3-update/bin/../lib/gcc/arm-none-eabi/8.3.1/../../../../arm-none-eabi/lib/thumb/v7e-m+fp/hard/libg_nano.a(lib_a-gdtoa-hexnan.o)
                0x000000000800aa50                __match
 .text.__hexnan
                0x000000000800aa78      0x120 /app/eclipse/tools/ToolchainGNUARMEmbedded/gcc-arm-none-eabi-8-2019-q3-update/bin/../lib/gcc/arm-none-eabi/8.3.1/../../../../arm-none-eabi/lib/thumb/v7e-m+fp/hard/libg_nano.a(lib_a-gdtoa-hexnan.o)
                0x000000000800aa78                __hexnan
 .text._getc_r  0x000000000800ab98       0x80 /app/eclipse/tools/ToolchainGNUARMEmbedded/gcc-arm-none-eabi-8-2019-q3-update/bin/../lib/gcc/arm-none-eabi/8.3.1/../../../../arm-none-eabi/lib/thumb/v7e-m+fp/hard/libg_nano.a(lib_a-getc.o)
                0x000000000800ab98                _getc_r
 .text._isatty_r
                0x000000000800ac18       0x20 /app/eclipse/tools/ToolchainGNUARMEmbedded/gcc-arm-none-eabi-8-2019-q3-update/bin/../lib/gcc/arm-none-eabi/8.3.1/../../../../arm-none-eabi/lib/thumb/v7e-m+fp/hard/libg_nano.a(lib_a-isattyr.o)
                0x000000000800ac18                _isatty_r
 .text._localeconv_r
                0x000000000800ac38        0x8 /app/eclipse/tools/ToolchainGNUARMEmbedded/gcc-arm-none-eabi-8-2019-q3-update/bin/../lib/gcc/arm-none-eabi/8.3.1/../../../../arm-none-eabi/lib/thumb/v7e-m+fp/hard/libg_nano.a(lib_a-localeconv.o)
                0x000000000800ac38                _localeconv_r
 .text._lseek_r
                0x000000000800ac40       0x24 /app/eclipse/tools/ToolchainGNUARMEmbedded/gcc-arm-none-eabi-8-2019-q3-update/bin/../lib/gcc/arm-none-eabi/8.3.1/../../../../arm-none-eabi/lib/thumb/v7e-m+fp/hard/libg_nano.a(lib_a-lseekr.o)
                0x000000000800ac40                _lseek_r
 .text.malloc   0x000000000800ac64       0x10 /app/eclipse/tools/ToolchainGNUARMEmbedded/gcc-arm-none-eabi-8-2019-q3-update/bin/../lib/gcc/arm-none-eabi/8.3.1/../../../../arm-none-eabi/lib/thumb/v7e-m+fp/hard/libg_nano.a(lib_a-malloc.o)
                0x000000000800ac64                malloc
 .text.__ascii_mbtowc
                0x000000000800ac74       0x24 /app/eclipse/tools/ToolchainGNUARMEmbedded/gcc-arm-none-eabi-8-2019-q3-update/bin/../lib/gcc/arm-none-eabi/8.3.1/../../../../arm-none-eabi/lib/thumb/v7e-m+fp/hard/libg_nano.a(lib_a-mbtowc_r.o)
                0x000000000800ac74                __ascii_mbtowc
 *fill*         0x000000000800ac98        0x8 
 .text          0x000000000800aca0       0xa0 /app/eclipse/tools/ToolchainGNUARMEmbedded/gcc-arm-none-eabi-8-2019-q3-update/bin/../lib/gcc/arm-none-eabi/8.3.1/../../../../arm-none-eabi/lib/thumb/v7e-m+fp/hard/libg_nano.a(lib_a-memchr.o)
                0x000000000800aca0                memchr
 .text.memcpy   0x000000000800ad40       0x1c /app/eclipse/tools/ToolchainGNUARMEmbedded/gcc-arm-none-eabi-8-2019-q3-update/bin/../lib/gcc/arm-none-eabi/8.3.1/../../../../arm-none-eabi/lib/thumb/v7e-m+fp/hard/libg_nano.a(lib_a-memcpy-stub.o)
                0x000000000800ad40                memcpy
 .text.__malloc_lock
                0x000000000800ad5c        0xc /app/eclipse/tools/ToolchainGNUARMEmbedded/gcc-arm-none-eabi-8-2019-q3-update/bin/../lib/gcc/arm-none-eabi/8.3.1/../../../../arm-none-eabi/lib/thumb/v7e-m+fp/hard/libg_nano.a(lib_a-mlock.o)
                0x000000000800ad5c                __malloc_lock
 .text.__malloc_unlock
                0x000000000800ad68        0xc /app/eclipse/tools/ToolchainGNUARMEmbedded/gcc-arm-none-eabi-8-2019-q3-update/bin/../lib/gcc/arm-none-eabi/8.3.1/../../../../arm-none-eabi/lib/thumb/v7e-m+fp/hard/libg_nano.a(lib_a-mlock.o)
                0x000000000800ad68                __malloc_unlock
 .text._Balloc  0x000000000800ad74       0x68 /app/eclipse/tools/ToolchainGNUARMEmbedded/gcc-arm-none-eabi-8-2019-q3-update/bin/../lib/gcc/arm-none-eabi/8.3.1/../../../../arm-none-eabi/lib/thumb/v7e-m+fp/hard/libg_nano.a(lib_a-mprec.o)
                0x000000000800ad74                _Balloc
 .text._Bfree   0x000000000800addc       0x2e /app/eclipse/tools/ToolchainGNUARMEmbedded/gcc-arm-none-eabi-8-2019-q3-update/bin/../lib/gcc/arm-none-eabi/8.3.1/../../../../arm-none-eabi/lib/thumb/v7e-m+fp/hard/libg_nano.a(lib_a-mprec.o)
                0x000000000800addc                _Bfree
 .text.__multadd
                0x000000000800ae0a       0x76 /app/eclipse/tools/ToolchainGNUARMEmbedded/gcc-arm-none-eabi-8-2019-q3-update/bin/../lib/gcc/arm-none-eabi/8.3.1/../../../../arm-none-eabi/lib/thumb/v7e-m+fp/hard/libg_nano.a(lib_a-mprec.o)
                0x000000000800ae0a                __multadd
 .text.__s2b    0x000000000800ae80       0x7c /app/eclipse/tools/ToolchainGNUARMEmbedded/gcc-arm-none-eabi-8-2019-q3-update/bin/../lib/gcc/arm-none-eabi/8.3.1/../../../../arm-none-eabi/lib/thumb/v7e-m+fp/hard/libg_nano.a(lib_a-mprec.o)
                0x000000000800ae80                __s2b
 .text.__hi0bits
                0x000000000800aefc       0x40 /app/eclipse/tools/ToolchainGNUARMEmbedded/gcc-arm-none-eabi-8-2019-q3-update/bin/../lib/gcc/arm-none-eabi/8.3.1/../../../../arm-none-eabi/lib/thumb/v7e-m+fp/hard/libg_nano.a(lib_a-mprec.o)
                0x000000000800aefc                __hi0bits
 .text.__lo0bits
                0x000000000800af3c       0x60 /app/eclipse/tools/ToolchainGNUARMEmbedded/gcc-arm-none-eabi-8-2019-q3-update/bin/../lib/gcc/arm-none-eabi/8.3.1/../../../../arm-none-eabi/lib/thumb/v7e-m+fp/hard/libg_nano.a(lib_a-mprec.o)
                0x000000000800af3c                __lo0bits
 .text.__i2b    0x000000000800af9c       0x12 /app/eclipse/tools/ToolchainGNUARMEmbedded/gcc-arm-none-eabi-8-2019-q3-update/bin/../lib/gcc/arm-none-eabi/8.3.1/../../../../arm-none-eabi/lib/thumb/v7e-m+fp/hard/libg_nano.a(lib_a-mprec.o)
                0x000000000800af9c                __i2b
 .text.__multiply
                0x000000000800afae      0x120 /app/eclipse/tools/ToolchainGNUARMEmbedded/gcc-arm-none-eabi-8-2019-q3-update/bin/../lib/gcc/arm-none-eabi/8.3.1/../../../../arm-none-eabi/lib/thumb/v7e-m+fp/hard/libg_nano.a(lib_a-mprec.o)
                0x000000000800afae                __multiply
 *fill*         0x000000000800b0ce        0x2 
 .text.__pow5mult
                0x000000000800b0d0       0x9c /app/eclipse/tools/ToolchainGNUARMEmbedded/gcc-arm-none-eabi-8-2019-q3-update/bin/../lib/gcc/arm-none-eabi/8.3.1/../../../../arm-none-eabi/lib/thumb/v7e-m+fp/hard/libg_nano.a(lib_a-mprec.o)
                0x000000000800b0d0                __pow5mult
 .text.__lshift
                0x000000000800b16c       0xa6 /app/eclipse/tools/ToolchainGNUARMEmbedded/gcc-arm-none-eabi-8-2019-q3-update/bin/../lib/gcc/arm-none-eabi/8.3.1/../../../../arm-none-eabi/lib/thumb/v7e-m+fp/hard/libg_nano.a(lib_a-mprec.o)
                0x000000000800b16c                __lshift
 .text.__mcmp   0x000000000800b212       0x34 /app/eclipse/tools/ToolchainGNUARMEmbedded/gcc-arm-none-eabi-8-2019-q3-update/bin/../lib/gcc/arm-none-eabi/8.3.1/../../../../arm-none-eabi/lib/thumb/v7e-m+fp/hard/libg_nano.a(lib_a-mprec.o)
                0x000000000800b212                __mcmp
 .text.__mdiff  0x000000000800b246       0xba /app/eclipse/tools/ToolchainGNUARMEmbedded/gcc-arm-none-eabi-8-2019-q3-update/bin/../lib/gcc/arm-none-eabi/8.3.1/../../../../arm-none-eabi/lib/thumb/v7e-m+fp/hard/libg_nano.a(lib_a-mprec.o)
                0x000000000800b246                __mdiff
 .text.__ulp    0x000000000800b300       0x4c /app/eclipse/tools/ToolchainGNUARMEmbedded/gcc-arm-none-eabi-8-2019-q3-update/bin/../lib/gcc/arm-none-eabi/8.3.1/../../../../arm-none-eabi/lib/thumb/v7e-m+fp/hard/libg_nano.a(lib_a-mprec.o)
                0x000000000800b300                __ulp
 .text.__b2d    0x000000000800b34c       0xa0 /app/eclipse/tools/ToolchainGNUARMEmbedded/gcc-arm-none-eabi-8-2019-q3-update/bin/../lib/gcc/arm-none-eabi/8.3.1/../../../../arm-none-eabi/lib/thumb/v7e-m+fp/hard/libg_nano.a(lib_a-mprec.o)
                0x000000000800b34c                __b2d
 .text.__d2b    0x000000000800b3ec       0x9c /app/eclipse/tools/ToolchainGNUARMEmbedded/gcc-arm-none-eabi-8-2019-q3-update/bin/../lib/gcc/arm-none-eabi/8.3.1/../../../../arm-none-eabi/lib/thumb/v7e-m+fp/hard/libg_nano.a(lib_a-mprec.o)
                0x000000000800b3ec                __d2b
 .text.__ratio  0x000000000800b488       0x66 /app/eclipse/tools/ToolchainGNUARMEmbedded/gcc-arm-none-eabi-8-2019-q3-update/bin/../lib/gcc/arm-none-eabi/8.3.1/../../../../arm-none-eabi/lib/thumb/v7e-m+fp/hard/libg_nano.a(lib_a-mprec.o)
                0x000000000800b488                __ratio
 .text.__copybits
                0x000000000800b4ee       0x34 /app/eclipse/tools/ToolchainGNUARMEmbedded/gcc-arm-none-eabi-8-2019-q3-update/bin/../lib/gcc/arm-none-eabi/8.3.1/../../../../arm-none-eabi/lib/thumb/v7e-m+fp/hard/libg_nano.a(lib_a-mprec.o)
                0x000000000800b4ee                __copybits
 .text.__any_on
                0x000000000800b522       0x42 /app/eclipse/tools/ToolchainGNUARMEmbedded/gcc-arm-none-eabi-8-2019-q3-update/bin/../lib/gcc/arm-none-eabi/8.3.1/../../../../arm-none-eabi/lib/thumb/v7e-m+fp/hard/libg_nano.a(lib_a-mprec.o)
                0x000000000800b522                __any_on
 .text._calloc_r
                0x000000000800b564       0x1c /app/eclipse/tools/ToolchainGNUARMEmbedded/gcc-arm-none-eabi-8-2019-q3-update/bin/../lib/gcc/arm-none-eabi/8.3.1/../../../../arm-none-eabi/lib/thumb/v7e-m+fp/hard/libg_nano.a(lib_a-nano-callocr.o)
                0x000000000800b564                _calloc_r
 .text._realloc_r
                0x000000000800b580       0x4c /app/eclipse/tools/ToolchainGNUARMEmbedded/gcc-arm-none-eabi-8-2019-q3-update/bin/../lib/gcc/arm-none-eabi/8.3.1/../../../../arm-none-eabi/lib/thumb/v7e-m+fp/hard/libg_nano.a(lib_a-nano-reallocr.o)
                0x000000000800b580                _realloc_r
 .text.__ssputs_r
                0x000000000800b5cc       0xb6 /app/eclipse/tools/ToolchainGNUARMEmbedded/gcc-arm-none-eabi-8-2019-q3-update/bin/../lib/gcc/arm-none-eabi/8.3.1/../../../../arm-none-eabi/lib/thumb/v7e-m+fp/hard/libg_nano.a(lib_a-nano-svfprintf.o)
                0x000000000800b5cc                __ssputs_r
 *fill*         0x000000000800b682        0x2 
 .text._svfprintf_r
                0x000000000800b684      0x1f0 /app/eclipse/tools/ToolchainGNUARMEmbedded/gcc-arm-none-eabi-8-2019-q3-update/bin/../lib/gcc/arm-none-eabi/8.3.1/../../../../arm-none-eabi/lib/thumb/v7e-m+fp/hard/libg_nano.a(lib_a-nano-svfprintf.o)
                0x000000000800b684                _svfprintf_r
                0x000000000800b684                _svfiprintf_r
 .text._read_r  0x000000000800b874       0x24 /app/eclipse/tools/ToolchainGNUARMEmbedded/gcc-arm-none-eabi-8-2019-q3-update/bin/../lib/gcc/arm-none-eabi/8.3.1/../../../../arm-none-eabi/lib/thumb/v7e-m+fp/hard/libg_nano.a(lib_a-readr.o)
                0x000000000800b874                _read_r
 .text.__srget_r
                0x000000000800b898       0x58 /app/eclipse/tools/ToolchainGNUARMEmbedded/gcc-arm-none-eabi-8-2019-q3-update/bin/../lib/gcc/arm-none-eabi/8.3.1/../../../../arm-none-eabi/lib/thumb/v7e-m+fp/hard/libg_nano.a(lib_a-rget.o)
                0x000000000800b898                __srget_r
 .text.nan      0x000000000800b8f0       0x10 /app/eclipse/tools/ToolchainGNUARMEmbedded/gcc-arm-none-eabi-8-2019-q3-update/bin/../lib/gcc/arm-none-eabi/8.3.1/../../../../arm-none-eabi/lib/thumb/v7e-m+fp/hard/libg_nano.a(lib_a-s_nan.o)
                0x000000000800b8f0                nan
 .text.strncmp  0x000000000800b900       0x24 /app/eclipse/tools/ToolchainGNUARMEmbedded/gcc-arm-none-eabi-8-2019-q3-update/bin/../lib/gcc/arm-none-eabi/8.3.1/../../../../arm-none-eabi/lib/thumb/v7e-m+fp/hard/libg_nano.a(lib_a-strncmp.o)
                0x000000000800b900                strncmp
 .text.__ascii_wctomb
                0x000000000800b924       0x1a /app/eclipse/tools/ToolchainGNUARMEmbedded/gcc-arm-none-eabi-8-2019-q3-update/bin/../lib/gcc/arm-none-eabi/8.3.1/../../../../arm-none-eabi/lib/thumb/v7e-m+fp/hard/libg_nano.a(lib_a-wctomb_r.o)
                0x000000000800b924                __ascii_wctomb
 .text.memmove  0x000000000800b93e       0x34 /app/eclipse/tools/ToolchainGNUARMEmbedded/gcc-arm-none-eabi-8-2019-q3-update/bin/../lib/gcc/arm-none-eabi/8.3.1/../../../../arm-none-eabi/lib/thumb/v7e-m+fp/hard/libg_nano.a(lib_a-memmove.o)
                0x000000000800b93e                memmove
 .text._malloc_usable_size_r
                0x000000000800b972       0x10 /app/eclipse/tools/ToolchainGNUARMEmbedded/gcc-arm-none-eabi-8-2019-q3-update/bin/../lib/gcc/arm-none-eabi/8.3.1/../../../../arm-none-eabi/lib/thumb/v7e-m+fp/hard/libg_nano.a(lib_a-nano-msizer.o)
                0x000000000800b972                _malloc_usable_size_r
 *fill*         0x000000000800b982        0x2 
 .text          0x000000000800b984      0x110 /app/eclipse/tools/ToolchainGNUARMEmbedded/gcc-arm-none-eabi-8-2019-q3-update/bin/../lib/gcc/arm-none-eabi/8.3.1/thumb/v7e-m+fp/hard/libgcc.a(_arm_cmpdf2.o)
                0x000000000800b984                __gtdf2
                0x000000000800b984                __gedf2
                0x000000000800b98c                __ltdf2
                0x000000000800b98c                __ledf2
                0x000000000800b994                __cmpdf2
                0x000000000800b994                __eqdf2
                0x000000000800b994                __nedf2
                0x000000000800ba10                __aeabi_cdrcmple
                0x000000000800ba20                __aeabi_cdcmple
                0x000000000800ba20                __aeabi_cdcmpeq
                0x000000000800ba30                __aeabi_dcmpeq
                0x000000000800ba44                __aeabi_dcmplt
                0x000000000800ba58                __aeabi_dcmple
                0x000000000800ba6c                __aeabi_dcmpge
                0x000000000800ba80                __aeabi_dcmpgt
 .text          0x000000000800ba94       0x2c /app/eclipse/tools/ToolchainGNUARMEmbedded/gcc-arm-none-eabi-8-2019-q3-update/bin/../lib/gcc/arm-none-eabi/8.3.1/thumb/v7e-m+fp/hard/libgcc.a(_arm_unorddf2.o)
                0x000000000800ba94                __aeabi_dcmpun
                0x000000000800ba94                __unorddf2
 .text          0x000000000800bac0       0x40 /app/eclipse/tools/ToolchainGNUARMEmbedded/gcc-arm-none-eabi-8-2019-q3-update/bin/../lib/gcc/arm-none-eabi/8.3.1/thumb/v7e-m+fp/hard/libgcc.a(_arm_fixunsdfsi.o)
                0x000000000800bac0                __fixunsdfsi
                0x000000000800bac0                __aeabi_d2uiz
 .text          0x000000000800bb00       0x30 /app/eclipse/tools/ToolchainGNUARMEmbedded/gcc-arm-none-eabi-8-2019-q3-update/bin/../lib/gcc/arm-none-eabi/8.3.1/thumb/v7e-m+fp/hard/libgcc.a(_fixdfdi.o)
                0x000000000800bb00                __aeabi_d2lz
                0x000000000800bb00                __fixdfdi
 .text          0x000000000800bb30       0x3c /app/eclipse/tools/ToolchainGNUARMEmbedded/gcc-arm-none-eabi-8-2019-q3-update/bin/../lib/gcc/arm-none-eabi/8.3.1/thumb/v7e-m+fp/hard/libgcc.a(_fixunsdfdi.o)
                0x000000000800bb30                __aeabi_d2ulz
                0x000000000800bb30                __fixunsdfdi
 *(.rodata .rodata.* .constdata .constdata.*)
 .rodata.HAL_NVIC_SetPriorityGrouping.str1.4
                0x000000000800bb6c       0x31 ./system/src/stm32f4-hal/stm32f4xx_hal_cortex.o
 *fill*         0x000000000800bb9d        0x3 
 .rodata.HAL_DMA_Init.str1.4
                0x000000000800bba0       0x2e ./system/src/stm32f4-hal/stm32f4xx_hal_dma.o
 *fill*         0x000000000800bbce        0x2 
 .rodata.flagBitshiftOffset.11887
                0x000000000800bbd0        0x8 ./system/src/stm32f4-hal/stm32f4xx_hal_dma.o
 .rodata.HAL_GPIO_Init.str1.4
                0x000000000800bbd8       0x2f ./system/src/stm32f4-hal/stm32f4xx_hal_gpio.o
 *fill*         0x000000000800bc07        0x1 
 .rodata.HAL_I2S_Init.str1.4
                0x000000000800bc08       0x31 ./system/src/stm32f4-hal/stm32f4xx_hal_i2s_ex.o
 *fill*         0x000000000800bc39        0x3 
 .rodata.APBAHBPrescTable
                0x000000000800bc3c       0x10 ./system/src/stm32f4-hal/stm32f4xx_hal_rcc.o
                0x000000000800bc3c                APBAHBPrescTable
 .rodata.HAL_RCC_OscConfig.str1.4
                0x000000000800bc4c       0x2e ./system/src/stm32f4-hal/stm32f4xx_hal_rcc.o
 *fill*         0x000000000800bc7a        0x2 
 .rodata.HAL_RCCEx_PeriphCLKConfig.str1.4
                0x000000000800bc7c       0x31 ./system/src/stm32f4-hal/stm32f4xx_hal_rcc_ex.o
 *fill*         0x000000000800bcad        0x3 
 .rodata.HAL_SPI_Init.str1.4
                0x000000000800bcb0       0x2e ./system/src/stm32f4-hal/stm32f4xx_hal_spi.o
 *fill*         0x000000000800bcde        0x2 
 .rodata.abort.str1.4
                0x000000000800bce0       0x14 ./system/src/newlib/_exit.o
 .rodata.initialise_monitor_handles.str1.4
                0x000000000800bcf4        0x4 ./system/src/newlib/_syscalls.o
 .rodata.assert_failed.str1.4
                0x000000000800bcf8       0x2b ./system/src/newlib/assert.o
 .rodata.trace_puts.str1.4
                0x000000000800bd23       0x2b ./system/src/diag/Trace.o
                                          0x2 (size before relaxing)
 *fill*         0x000000000800bd23        0x1 
 .rodata.dumpExceptionStack.str1.4
                0x000000000800bd24      0x11a ./system/src/cortexm/exception_handlers.o
 .rodata.isSemihosting.str1.4
                0x000000000800be3e        0x4 ./system/src/cortexm/exception_handlers.o
 *fill*         0x000000000800be3e        0x2 
 .rodata.str1.4
                0x000000000800be40       0x2a ./system/src/cortexm/exception_handlers.o
 *fill*         0x000000000800be6a        0x2 
 .rodata.AHBPrescTable
                0x000000000800be6c       0x10 ./system/src/cmsis/system_stm32f4xx.o
                0x000000000800be6c                AHBPrescTable
 .rodata.FLLFRatioGain
                0x000000000800be7c       0x3c ./system/src/Components/wm5102/wm5102.o
                0x000000000800be7c                FLLFRatioGain
 .rodata.SampleRateConfig
                0x000000000800beb8       0x50 ./system/src/Components/wm5102/wm5102.o
                0x000000000800beb8                SampleRateConfig
 .rodata.firCoeffs32
                0x000000000800bf08       0x18 ./src/main.o
                0x000000000800bf08                firCoeffs32
 .rodata.firCoeffsQ15
                0x000000000800bf20        0xc ./src/main.o
                0x000000000800bf20                firCoeffsQ15
 .rodata.main.str1.4
                0x000000000800bf2c       0xed ./src/main.o
                                         0xf1 (size before relaxing)
 *fill*         0x000000000800c019        0x3 
 .rodata.HAL_GPIO_EXTI_Callback.str1.4
                0x000000000800c01c       0x49 ./src/tests.o
 *fill*         0x000000000800c065        0x3 
 .rodata.TEST_GetEQGains.str1.4
                0x000000000800c068       0x3a ./src/tests.o
 *fill*         0x000000000800c0a2        0x2 
 .rodata.TestDesc
                0x000000000800c0a4       0x88 ./src/tests.o
 .rodata.str1.4
                0x000000000800c12c      0x179 ./src/tests.o
 *fill*         0x000000000800c2a5        0x3 
 .rodata.utilsGetOption.str1.4
                0x000000000800c2a8        0x4 ./src/utils.o
                                          0x7 (size before relaxing)
 .rodata.I2SFreq
                0x000000000800c2ac       0x20 ./src/wolfson_pi_audio.o
                0x000000000800c2ac                I2SFreq
 .rodata.I2SPLLN
                0x000000000800c2cc       0x20 ./src/wolfson_pi_audio.o
                0x000000000800c2cc                I2SPLLN
 .rodata.I2SPLLR
                0x000000000800c2ec       0x20 ./src/wolfson_pi_audio.o
                0x000000000800c2ec                I2SPLLR
 .rodata._ctype_
                0x000000000800c30c      0x101 /app/eclipse/tools/ToolchainGNUARMEmbedded/gcc-arm-none-eabi-8-2019-q3-update/bin/../lib/gcc/arm-none-eabi/8.3.1/../../../../arm-none-eabi/lib/thumb/v7e-m+fp/hard/libg_nano.a(lib_a-ctype_.o)
                0x000000000800c30c                _ctype_
 *fill*         0x000000000800c40d        0x3 
 .rodata.__sf_fake_stderr
                0x000000000800c410       0x20 /app/eclipse/tools/ToolchainGNUARMEmbedded/gcc-arm-none-eabi-8-2019-q3-update/bin/../lib/gcc/arm-none-eabi/8.3.1/../../../../arm-none-eabi/lib/thumb/v7e-m+fp/hard/libg_nano.a(lib_a-findfp.o)
                0x000000000800c410                __sf_fake_stderr
 .rodata.__sf_fake_stdin
                0x000000000800c430       0x20 /app/eclipse/tools/ToolchainGNUARMEmbedded/gcc-arm-none-eabi-8-2019-q3-update/bin/../lib/gcc/arm-none-eabi/8.3.1/../../../../arm-none-eabi/lib/thumb/v7e-m+fp/hard/libg_nano.a(lib_a-findfp.o)
                0x000000000800c430                __sf_fake_stdin
 .rodata.__sf_fake_stdout
                0x000000000800c450       0x20 /app/eclipse/tools/ToolchainGNUARMEmbedded/gcc-arm-none-eabi-8-2019-q3-update/bin/../lib/gcc/arm-none-eabi/8.3.1/../../../../arm-none-eabi/lib/thumb/v7e-m+fp/hard/libg_nano.a(lib_a-findfp.o)
                0x000000000800c450                __sf_fake_stdout
 .rodata._global_impure_ptr
                0x000000000800c470        0x4 /app/eclipse/tools/ToolchainGNUARMEmbedded/gcc-arm-none-eabi-8-2019-q3-update/bin/../lib/gcc/arm-none-eabi/8.3.1/../../../../arm-none-eabi/lib/thumb/v7e-m+fp/hard/libg_nano.a(lib_a-impure.o)
                0x000000000800c470                _global_impure_ptr
 .rodata._printf_float.str1.1
                0x000000000800c474       0x10 /app/eclipse/tools/ToolchainGNUARMEmbedded/gcc-arm-none-eabi-8-2019-q3-update/bin/../lib/gcc/arm-none-eabi/8.3.1/../../../../arm-none-eabi/lib/thumb/v7e-m+fp/hard/libg_nano.a(lib_a-nano-vfprintf_float.o)
                                         0x12 (size before relaxing)
 .rodata._printf_i.str1.1
                0x000000000800c484       0x22 /app/eclipse/tools/ToolchainGNUARMEmbedded/gcc-arm-none-eabi-8-2019-q3-update/bin/../lib/gcc/arm-none-eabi/8.3.1/../../../../arm-none-eabi/lib/thumb/v7e-m+fp/hard/libg_nano.a(lib_a-nano-vfprintf_i.o)
 .rodata.__svfscanf_r.str1.1
                0x000000000800c4a6        0x4 /app/eclipse/tools/ToolchainGNUARMEmbedded/gcc-arm-none-eabi-8-2019-q3-update/bin/../lib/gcc/arm-none-eabi/8.3.1/../../../../arm-none-eabi/lib/thumb/v7e-m+fp/hard/libg_nano.a(lib_a-nano-vfscanf.o)